[2026-05-06 04:12:56,108] MacBook-Air/INFO/locust.main: Starting Locust 2.39.1
[2026-05-06 04:12:56,108] MacBook-Air/INFO/locust.main: Run time limit set to 300 seconds
Type     Name                                                                          # reqs      # fails |    Avg     Min     Max    Med |   req/s  failures/s
--------|----------------------------------------------------------------------------|-------|-------------|-------|-------|-------|-------|--------|-----------
--------|----------------------------------------------------------------------------|-------|-------------|-------|-------|-------|-------|--------|-----------
         Aggregated                                                                         0     0(0.00%) |      0       0       0      0 |    0.00        0.00

[2026-05-06 04:12:56,110] MacBook-Air/INFO/locust.runners: Ramping to 1000 users at a rate of 100.00 per second
Type     Name                                                                          # reqs      # fails |    Avg     Min     Max    Med |   req/s  failures/s
--------|----------------------------------------------------------------------------|-------|-------------|-------|-------|-------|-------|--------|-----------
POST     /query::adversarial                                                               27     0(0.00%) |    292       7    1154    240 |    0.00        0.00
POST     /query::government                                                                87     0(0.00%) |    270       4    1113    240 |    0.00        0.00
POST     /query::researcher                                                               283     0(0.00%) |    160       5    1145     73 |    0.00        0.00
GET      /stats::adversarial                                                                6     0(0.00%) |    297       5    1026    230 |    0.00        0.00
--------|----------------------------------------------------------------------------|-------|-------------|-------|-------|-------|-------|--------|-----------
         Aggregated                                                                       403     0(0.00%) |    194       4    1154    160 |    0.00        0.00

Type     Name                                                                          # reqs      # fails |    Avg     Min     Max    Med |   req/s  failures/s
--------|----------------------------------------------------------------------------|-------|-------------|-------|-------|-------|-------|--------|-----------
POST     /query::adversarial                                                               51     0(0.00%) |    575       7    1868    330 |   12.50        0.00
POST     /query::government                                                               176     0(0.00%) |    687       4    1934    380 |   42.00        0.00
POST     /query::researcher                                                               491     0(0.00%) |    381       5    1862    230 |  132.50        0.00
GET      /stats::adversarial                                                               11     0(0.00%) |    605       5    1861    380 |    2.50        0.00
--------|----------------------------------------------------------------------------|-------|-------------|-------|-------|-------|-------|--------|-----------
         Aggregated                                                                       729     0(0.00%) |    472       4    1934    260 |  189.50        0.00

Type     Name                                                                          # reqs      # fails |    Avg     Min     Max    Med |   req/s  failures/s
--------|----------------------------------------------------------------------------|-------|-------------|-------|-------|-------|-------|--------|-----------
POST     /query::adversarial                                                               91     0(0.00%) |    919       7    2748    870 |   10.50        0.00
POST     /query::government                                                               282     0(0.00%) |    793       4    1934    610 |   32.25        0.00
POST     /query::researcher                                                               815     0(0.00%) |    699       5    2741    410 |  113.25        0.00
GET      /stats::adversarial                                                               13     0(0.00%) |    795       5    2581    480 |    2.25        0.00
--------|----------------------------------------------------------------------------|-------|-------------|-------|-------|-------|-------|--------|-----------
         Aggregated                                                                      1201     0(0.00%) |    739       4    2748    480 |  158.25        0.00

Type     Name                                                                          # reqs      # fails |    Avg     Min     Max    Med |   req/s  failures/s
--------|----------------------------------------------------------------------------|-------|-------------|-------|-------|-------|-------|--------|-----------
POST     /query::adversarial                                                              109     0(0.00%) |    956       7    2748    940 |   12.33        0.00
POST     /query::government                                                               348     0(0.00%) |    981       4    3942    720 |   36.00        0.00
POST     /query::researcher                                                              1027     0(0.00%) |    771       5    3893    500 |  107.50        0.00
GET      /stats::adversarial                                                               17     0(0.00%) |    783       5    2581    590 |    2.00        0.00
--------|----------------------------------------------------------------------------|-------|-------------|-------|-------|-------|-------|--------|-----------
         Aggregated                                                                      1501     0(0.00%) |    833       4    3942    650 |  157.83        0.00

[2026-05-06 04:13:07,123] MacBook-Air/INFO/locust.runners: All users spawned: {"C4AdversarialUser": 100, "C4FastPathUser": 600, "C4FullPathUser": 300} (1000 total users)
Type     Name                                                                          # reqs      # fails |    Avg     Min     Max    Med |   req/s  failures/s
--------|----------------------------------------------------------------------------|-------|-------------|-------|-------|-------|-------|--------|-----------
POST     /query::adversarial                                                              154     0(0.00%) |   1106       7    4303    910 |   12.00        0.00
POST     /query::government                                                               562     0(0.00%) |   1090       4    4830    750 |   40.00        0.00
POST     /query::researcher                                                              1584     0(0.00%) |    875       5    4633    540 |  121.88        0.00
GET      /stats::adversarial                                                               31     0(0.00%) |   1045       5    4333    730 |    2.00        0.00
--------|----------------------------------------------------------------------------|-------|-------------|-------|-------|-------|-------|--------|-----------
         Aggregated                                                                      2331     0(0.00%) |    944       4    4830    670 |  175.88        0.00

Type     Name                                                                          # reqs      # fails |    Avg     Min     Max    Med |   req/s  failures/s
--------|----------------------------------------------------------------------------|-------|-------------|-------|-------|-------|-------|--------|-----------
POST     /query::adversarial                                                              197     0(0.00%) |   1379       7    5775   1100 |   14.80        0.00
POST     /query::government                                                               737     0(0.00%) |   1200       4    4830   1100 |   53.40        0.00
POST     /query::researcher                                                              1959     0(0.00%) |   1034       5    7102    870 |  150.70        0.00
GET      /stats::adversarial                                                               40     0(0.00%) |   1128       5    4333    960 |    3.10        0.00
--------|----------------------------------------------------------------------------|-------|-------------|-------|-------|-------|-------|--------|-----------
         Aggregated                                                                      2933     0(0.00%) |   1100       4    7102    970 |  222.00        0.00

Type     Name                                                                          # reqs      # fails |    Avg     Min     Max    Med |   req/s  failures/s
--------|----------------------------------------------------------------------------|-------|-------------|-------|-------|-------|-------|--------|-----------
POST     /query::adversarial                                                              289     0(0.00%) |   1483       7    6447    960 |   15.80        0.00
POST     /query::government                                                              1059     0(0.00%) |   1208       4    7584    720 |   58.30        0.00
POST     /query::researcher                                                              2844     0(0.00%) |   1071       5    7539    550 |  146.70        0.00
GET      /stats::adversarial                                                               55     0(0.00%) |   1084       5    6001    790 |    2.80        0.00
--------|----------------------------------------------------------------------------|-------|-------------|-------|-------|-------|-------|--------|-----------
         Aggregated                                                                      4247     0(0.00%) |   1133       4    7584    610 |  223.60        0.00

Type     Name                                                                          # reqs      # fails |    Avg     Min     Max    Med |   req/s  failures/s
--------|----------------------------------------------------------------------------|-------|-------------|-------|-------|-------|-------|--------|-----------
POST     /query::adversarial                                                              340     0(0.00%) |   1445       7    9151    720 |   23.80        0.00
POST     /query::government                                                              1264     0(0.00%) |   1285       4    9946    670 |   92.90        0.00
POST     /query::researcher                                                              3378     0(0.00%) |   1119       5    7539    590 |  237.50        0.00
GET      /stats::adversarial                                                               66     0(0.00%) |   1291       5    9150    710 |    4.90        0.00
--------|----------------------------------------------------------------------------|-------|-------------|-------|-------|-------|-------|--------|-----------
         Aggregated                                                                      5048     0(0.00%) |   1185       4    9946    610 |  359.10        0.00

Type     Name                                                                          # reqs      # fails |    Avg     Min     Max    Med |   req/s  failures/s
--------|----------------------------------------------------------------------------|-------|-------------|-------|-------|-------|-------|--------|-----------
POST     /query::adversarial                                                              407     5(1.23%) |   1838       7    9972   1100 |   22.00        0.00
POST     /query::government                                                              1506    23(1.53%) |   1575       4    9946    990 |   83.20        0.40
POST     /query::researcher                                                              3900    40(1.03%) |   1448       5   12155    710 |  216.60        0.00
GET      /stats::adversarial                                                               85     2(2.35%) |   1699       5    9150   1100 |    4.60        0.00
--------|----------------------------------------------------------------------------|-------|-------------|-------|-------|-------|-------|--------|-----------
         Aggregated                                                                      5898    70(1.19%) |   1511       4   12155    800 |  326.40        0.40

Type     Name                                                                          # reqs      # fails |    Avg     Min     Max    Med |   req/s  failures/s
--------|----------------------------------------------------------------------------|-------|-------------|-------|-------|-------|-------|--------|-----------
POST     /query::adversarial                                                              473    14(2.96%) |   1844       7   12056   1200 |   21.40        0.50
POST     /query::government                                                              1765    44(2.49%) |   1695       4   13354   1200 |   81.70        2.30
POST     /query::researcher                                                              4554    50(1.10%) |   1541       5   13184   1100 |  208.30        4.00
GET      /stats::adversarial                                                              102     3(2.94%) |   1667       5    9150   1200 |    4.80        0.20
--------|----------------------------------------------------------------------------|-------|-------------|-------|-------|-------|-------|--------|-----------
         Aggregated                                                                      6894   111(1.61%) |   1603       4   13354   1200 |  316.20        7.00

Type     Name                                                                          # reqs      # fails |    Avg     Min     Max    Med |   req/s  failures/s
--------|----------------------------------------------------------------------------|-------|-------------|-------|-------|-------|-------|--------|-----------
POST     /query::adversarial                                                              549    14(2.55%) |   1931       7   15401   1200 |   18.30        1.40
POST     /query::government                                                              2031    44(2.17%) |   1623       4   13354   1200 |   71.70        4.40
POST     /query::researcher                                                              5338    50(0.94%) |   1577       5   15992   1100 |  166.80        5.00
GET      /stats::adversarial                                                              118     3(2.54%) |   1730       5   15223   1200 |    5.10        0.30
--------|----------------------------------------------------------------------------|-------|-------------|-------|-------|-------|-------|--------|-----------
         Aggregated                                                                      8036   111(1.38%) |   1615       4   15992   1100 |  261.90       11.10

Type     Name                                                                          # reqs      # fails |    Avg     Min     Max    Med |   req/s  failures/s
--------|----------------------------------------------------------------------------|-------|-------------|-------|-------|-------|-------|--------|-----------
POST     /query::adversarial                                                              641    14(2.18%) |   1815       7   15401   1100 |   21.00        1.40
POST     /query::government                                                              2357    44(1.87%) |   1670       4   16451   1000 |   77.30        4.40
POST     /query::researcher                                                              6171    50(0.81%) |   1513       5   16255    940 |  177.70        5.00
GET      /stats::adversarial                                                              128     3(2.34%) |   1710       5   15223   1200 |    5.30        0.30
--------|----------------------------------------------------------------------------|-------|-------------|-------|-------|-------|-------|--------|-----------
         Aggregated                                                                      9297   111(1.19%) |   1576       4   16451    990 |  281.30       11.10

Type     Name                                                                          # reqs      # fails |    Avg     Min     Max    Med |   req/s  failures/s
--------|----------------------------------------------------------------------------|-------|-------------|-------|-------|-------|-------|--------|-----------
POST     /query::adversarial                                                              705    14(1.99%) |   1778       7   15401   1100 |   27.90        1.40
POST     /query::government                                                              2603    44(1.69%) |   1626       4   16451    970 |  101.90        4.00
POST     /query::researcher                                                              6806    50(0.73%) |   1467       5   16255    900 |  256.20        5.00
GET      /stats::adversarial                                                              140     3(2.14%) |   1682       5   15223   1100 |    5.40        0.30
--------|----------------------------------------------------------------------------|-------|-------------|-------|-------|-------|-------|--------|-----------
         Aggregated                                                                     10254   111(1.08%) |   1532       4   16451    940 |  391.40       10.70

Type     Name                                                                          # reqs      # fails |    Avg     Min     Max    Med |   req/s  failures/s
--------|----------------------------------------------------------------------------|-------|-------------|-------|-------|-------|-------|--------|-----------
POST     /query::adversarial                                                              791    14(1.77%) |   1791       7   15401   1200 |   30.90        1.40
POST     /query::government                                                              2908    44(1.51%) |   1639       4   16451   1100 |  113.80        3.90
POST     /query::researcher                                                              7510    50(0.67%) |   1492       5   16255   1000 |  300.10        5.00
GET      /stats::adversarial                                                              157     3(1.91%) |   1675       5   15223   1200 |    5.70        0.30
--------|----------------------------------------------------------------------------|-------|-------------|-------|-------|-------|-------|--------|-----------
         Aggregated                                                                     11366   111(0.98%) |   1553       4   16451   1000 |  450.50       10.60

Type     Name                                                                          # reqs      # fails |    Avg     Min     Max    Med |   req/s  failures/s
--------|----------------------------------------------------------------------------|-------|-------------|-------|-------|-------|-------|--------|-----------
POST     /query::adversarial                                                              897    14(1.56%) |   1669       7   15401   1100 |   32.30        0.00
POST     /query::government                                                              3305    44(1.33%) |   1530       4   16451   1000 |  116.50        0.00
POST     /query::researcher                                                              8533    50(0.59%) |   1398       5   16255    930 |  308.70        0.00
GET      /stats::adversarial                                                              182     3(1.65%) |   1538       5   15223   1100 |    5.50        0.00
--------|----------------------------------------------------------------------------|-------|-------------|-------|-------|-------|-------|--------|-----------
         Aggregated                                                                     12917   111(0.86%) |   1453       4   16451    960 |  463.00        0.00

Type     Name                                                                          # reqs      # fails |    Avg     Min     Max    Med |   req/s  failures/s
--------|----------------------------------------------------------------------------|-------|-------------|-------|-------|-------|-------|--------|-----------
POST     /query::adversarial                                                              914    14(1.53%) |   1665       7   15401   1100 |   35.00        0.00
POST     /query::government                                                              3404    44(1.29%) |   1528       4   16451   1000 |  127.60        0.00
POST     /query::researcher                                                              8812    50(0.57%) |   1402       5   16255    950 |  337.60        0.00
GET      /stats::adversarial                                                              187     3(1.60%) |   1537       5   15223   1100 |    6.50        0.00
--------|----------------------------------------------------------------------------|-------|-------------|-------|-------|-------|-------|--------|-----------
         Aggregated                                                                     13317   111(0.83%) |   1454       4   16451    980 |  506.70        0.00

Type     Name                                                                          # reqs      # fails |    Avg     Min     Max    Med |   req/s  failures/s
--------|----------------------------------------------------------------------------|-------|-------------|-------|-------|-------|-------|--------|-----------
POST     /query::adversarial                                                              994    14(1.41%) |   1736       7   15401   1100 |   27.30        0.00
POST     /query::government                                                              3684    44(1.19%) |   1596       4   16451   1100 |  104.70        0.00
POST     /query::researcher                                                              9415    50(0.53%) |   1464       5   16255   1000 |  264.10        0.00
GET      /stats::adversarial                                                              202     3(1.49%) |   1613       5   15223   1100 |    5.90        0.00
--------|----------------------------------------------------------------------------|-------|-------------|-------|-------|-------|-------|--------|-----------
         Aggregated                                                                     14295   111(0.78%) |   1519       4   16451   1000 |  402.00        0.00

Type     Name                                                                          # reqs      # fails |    Avg     Min     Max    Med |   req/s  failures/s
--------|----------------------------------------------------------------------------|-------|-------------|-------|-------|-------|-------|--------|-----------
POST     /query::adversarial                                                             1075    14(1.30%) |   1761       7   15401   1200 |   27.40        0.00
POST     /query::government                                                              3942    44(1.12%) |   1621       4   16451   1200 |  103.00        0.00
POST     /query::researcher                                                              9980    50(0.50%) |   1498       5   16255   1100 |  248.30        0.00
GET      /stats::adversarial                                                              212     3(1.42%) |   1635       5   15223   1200 |    5.90        0.00
--------|----------------------------------------------------------------------------|-------|-------------|-------|-------|-------|-------|--------|-----------
         Aggregated                                                                     15209   111(0.73%) |   1550       4   16451   1100 |  384.60        0.00

Type     Name                                                                          # reqs      # fails |    Avg     Min     Max    Med |   req/s  failures/s
--------|----------------------------------------------------------------------------|-------|-------------|-------|-------|-------|-------|--------|-----------
POST     /query::adversarial                                                             1128    14(1.24%) |   1756       7   15401   1200 |   25.60        0.00
POST     /query::government                                                              4156    44(1.06%) |   1614       4   16451   1200 |   92.90        0.00
POST     /query::researcher                                                             10566    50(0.47%) |   1505       5   16255   1200 |  230.90        0.00
GET      /stats::adversarial                                                              226     3(1.33%) |   1619       5   15223   1200 |    5.30        0.00
--------|----------------------------------------------------------------------------|-------|-------------|-------|-------|-------|-------|--------|-----------
         Aggregated                                                                     16076   111(0.69%) |   1552       4   16451   1200 |  354.70        0.00

Type     Name                                                                          # reqs      # fails |    Avg     Min     Max    Med |   req/s  failures/s
--------|----------------------------------------------------------------------------|-------|-------------|-------|-------|-------|-------|--------|-----------
POST     /query::adversarial                                                             1233    14(1.14%) |   1675       7   15401   1200 |   20.70        0.00
POST     /query::government                                                              4527    44(0.97%) |   1545       4   16451   1100 |   76.90        0.00
POST     /query::researcher                                                             11461    50(0.44%) |   1442       5   16255   1000 |  190.00        0.00
GET      /stats::adversarial                                                              237     3(1.27%) |   1581       5   15223   1200 |    3.30        0.00
--------|----------------------------------------------------------------------------|-------|-------------|-------|-------|-------|-------|--------|-----------
         Aggregated                                                                     17458   111(0.64%) |   1487       4   16451   1100 |  290.90        0.00

Type     Name                                                                          # reqs      # fails |    Avg     Min     Max    Med |   req/s  failures/s
--------|----------------------------------------------------------------------------|-------|-------------|-------|-------|-------|-------|--------|-----------
POST     /query::adversarial                                                             1297    14(1.08%) |   1641       7   15401   1200 |   29.60        0.00
POST     /query::government                                                              4746    44(0.93%) |   1517       4   16451   1100 |  105.50        0.00
POST     /query::researcher                                                             12055    50(0.41%) |   1417       5   16255   1000 |  254.20        0.00
GET      /stats::adversarial                                                              256     3(1.17%) |   1527       5   15223   1100 |    5.00        0.00
--------|----------------------------------------------------------------------------|-------|-------------|-------|-------|-------|-------|--------|-----------
         Aggregated                                                                     18354   111(0.60%) |   1460       4   16451   1100 |  394.30        0.00

Type     Name                                                                          # reqs      # fails |    Avg     Min     Max    Med |   req/s  failures/s
--------|----------------------------------------------------------------------------|-------|-------------|-------|-------|-------|-------|--------|-----------
POST     /query::adversarial                                                             1336    14(1.05%) |   1662       7   15401   1200 |   31.20        0.00
POST     /query::government                                                              4896    44(0.90%) |   1540       4   16451   1100 |  110.80        0.00
POST     /query::researcher                                                             12427    50(0.40%) |   1440       5   16255   1100 |  277.30        0.00
GET      /stats::adversarial                                                              263     3(1.14%) |   1560       5   15223   1200 |    5.50        0.00
--------|----------------------------------------------------------------------------|-------|-------------|-------|-------|-------|-------|--------|-----------
         Aggregated                                                                     18922   111(0.59%) |   1483       4   16451   1100 |  424.80        0.00

Type     Name                                                                          # reqs      # fails |    Avg     Min     Max    Med |   req/s  failures/s
--------|----------------------------------------------------------------------------|-------|-------------|-------|-------|-------|-------|--------|-----------
POST     /query::adversarial                                                             1388    14(1.01%) |   1694       7   15401   1200 |   29.60        0.00
POST     /query::government                                                              5118    44(0.86%) |   1573       4   16451   1200 |  112.60        0.00
POST     /query::researcher                                                             12959    50(0.39%) |   1471       5   16255   1100 |  272.10        0.00
GET      /stats::adversarial                                                              282     3(1.06%) |   1606       5   15223   1200 |    5.60        0.00
--------|----------------------------------------------------------------------------|-------|-------------|-------|-------|-------|-------|--------|-----------
         Aggregated                                                                     19747   111(0.56%) |   1515       4   16451   1200 |  419.90        0.00

Type     Name                                                                          # reqs      # fails |    Avg     Min     Max    Med |   req/s  failures/s
--------|----------------------------------------------------------------------------|-------|-------------|-------|-------|-------|-------|--------|-----------
POST     /query::adversarial                                                             1461    14(0.96%) |   1675       7   15401   1200 |   28.90        0.00
POST     /query::government                                                              5396    44(0.82%) |   1559       4   16451   1200 |  107.30        0.00
POST     /query::researcher                                                             13597    50(0.37%) |   1463       5   16255   1100 |  262.10        0.00
GET      /stats::adversarial                                                              302     3(0.99%) |   1585       5   15223   1200 |    6.80        0.00
--------|----------------------------------------------------------------------------|-------|-------------|-------|-------|-------|-------|--------|-----------
         Aggregated                                                                     20756   111(0.53%) |   1505       4   16451   1200 |  405.10        0.00

Type     Name                                                                          # reqs      # fails |    Avg     Min     Max    Med |   req/s  failures/s
--------|----------------------------------------------------------------------------|-------|-------------|-------|-------|-------|-------|--------|-----------
POST     /query::adversarial                                                             1528    14(0.92%) |   1693       7   15401   1200 |   25.40        0.00
POST     /query::government                                                              5658    44(0.78%) |   1584       4   16451   1200 |   95.90        0.00
POST     /query::researcher                                                             14089    50(0.35%) |   1486       5   16255   1200 |  224.90        0.00
GET      /stats::adversarial                                                              325     3(0.92%) |   1619       5   15223   1300 |    6.50        0.00
--------|----------------------------------------------------------------------------|-------|-------------|-------|-------|-------|-------|--------|-----------
         Aggregated                                                                     21600   111(0.51%) |   1528       4   16451   1200 |  352.70        0.00

Type     Name                                                                          # reqs      # fails |    Avg     Min     Max    Med |   req/s  failures/s
--------|----------------------------------------------------------------------------|-------|-------------|-------|-------|-------|-------|--------|-----------
POST     /query::adversarial                                                             1568    14(0.89%) |   1693       7   15401   1300 |   23.10        0.00
POST     /query::government                                                              5862    44(0.75%) |   1585       4   16451   1300 |   91.20        0.00
POST     /query::researcher                                                             14678    50(0.34%) |   1490       5   16255   1200 |  203.40        0.00
GET      /stats::adversarial                                                              335     3(0.90%) |   1621       5   15223   1400 |    6.90        0.00
--------|----------------------------------------------------------------------------|-------|-------------|-------|-------|-------|-------|--------|-----------
         Aggregated                                                                     22443   111(0.49%) |   1531       4   16451   1200 |  324.60        0.00

Type     Name                                                                          # reqs      # fails |    Avg     Min     Max    Med |   req/s  failures/s
--------|----------------------------------------------------------------------------|-------|-------------|-------|-------|-------|-------|--------|-----------
POST     /query::adversarial                                                             1614    16(0.99%) |   1736       7   15401   1300 |   22.50        0.00
POST     /query::government                                                              5997    47(0.78%) |   1620       4   16451   1300 |   89.90        0.00
POST     /query::researcher                                                             14968    50(0.33%) |   1521       5   16255   1200 |  213.80        0.00
GET      /stats::adversarial                                                              347     3(0.86%) |   1674       5   15223   1400 |    6.90        0.00
--------|----------------------------------------------------------------------------|-------|-------------|-------|-------|-------|-------|--------|-----------
         Aggregated                                                                     22926   116(0.51%) |   1564       4   16451   1300 |  333.10        0.00

Type     Name                                                                          # reqs      # fails |    Avg     Min     Max    Med |   req/s  failures/s
--------|----------------------------------------------------------------------------|-------|-------------|-------|-------|-------|-------|--------|-----------
POST     /query::adversarial                                                             1687    18(1.07%) |   1744       7   15401   1400 |   21.90        0.10
POST     /query::government                                                              6283    55(0.88%) |   1635       4   16451   1300 |   87.10        0.30
POST     /query::researcher                                                             15633    50(0.32%) |   1542       5   16255   1300 |  200.30        0.00
GET      /stats::adversarial                                                              371     4(1.08%) |   1671       5   15223   1400 |    6.50        0.00
--------|----------------------------------------------------------------------------|-------|-------------|-------|-------|-------|-------|--------|-----------
         Aggregated                                                                     23974   127(0.53%) |   1583       4   16451   1300 |  315.80        0.40

Type     Name                                                                          # reqs      # fails |    Avg     Min     Max    Med |   req/s  failures/s
--------|----------------------------------------------------------------------------|-------|-------------|-------|-------|-------|-------|--------|-----------
POST     /query::adversarial                                                             1726    18(1.04%) |   1745       7   15401   1400 |   22.30        0.40
POST     /query::government                                                              6473    55(0.85%) |   1636       4   16451   1300 |   88.20        1.10
POST     /query::researcher                                                             16133    50(0.31%) |   1545       5   16255   1300 |  202.90        0.00
GET      /stats::adversarial                                                              383     4(1.04%) |   1669       5   15223   1400 |    6.90        0.10
--------|----------------------------------------------------------------------------|-------|-------------|-------|-------|-------|-------|--------|-----------
         Aggregated                                                                     24715   127(0.51%) |   1585       4   16451   1300 |  320.30        1.60

Type     Name                                                                          # reqs      # fails |    Avg     Min     Max    Med |   req/s  failures/s
--------|----------------------------------------------------------------------------|-------|-------------|-------|-------|-------|-------|--------|-----------
POST     /query::adversarial                                                             1789    18(1.01%) |   1784       7   15401   1500 |   18.80        0.40
POST     /query::government                                                              6714    55(0.82%) |   1673       4   16451   1400 |   76.10        1.10
POST     /query::researcher                                                             16689    50(0.30%) |   1577       5   16255   1300 |  179.60        0.00
GET      /stats::adversarial                                                              402     4(1.00%) |   1716       5   15223   1500 |    5.10        0.10
--------|----------------------------------------------------------------------------|-------|-------------|-------|-------|-------|-------|--------|-----------
         Aggregated                                                                     25594   127(0.50%) |   1619       4   16451   1300 |  279.60        1.60

Type     Name                                                                          # reqs      # fails |    Avg     Min     Max    Med |   req/s  failures/s
--------|----------------------------------------------------------------------------|-------|-------------|-------|-------|-------|-------|--------|-----------
POST     /query::adversarial                                                             1889    18(0.95%) |   1733       7   15401   1400 |   23.70        0.40
POST     /query::government                                                              7112    55(0.77%) |   1626       4   16451   1300 |   91.10        1.10
POST     /query::researcher                                                             17736    50(0.28%) |   1526       5   16255   1300 |  206.60        0.00
GET      /stats::adversarial                                                              432     4(0.93%) |   1657       5   15223   1400 |    7.10        0.10
--------|----------------------------------------------------------------------------|-------|-------------|-------|-------|-------|-------|--------|-----------
         Aggregated                                                                     27169   127(0.47%) |   1569       4   16451   1300 |  328.50        1.60

Type     Name                                                                          # reqs      # fails |    Avg     Min     Max    Med |   req/s  failures/s
--------|----------------------------------------------------------------------------|-------|-------------|-------|-------|-------|-------|--------|-----------
POST     /query::adversarial                                                             1949    18(0.92%) |   1728       7   15401   1400 |   26.50        0.10
POST     /query::government                                                              7327    55(0.75%) |   1623       4   16451   1400 |  104.30        0.20
POST     /query::researcher                                                             18244    50(0.27%) |   1524       5   16255   1300 |  255.20        0.00
GET      /stats::adversarial                                                              442     4(0.90%) |   1653       5   15223   1400 |    7.80        0.00
--------|----------------------------------------------------------------------------|-------|-------------|-------|-------|-------|-------|--------|-----------
         Aggregated                                                                     27962   127(0.45%) |   1566       4   16451   1300 |  393.80        0.30

Type     Name                                                                          # reqs      # fails |    Avg     Min     Max    Med |   req/s  failures/s
--------|----------------------------------------------------------------------------|-------|-------------|-------|-------|-------|-------|--------|-----------
POST     /query::adversarial                                                             2007    18(0.90%) |   1725       7   15401   1400 |   25.10        0.00
POST     /query::government                                                              7547    55(0.73%) |   1617       4   16451   1400 |  101.20        0.00
POST     /query::researcher                                                             18822    50(0.27%) |   1521       5   16255   1300 |  253.20        0.00
GET      /stats::adversarial                                                              458     4(0.87%) |   1648       5   15223   1400 |    6.90        0.00
--------|----------------------------------------------------------------------------|-------|-------------|-------|-------|-------|-------|--------|-----------
         Aggregated                                                                     28834   127(0.44%) |   1563       4   16451   1300 |  386.40        0.00

Type     Name                                                                          # reqs      # fails |    Avg     Min     Max    Med |   req/s  failures/s
--------|----------------------------------------------------------------------------|-------|-------------|-------|-------|-------|-------|--------|-----------
POST     /query::adversarial                                                             2069    18(0.87%) |   1735       7   15401   1500 |   29.30        0.00
POST     /query::government                                                              7760    55(0.71%) |   1625       4   16451   1400 |  111.70        0.00
POST     /query::researcher                                                             19293    50(0.26%) |   1531       5   16255   1300 |  277.90        0.00
GET      /stats::adversarial                                                              471     4(0.85%) |   1650       5   15223   1400 |    7.90        0.00
--------|----------------------------------------------------------------------------|-------|-------------|-------|-------|-------|-------|--------|-----------
         Aggregated                                                                     29593   127(0.43%) |   1572       4   16451   1400 |  426.80        0.00

Type     Name                                                                          # reqs      # fails |    Avg     Min     Max    Med |   req/s  failures/s
--------|----------------------------------------------------------------------------|-------|-------------|-------|-------|-------|-------|--------|-----------
POST     /query::adversarial                                                             2143    18(0.84%) |   1732       7   15401   1500 |   28.30        0.00
POST     /query::government                                                              8075    55(0.68%) |   1629       4   16451   1400 |  106.50        0.00
POST     /query::researcher                                                             20044    50(0.25%) |   1536       5   16255   1300 |  263.80        0.00
GET      /stats::adversarial                                                              501     4(0.80%) |   1652       5   15223   1500 |    7.30        0.00
--------|----------------------------------------------------------------------------|-------|-------------|-------|-------|-------|-------|--------|-----------
         Aggregated                                                                     30763   127(0.41%) |   1576       4   16451   1400 |  405.90        0.00

Type     Name                                                                          # reqs      # fails |    Avg     Min     Max    Med |   req/s  failures/s
--------|----------------------------------------------------------------------------|-------|-------------|-------|-------|-------|-------|--------|-----------
POST     /query::adversarial                                                             2203    18(0.82%) |   1720       7   15401   1500 |   24.60        0.00
POST     /query::government                                                              8333    55(0.66%) |   1616       4   16451   1400 |   95.20        0.00
POST     /query::researcher                                                             20635    50(0.24%) |   1527       5   16255   1300 |  233.10        0.00
GET      /stats::adversarial                                                              516     4(0.78%) |   1638       5   15223   1400 |    6.70        0.00
--------|----------------------------------------------------------------------------|-------|-------------|-------|-------|-------|-------|--------|-----------
         Aggregated                                                                     31687   127(0.40%) |   1566       4   16451   1300 |  359.60        0.00

Type     Name                                                                          # reqs      # fails |    Avg     Min     Max    Med |   req/s  failures/s
--------|----------------------------------------------------------------------------|-------|-------------|-------|-------|-------|-------|--------|-----------
POST     /query::adversarial                                                             2288    18(0.79%) |   1686       7   15401   1400 |   27.20        0.00
POST     /query::government                                                              8649    55(0.64%) |   1584       4   16451   1300 |  106.20        0.00
POST     /query::researcher                                                             21507    50(0.23%) |   1494       5   16255   1300 |  251.80        0.00
GET      /stats::adversarial                                                              540     4(0.74%) |   1598       5   15223   1400 |    7.70        0.00
--------|----------------------------------------------------------------------------|-------|-------------|-------|-------|-------|-------|--------|-----------
         Aggregated                                                                     32984   127(0.39%) |   1532       4   16451   1300 |  392.90        0.00

Type     Name                                                                          # reqs      # fails |    Avg     Min     Max    Med |   req/s  failures/s
--------|----------------------------------------------------------------------------|-------|-------------|-------|-------|-------|-------|--------|-----------
POST     /query::adversarial                                                             2353    18(0.76%) |   1676       7   15401   1400 |   28.20        0.00
POST     /query::government                                                              8919    55(0.62%) |   1573       4   16451   1300 |  111.30        0.00
POST     /query::researcher                                                             22157    50(0.23%) |   1486       5   16255   1300 |  273.30        0.00
GET      /stats::adversarial                                                              550     4(0.73%) |   1592       5   15223   1400 |    8.60        0.00
--------|----------------------------------------------------------------------------|-------|-------------|-------|-------|-------|-------|--------|-----------
         Aggregated                                                                     33979   127(0.37%) |   1524       4   16451   1300 |  421.40        0.00

Type     Name                                                                          # reqs      # fails |    Avg     Min     Max    Med |   req/s  failures/s
--------|----------------------------------------------------------------------------|-------|-------------|-------|-------|-------|-------|--------|-----------
POST     /query::adversarial                                                             2437    18(0.74%) |   1653       7   15401   1400 |   29.50        0.00
POST     /query::government                                                              9240    55(0.60%) |   1553       4   16451   1300 |  115.60        0.00
POST     /query::researcher                                                             22882    50(0.22%) |   1472       5   16255   1300 |  293.00        0.00
GET      /stats::adversarial                                                              570     4(0.70%) |   1572       5   15223   1400 |    8.10        0.00
--------|----------------------------------------------------------------------------|-------|-------------|-------|-------|-------|-------|--------|-----------
         Aggregated                                                                     35129   127(0.36%) |   1508       4   16451   1300 |  446.20        0.00

Type     Name                                                                          # reqs      # fails |    Avg     Min     Max    Med |   req/s  failures/s
--------|----------------------------------------------------------------------------|-------|-------------|-------|-------|-------|-------|--------|-----------
POST     /query::adversarial                                                             2503    18(0.72%) |   1629       7   15401   1300 |   33.10        0.00
POST     /query::government                                                              9479    55(0.58%) |   1532       4   16451   1300 |  129.80        0.00
POST     /query::researcher                                                             23672    50(0.21%) |   1445       5   16255   1200 |  329.00        0.00
GET      /stats::adversarial                                                              585     4(0.68%) |   1548       5   15223   1300 |    8.50        0.00
--------|----------------------------------------------------------------------------|-------|-------------|-------|-------|-------|-------|--------|-----------
         Aggregated                                                                     36239   127(0.35%) |   1482       4   16451   1200 |  500.40        0.00

Type     Name                                                                          # reqs      # fails |    Avg     Min     Max    Med |   req/s  failures/s
--------|----------------------------------------------------------------------------|-------|-------------|-------|-------|-------|-------|--------|-----------
POST     /query::adversarial                                                             2594    18(0.69%) |   1606       7   15401   1300 |   34.70        0.00
POST     /query::government                                                              9774    55(0.56%) |   1513       4   16451   1300 |  130.80        0.00
POST     /query::researcher                                                             24457    50(0.20%) |   1428       5   16255   1200 |  341.00        0.00
GET      /stats::adversarial                                                              604     4(0.66%) |   1528       5   15223   1300 |    7.80        0.00
--------|----------------------------------------------------------------------------|-------|-------------|-------|-------|-------|-------|--------|-----------
         Aggregated                                                                     37429   127(0.34%) |   1464       4   16451   1200 |  514.30        0.00

Type     Name                                                                          # reqs      # fails |    Avg     Min     Max    Med |   req/s  failures/s
--------|----------------------------------------------------------------------------|-------|-------------|-------|-------|-------|-------|--------|-----------
POST     /query::adversarial                                                             2669    18(0.67%) |   1608       7   15401   1300 |   34.80        0.00
POST     /query::government                                                             10027    55(0.55%) |   1514       4   16451   1300 |  128.00        0.00
POST     /query::researcher                                                             25031    50(0.20%) |   1431       5   16255   1200 |  326.60        0.00
GET      /stats::adversarial                                                              616     4(0.65%) |   1532       5   15223   1300 |    7.50        0.00
--------|----------------------------------------------------------------------------|-------|-------------|-------|-------|-------|-------|--------|-----------
         Aggregated                                                                     38343   127(0.33%) |   1466       4   16451   1200 |  496.90        0.00

Type     Name                                                                          # reqs      # fails |    Avg     Min     Max    Med |   req/s  failures/s
--------|----------------------------------------------------------------------------|-------|-------------|-------|-------|-------|-------|--------|-----------
POST     /query::adversarial                                                             2714    18(0.66%) |   1616       7   15401   1400 |   35.30        0.00
POST     /query::government                                                             10237    55(0.54%) |   1524       4   16451   1300 |  129.50        0.00
POST     /query::researcher                                                             25470    50(0.20%) |   1437       5   16255   1200 |  325.90        0.00
GET      /stats::adversarial                                                              630     4(0.63%) |   1538       5   15223   1400 |    7.10        0.00
--------|----------------------------------------------------------------------------|-------|-------------|-------|-------|-------|-------|--------|-----------
         Aggregated                                                                     39051   127(0.33%) |   1474       4   16451   1300 |  497.80        0.00

Type     Name                                                                          # reqs      # fails |    Avg     Min     Max    Med |   req/s  failures/s
--------|----------------------------------------------------------------------------|-------|-------------|-------|-------|-------|-------|--------|-----------
POST     /query::adversarial                                                             2811    18(0.64%) |   1600       7   15401   1300 |   30.30        0.00
POST     /query::government                                                             10611    55(0.52%) |   1508       4   16451   1300 |  115.90        0.00
POST     /query::researcher                                                             26481    50(0.19%) |   1422       5   16255   1200 |  304.90        0.00
GET      /stats::adversarial                                                              657     4(0.61%) |   1522       5   15223   1300 |    7.20        0.00
--------|----------------------------------------------------------------------------|-------|-------------|-------|-------|-------|-------|--------|-----------
         Aggregated                                                                     40560   127(0.31%) |   1458       4   16451   1200 |  458.30        0.00

Traceback (most recent call last):
  File "src/gevent/greenlet.py", line 900, in gevent._gevent_cgreenlet.Greenlet.run
  File "/Users/srujansai/Desktop/NRG/.venv/lib/python3.11/site-packages/locust/user/users.py", line 187, in run_user
    user.run()
  File "/Users/srujansai/Desktop/NRG/.venv/lib/python3.11/site-packages/locust/user/users.py", line 155, in run
    self._taskset_instance.run()
  File "/Users/srujansai/Desktop/NRG/.venv/lib/python3.11/site-packages/locust/user/task.py", line 351, in run
    self.execute_next_task()
  File "/Users/srujansai/Desktop/NRG/.venv/lib/python3.11/site-packages/locust/user/task.py", line 384, in execute_next_task
    self.execute_task(self._task_queue.popleft())
  File "/Users/srujansai/Desktop/NRG/.venv/lib/python3.11/site-packages/locust/user/task.py", line 501, in execute_task
    task(self.user)
  File "/Users/srujansai/Desktop/NRG/tests/load/locustfile_c4.py", line 246, in query
    with self.client.post("/query",
         ^^^^^^^^^^^^^^^^^^^^^^^^^^
  File "/Users/srujansai/Desktop/NRG/.venv/lib/python3.11/site-packages/locust/clients.py", line 286, in post
    return self.request("POST", url, data=data, json=json, **kwargs)
           ^^^^^^^^^^^^^^^^^^^^^^^^^^^^^^^^^^^^^^^^^^^^^^^^^^^^^^^^^
  File "/Users/srujansai/Desktop/NRG/.venv/lib/python3.11/site-packages/locust/clients.py", line 192, in request
    response = self._send_request_safe_mode(method, url, data=data, json=json, **kwargs)
               ^^^^^^^^^^^^^^^^^^^^^^^^^^^^^^^^^^^^^^^^^^^^^^^^^^^^^^^^^^^^^^^^^^^^^^^^^
  File "/Users/srujansai/Desktop/NRG/.venv/lib/python3.11/site-packages/locust/clients.py", line 237, in _send_request_safe_mode
    return super().request(method, url, **kwargs)
           ^^^^^^^^^^^^^^^^^^^^^^^^^^^^^^^^^^^^^^
  File "/Users/srujansai/Desktop/NRG/.venv/lib/python3.11/site-packages/requests/sessions.py", line 578, in request
    prep = self.prepare_request(req)
           ^^^^^^^^^^^^^^^^^^^^^^^^^
  File "/Users/srujansai/Desktop/NRG/.venv/lib/python3.11/site-packages/requests/sessions.py", line 474, in prepare_request
    cookies = cookiejar_from_dict(cookies)
              ^^^^^^^^^^^^^^^^^^^^^^^^^^^^
  File "/Users/srujansai/Desktop/NRG/.venv/lib/python3.11/site-packages/requests/cookies.py", line 531, in cookiejar_from_dict
    cookiejar = RequestsCookieJar()
                ^^^^^^^^^^^^^^^^^^^
  File "/Users/srujansai/.local/share/uv/python/cpython-3.11.7-macos-aarch64-none/lib/python3.11/http/cookiejar.py", line 1266, in __init__
    self._cookies_lock = _threading.RLock()
                         ^^^^^^^^^^^^^^^^^^
  File "/Users/srujansai/.local/share/uv/python/cpython-3.11.7-macos-aarch64-none/lib/python3.11/threading.py", line 100, in RLock
    return _PyRLock(*args, **kwargs)
           ^^^^^^^^^^^^^^^^^^^^^^^^^
  File "/Users/srujansai/.local/share/uv/python/cpython-3.11.7-macos-aarch64-none/lib/python3.11/threading.py", line 114, in __init__
    self._block = _allocate_lock()
                  ^^^^^^^^^^^^^^^^
  File "/Users/srujansai/Desktop/NRG/.venv/lib/python3.11/site-packages/gevent/thread.py", line 266, in __init__
    def __init__(self):

KeyboardInterrupt
2026-05-05T22:44:46Z <Greenlet at 0x10c7c54e0: run_user(<locustfile_c4.C4FastPathUser object at 0x10daf9d1)> failed with KeyboardInterrupt

[2026-05-06 04:14:46,653] MacBook-Air/INFO/locust.main: writing html report to file: evidence/2026-05-06/c4_p99_optimization/02_profile_locust_report.html
[2026-05-06 04:14:46,661] MacBook-Air/INFO/locust.main: Shutting down (exit code 1)
Type     Name                                                                          # reqs      # fails |    Avg     Min     Max    Med |   req/s  failures/s
--------|----------------------------------------------------------------------------|-------|-------------|-------|-------|-------|-------|--------|-----------
POST     /query::adversarial                                                             2902    18(0.62%) |   1588       7   15401   1300 |   25.08        0.16
POST     /query::government                                                             11343    78(0.69%) |   1496       4   16451   1300 |   98.02        0.67
POST     /query::researcher                                                             28369    55(0.19%) |   1408       5   16255   1200 |  245.15        0.48
GET      /stats::adversarial                                                              680     4(0.59%) |   1503       5   15223   1300 |    5.88        0.03
--------|----------------------------------------------------------------------------|-------|-------------|-------|-------|-------|-------|--------|-----------
         Aggregated                                                                     43294   155(0.36%) |   1445       4   16451   1200 |  374.13        1.34

Response time percentiles (approximated)
Type     Name                                                                                  50%    66%    75%    80%    90%    95%    98%    99%  99.9% 99.99%   100% # reqs
--------|--------------------------------------------------------------------------------|--------|------|------|------|------|------|------|------|------|------|------|------
POST     /query::adversarial                                                                  1300   1800   2000   2200   2700   3300   4200   6300  15000  15000  15000   2902
POST     /query::government                                                                   1300   1600   1900   2100   2600   3100   3600   6300  16000  16000  16000  11343
POST     /query::researcher                                                                   1200   1600   1800   2000   2500   3000   3500   4500  16000  16000  16000  28369
GET      /stats::adversarial                                                                  1300   1700   1900   2100   2700   3200   3500   4300  15000  15000  15000    680
--------|--------------------------------------------------------------------------------|--------|------|------|------|------|------|------|------|------|------|------|------
         Aggregated                                                                           1200   1600   1900   2100   2500   3100   3500   6100  16000  16000  16000  43294

Error report
# occurrences      Error
------------------|---------------------------------------------------------------------------------------------------------------------------------------------
78                 POST /query::government: HTTP 0
4                  GET /stats::adversarial: HTTP 0
55                 POST /query::researcher: HTTP 0
18                 POST /query::adversarial: HTTP 0
------------------|---------------------------------------------------------------------------------------------------------------------------------------------


============================================================
C4 LOAD TEST — RESPONSE TIME DISTRIBUTION
============================================================
  Total samples :     43,139
  Mean          :     1444.7 ms
  Median (P50)  :     1232.4 ms
  P90           :     2535.0 ms
  P95           :     3074.2 ms
  P99           :     6117.0 ms  ← C4 SLO target < 500 ms
  P99.9         :    15808.2 ms
  Max           :    16451.9 ms
============================================================
❌ C4 FAIL — P99 6117.0ms > 500ms SLO
============================================================
