INFO:     Uvicorn running on http://127.0.0.1:8001 (Press CTRL+C to quit)
INFO:     Started parent process [74533]
INFO:     Started server process [74542]
INFO:     Waiting for application startup.
INFO:     Started server process [74539]
INFO:     Waiting for application startup.
INFO:     Started server process [74538]
INFO:     Waiting for application startup.
INFO:     Started server process [74543]
INFO:     Waiting for application startup.
INFO:     Started server process [74541]
INFO:     Waiting for application startup.
INFO:     Started server process [74537]
INFO:     Waiting for application startup.
INFO:     Started server process [74540]
INFO:     Waiting for application startup.
INFO:     Started server process [74544]
INFO:     Waiting for application startup.
INFO:     Application startup complete.
INFO:     Application startup complete.
INFO:     Application startup complete.
INFO:     Application startup complete.
INFO:     Application startup complete.
INFO:     Application startup complete.
INFO:     Application startup complete.
INFO:     Application startup complete.
/Users/srujansai/Desktop/NRG/.venv/lib/python3.11/site-packages/fastapi/routing.py:120: FastAPIDeprecationWarning: ORJSONResponse is deprecated, FastAPI now serializes data directly to JSON bytes via Pydantic when a return type or response model is set, which is faster and doesn't need a custom response class. Read more in the FastAPI docs: https://fastapi.tiangolo.com/advanced/custom-response/#orjson-or-response-model and https://fastapi.tiangolo.com/tutorial/response-model/
  response = await f(request)
/Users/srujansai/Desktop/NRG/.venv/lib/python3.11/site-packages/fastapi/routing.py:120: FastAPIDeprecationWarning: ORJSONResponse is deprecated, FastAPI now serializes data directly to JSON bytes via Pydantic when a return type or response model is set, which is faster and doesn't need a custom response class. Read more in the FastAPI docs: https://fastapi.tiangolo.com/advanced/custom-response/#orjson-or-response-model and https://fastapi.tiangolo.com/tutorial/response-model/
  response = await f(request)
/Users/srujansai/Desktop/NRG/.venv/lib/python3.11/site-packages/fastapi/routing.py:120: FastAPIDeprecationWarning: ORJSONResponse is deprecated, FastAPI now serializes data directly to JSON bytes via Pydantic when a return type or response model is set, which is faster and doesn't need a custom response class. Read more in the FastAPI docs: https://fastapi.tiangolo.com/advanced/custom-response/#orjson-or-response-model and https://fastapi.tiangolo.com/tutorial/response-model/
  response = await f(request)
/Users/srujansai/Desktop/NRG/.venv/lib/python3.11/site-packages/fastapi/routing.py:120: FastAPIDeprecationWarning: ORJSONResponse is deprecated, FastAPI now serializes data directly to JSON bytes via Pydantic when a return type or response model is set, which is faster and doesn't need a custom response class. Read more in the FastAPI docs: https://fastapi.tiangolo.com/advanced/custom-response/#orjson-or-response-model and https://fastapi.tiangolo.com/tutorial/response-model/
  response = await f(request)
/Users/srujansai/Desktop/NRG/.venv/lib/python3.11/site-packages/fastapi/routing.py:120: FastAPIDeprecationWarning: ORJSONResponse is deprecated, FastAPI now serializes data directly to JSON bytes via Pydantic when a return type or response model is set, which is faster and doesn't need a custom response class. Read more in the FastAPI docs: https://fastapi.tiangolo.com/advanced/custom-response/#orjson-or-response-model and https://fastapi.tiangolo.com/tutorial/response-model/
  response = await f(request)
/Users/srujansai/Desktop/NRG/.venv/lib/python3.11/site-packages/fastapi/routing.py:120: FastAPIDeprecationWarning: ORJSONResponse is deprecated, FastAPI now serializes data directly to JSON bytes via Pydantic when a return type or response model is set, which is faster and doesn't need a custom response class. Read more in the FastAPI docs: https://fastapi.tiangolo.com/advanced/custom-response/#orjson-or-response-model and https://fastapi.tiangolo.com/tutorial/response-model/
  response = await f(request)
/Users/srujansai/Desktop/NRG/.venv/lib/python3.11/site-packages/fastapi/routing.py:120: FastAPIDeprecationWarning: ORJSONResponse is deprecated, FastAPI now serializes data directly to JSON bytes via Pydantic when a return type or response model is set, which is faster and doesn't need a custom response class. Read more in the FastAPI docs: https://fastapi.tiangolo.com/advanced/custom-response/#orjson-or-response-model and https://fastapi.tiangolo.com/tutorial/response-model/
  response = await f(request)
/Users/srujansai/Desktop/NRG/.venv/lib/python3.11/site-packages/fastapi/routing.py:120: FastAPIDeprecationWarning: ORJSONResponse is deprecated, FastAPI now serializes data directly to JSON bytes via Pydantic when a return type or response model is set, which is faster and doesn't need a custom response class. Read more in the FastAPI docs: https://fastapi.tiangolo.com/advanced/custom-response/#orjson-or-response-model and https://fastapi.tiangolo.com/tutorial/response-model/
  response = await f(request)
INFO:     Waiting for child process [74537]
INFO:     Child process [74537] died
INFO:     Started server process [76662]
INFO:     Waiting for application startup.
INFO:     Application startup complete.
/Users/srujansai/Desktop/NRG/.venv/lib/python3.11/site-packages/fastapi/routing.py:120: FastAPIDeprecationWarning: ORJSONResponse is deprecated, FastAPI now serializes data directly to JSON bytes via Pydantic when a return type or response model is set, which is faster and doesn't need a custom response class. Read more in the FastAPI docs: https://fastapi.tiangolo.com/advanced/custom-response/#orjson-or-response-model and https://fastapi.tiangolo.com/tutorial/response-model/
  response = await f(request)
INFO:     Received SIGINT, exiting.
INFO:     Terminated child process [76662]
INFO:     Terminated child process [74538]
INFO:     Terminated child process [74539]
INFO:     Terminated child process [74540]
INFO:     Terminated child process [74541]
INFO:     Terminated child process [74542]
INFO:     Terminated child process [74543]
INFO:     Terminated child process [74544]
INFO:     Waiting for child process [76662]
INFO:     Shutting down
INFO:     Shutting down
INFO:     Shutting down
INFO:     Shutting down
INFO:     Shutting down
INFO:     Shutting down
INFO:     Shutting down
INFO:     Shutting down
INFO:     Waiting for application shutdown.
INFO:     Waiting for application shutdown.
INFO:     Waiting for application shutdown.
INFO:     Waiting for application shutdown.
INFO:     Waiting for application shutdown.
INFO:     Waiting for application shutdown.
INFO:     Waiting for application shutdown.
INFO:     Waiting for application shutdown.
INFO:     Application shutdown complete.
INFO:     Finished server process [74543]
INFO:     Application shutdown complete.
INFO:     Application shutdown complete.
INFO:     Finished server process [74541]
INFO:     Finished server process [74538]
INFO:     Application shutdown complete.
INFO:     Finished server process [74544]
INFO:     Application shutdown complete.
INFO:     Application shutdown complete.
INFO:     Application shutdown complete.
INFO:     Finished server process [74542]
INFO:     Finished server process [74539]
INFO:     Application shutdown complete.
INFO:     Finished server process [76662]
INFO:     Finished server process [74540]
INFO:     Waiting for child process [74538]
INFO:     Waiting for child process [74539]
INFO:     Waiting for child process [74540]
INFO:     Waiting for child process [74541]
INFO:     Waiting for child process [74542]
INFO:     Waiting for child process [74543]
INFO:     Waiting for child process [74544]
INFO:     Stopping parent process [74533]
