/Users/srujansai/Desktop/NRG/.venv/lib/python3.11/site-packages/pytest_asyncio/plugin.py:247: PytestDeprecationWarning: The configuration option "asyncio_default_fixture_loop_scope" is unset.
The event loop scope for asynchronous fixtures will default to the fixture caching scope. Future versions of pytest-asyncio will default the loop scope for asynchronous fixtures to function scope. Set the default fixture loop scope explicitly in order to avoid unexpected behavior in the future. Valid fixture loop scopes are: "function", "class", "module", "package", "session"

  warnings.warn(PytestDeprecationWarning(_DEFAULT_FIXTURE_LOOP_SCOPE_UNSET))
============================= test session starts ==============================
platform darwin -- Python 3.11.7, pytest-8.2.2, pluggy-1.6.0 -- /Users/srujansai/Desktop/NRG/.venv/bin/python
cachedir: .pytest_cache
hypothesis profile 'default' -> database=DirectoryBasedExampleDatabase(PosixPath('/Users/srujansai/Desktop/NRG/.hypothesis/examples'))
rootdir: /Users/srujansai/Desktop/NRG
configfile: pytest.ini
plugins: hypothesis-6.100.1, cov-7.1.0, Faker-22.6.0, xdist-3.8.0, rerunfailures-14.0, langsmith-0.7.32, asyncio-1.3.0, anyio-4.13.0
asyncio: mode=Mode.AUTO, debug=False, asyncio_default_fixture_loop_scope=None, asyncio_default_test_loop_scope=function
collecting ... collected 16 items

tests/data/test_schema_parity.py::TestSchemaParity::test_db_struct_sql_parseable PASSED [  6%]
tests/data/test_schema_parity.py::TestSchemaParity::test_alembic_upgrade_head_creates_all_db_struct_tables_locally PASSED [ 12%]
tests/data/test_schema_parity.py::TestSchemaParity::test_trl_stages_sql_migration_aliases_stage_column PASSED [ 18%]
tests/data/test_schema_parity.py::TestSchemaParity::test_active_schema_has_trl_stages_view PASSED [ 25%]
tests/data/test_schema_parity.py::TestSchemaParity::test_seed_script_declares_every_db_struct_table PASSED [ 31%]
tests/data/test_schema_parity.py::TestSchemaParity::test_hot_join_indexes_apply_and_explain_locally PASSED [ 37%]
tests/data/test_schema_parity.py::TestSchemaParity::test_dhairya_tables_present PASSED [ 43%]
tests/data/test_schema_parity.py::TestSchemaParity::test_live_db_connection PASSED [ 50%]
tests/data/test_schema_parity.py::TestSchemaParity::test_live_db_has_all_tables PASSED [ 56%]
tests/data/test_schema_parity.py::TestSchemaParity::test_live_db_has_all_columns PASSED [ 62%]
tests/data/test_schema_parity.py::TestSchemaParity::test_schema_fingerprint_stable PASSED [ 68%]
tests/data/test_schema_parity.py::TestSchemaParity::test_schema_fingerprint_matches_expected PASSED [ 75%]
tests/data/test_schema_parity.py::TestSchemaParity::test_all_dhairya_tables_have_minimum_rows PASSED [ 81%]
tests/data/test_schema_parity.py::TestSchemaParity::test_primary_keys_intact PASSED [ 87%]
tests/data/test_schema_parity.py::TestSchemaParity::test_no_orphan_foreign_keys PASSED [ 93%]
tests/data/test_schema_parity.py::TestSchemaParity::test_total_credit_score_is_text_type PASSED [100%]

======================== 16 passed in 66.04s (0:01:06) =========================
