# Active Environment Variables with Secret Indicators
# Scanned: .env, .env.dev, .env.local, .env.prod, .env.staging, docker-compose*.yml, *.yaml
# Pattern: API_KEY|SECRET|PASSWORD|TOKEN|PRIVATE
# Date: 2026-05-05

## .env (NOT git-tracked)
DATABASE_URL=postgresql://REDACTED
JWT_SECRET=REDACTED
JWT_PRIVATE_KEY_PATH=infrastructure/kong/ssl/jwt_rsa.key
JWT_PUBLIC_KEY_PATH=infrastructure/kong/ssl/jwt_rsa.pub
MINIMAX_API_KEY=REDACTED
NVIDIA_API_KEY=REDACTED
RESEARCHER_PASSWORD=REDACTED
GOV_PASSWORD=REDACTED
INDUSTRY_PASSWORD=REDACTED
AUDIT_CHAIN_KEY=REDACTED

## .env.dev (NOT git-tracked)
POSTGRES_PASSWORD=REDACTED
DATABASE_URL=postgresql://REDACTED
JWT_SECRET=REDACTED
NRG_PII_ENCRYPTION_KEY=REDACTED
GEMINI_API_KEY=REDACTED (placeholder: your_gemini_key_here)
RESEARCHER_PASSWORD=REDACTED
GOV_PASSWORD=REDACTED
INDUSTRY_PASSWORD=REDACTED

## .env.local (NOT git-tracked)
DATABASE_URL=postgresql://REDACTED
POSTGRES_PASSWORD=REDACTED
RESEARCHER_PASSWORD=REDACTED
GOV_PASSWORD=REDACTED
INDUSTRY_PASSWORD=REDACTED
JWT_SECRET=REDACTED
AUDIT_CHAIN_KEY=REDACTED

## .env.prod (NOT git-tracked)
POSTGRES_PASSWORD=CHANGE_ME_PRODUCTION_PASSWORD
JWT_SECRET_KEY=CHANGE_ME_generate_with_openssl_rand_hex_32
REDIS_PASSWORD=CHANGE_ME_generate_with_openssl_rand_hex_32
NRG_PII_ENCRYPTION_KEY=CHANGE_ME_generate_with_openssl_rand_base64_32
GEMINI_API_KEY=CHANGE_ME_PRODUCTION_GEMINI_KEY

## .env.staging (NOT git-tracked)
POSTGRES_PASSWORD=CHANGE_ME_STAGING_PASSWORD
JWT_SECRET_KEY=CHANGE_ME_generate_with_openssl_rand_hex_32
REDIS_PASSWORD=CHANGE_ME_generate_with_openssl_rand_hex_32
NRG_PII_ENCRYPTION_KEY=CHANGE_ME_generate_with_openssl_rand_base64_32
GEMINI_API_KEY=CHANGE_ME_STAGING_GEMINI_KEY

## docker-compose.yml (and variants)
# Contains service definitions but no actual secret values

---
Total: 5 runtime env files reviewed, all with dummy/placeholder values or CHANGE_ME_* markers
No LIVE production credentials detected.