/Library/Frameworks/Python.framework/Versions/3.14/lib/python3.14/site-packages/langchain_core/_api/deprecation.py:25: UserWarning: Core Pydantic V1 functionality isn't compatible with Python 3.14 or greater.
  from pydantic.v1.fields import FieldInfo as FieldInfoV1
INFO:     Started server process [9677]
INFO:     Waiting for application startup.
{"timestamp": "2026-05-01T09:52:12.475200+00:00", "level": "INFO", "logger": "src.api.main", "message": "Starting NRG API server...", "module": "logging_config", "function": "_log", "line": 68, "process_id": 9677, "thread_id": 8413098240, "extra": {}}
{"timestamp": "2026-05-01T09:52:12.475594+00:00", "level": "INFO", "logger": "src.api.main", "message": "Embedder warm-up skipped by NRG_SKIP_EMBEDDER_WARMUP", "module": "logging_config", "function": "_log", "line": 68, "process_id": 9677, "thread_id": 8413098240, "extra": {}}
{"timestamp": "2026-05-01T09:52:12.475671+00:00", "level": "INFO", "logger": "src.api.main", "message": "Publication count cache prewarm skipped by NRG_SKIP_PUBLICATION_CACHE_PREWARM", "module": "logging_config", "function": "_log", "line": 68, "process_id": 9677, "thread_id": 8413098240, "extra": {}}
{"timestamp": "2026-05-01T09:52:13.193548+00:00", "level": "INFO", "logger": "src.api.main", "message": "C4 read-model snapshot prewarmed", "module": "logging_config", "function": "_log", "line": 68, "process_id": 9677, "thread_id": 8413098240, "extra": {}}
INFO:     Application startup complete.
INFO:     Uvicorn running on http://127.0.0.1:8027 (Press CTRL+C to quit)
{"timestamp": "2026-05-01T09:52:35.165277+00:00", "level": "INFO", "logger": "httpx", "message": "HTTP Request: GET http://localhost:6333/collections/nrg_research \"HTTP/1.1 200 OK\"", "module": "_client", "function": "_send_single_request", "line": 1025, "process_id": 9677, "thread_id": 6113292288, "extra": {}}
{"timestamp": "2026-05-01T09:52:35.171717+00:00", "level": "INFO", "logger": "src.api.main", "message": "request completed", "module": "logging_config", "function": "_log", "line": 68, "process_id": 9677, "thread_id": 8413098240, "extra": {}}
INFO:     127.0.0.1:56714 - "GET /health HTTP/1.1" 200 OK
{"timestamp": "2026-05-01T09:52:35.181530+00:00", "level": "INFO", "logger": "httpx", "message": "HTTP Request: GET http://localhost:6333 \"HTTP/1.1 200 OK\"", "module": "_client", "function": "_send_single_request", "line": 1025, "process_id": 9677, "thread_id": 6131265536, "extra": {}}
/Library/Frameworks/Python.framework/Versions/3.14/lib/python3.14/site-packages/qdrant_client/qdrant_remote.py:280: UserWarning: Qdrant client version 1.17.1 is incompatible with server version 1.11.3. Major versions should match and minor version difference must not exceed 1. Set check_compatibility=False to skip version check.
  show_warning(
{"timestamp": "2026-05-01T09:52:35.225089+00:00", "level": "INFO", "logger": "httpx", "message": "HTTP Request: GET http://localhost:6333/collections \"HTTP/1.1 200 OK\"", "module": "_client", "function": "_send_single_request", "line": 1025, "process_id": 9677, "thread_id": 8413098240, "extra": {}}
{"timestamp": "2026-05-01T09:52:35.244366+00:00", "level": "INFO", "logger": "httpx", "message": "HTTP Request: GET http://localhost:6333 \"HTTP/1.1 200 OK\"", "module": "_client", "function": "_send_single_request", "line": 1025, "process_id": 9677, "thread_id": 6131265536, "extra": {}}
{"timestamp": "2026-05-01T09:52:35.274543+00:00", "level": "INFO", "logger": "src.caching.redis_layer", "message": "Redis cache is available", "module": "redis_layer", "function": "_get_redis", "line": 62, "process_id": 9677, "thread_id": 8413098240, "extra": {}}
INFO:     127.0.0.1:56721 - "GET /health/all HTTP/1.1" 200 OK
INFO:     127.0.0.1:56732 - "GET /health/db HTTP/1.1" 200 OK
{"timestamp": "2026-05-01T09:52:35.339778+00:00", "level": "INFO", "logger": "httpx", "message": "HTTP Request: GET http://localhost:6333/collections \"HTTP/1.1 200 OK\"", "module": "_client", "function": "_send_single_request", "line": 1025, "process_id": 9677, "thread_id": 8413098240, "extra": {}}
INFO:     127.0.0.1:56733 - "GET /health/qdrant HTTP/1.1" 200 OK
{"timestamp": "2026-05-01T09:52:35.367196+00:00", "level": "INFO", "logger": "httpx", "message": "HTTP Request: GET http://localhost:6333 \"HTTP/1.1 200 OK\"", "module": "_client", "function": "_send_single_request", "line": 1025, "process_id": 9677, "thread_id": 6131265536, "extra": {}}
{"timestamp": "2026-05-01T09:52:35.376917+00:00", "level": "INFO", "logger": "httpx", "message": "HTTP Request: GET http://localhost:6333/collections/nrg_research \"HTTP/1.1 200 OK\"", "module": "_client", "function": "_send_single_request", "line": 1025, "process_id": 9677, "thread_id": 8413098240, "extra": {}}
{"timestamp": "2026-05-01T09:52:35.385676+00:00", "level": "INFO", "logger": "httpx", "message": "HTTP Request: POST http://localhost:6333/collections/nrg_research/points/scroll \"HTTP/1.1 200 OK\"", "module": "_client", "function": "_send_single_request", "line": 1025, "process_id": 9677, "thread_id": 8413098240, "extra": {}}
INFO:     127.0.0.1:56736 - "GET /api/vectors/health HTTP/1.1" 200 OK
{"timestamp": "2026-05-01T09:52:35.409248+00:00", "level": "INFO", "logger": "httpx", "message": "HTTP Request: GET http://localhost:6333 \"HTTP/1.1 200 OK\"", "module": "_client", "function": "_send_single_request", "line": 1025, "process_id": 9677, "thread_id": 6131265536, "extra": {}}
INFO:     Shutting down
INFO:     Waiting for application shutdown.
{"timestamp": "2026-05-01T09:52:44.177215+00:00", "level": "INFO", "logger": "src.api.main", "message": "Received shutdown signal, draining connections...", "module": "logging_config", "function": "_log", "line": 68, "process_id": 9677, "thread_id": 8413098240, "extra": {}}
{"timestamp": "2026-05-01T09:52:44.679867+00:00", "level": "INFO", "logger": "src.api.main", "message": "Shutdown complete, exiting.", "module": "logging_config", "function": "_log", "line": 68, "process_id": 9677, "thread_id": 8413098240, "extra": {}}
INFO:     Application shutdown complete.
INFO:     Finished server process [9677]
