{
  "alerts": [
    {
      "message": "schema_coverage failed: 0/58 expected tables present",
      "pillar": "schema_coverage",
      "severity": "P1"
    },
    {
      "message": "null_rate failed: worst column null rate 1.000",
      "pillar": "null_rate",
      "severity": "P1"
    },
    {
      "message": "completeness failed: 16 core tables below minimum row count",
      "pillar": "completeness",
      "severity": "P1"
    }
  ],
  "database_url": "sqlite:///nrg_research.db",
  "generated_at": "2026-05-01T09:33:58.083110+00:00",
  "ok": false,
  "overall_score": 0.5708,
  "overall_status": "FAIL",
  "pillars": {
    "completeness": {
      "detail": "16 core tables below minimum row count",
      "name": "completeness",
      "observed": {
        "core_tables": 16,
        "row_counts": {
          "academic_courses_details": 0,
          "actual_student_strength": 0,
          "combined_ipo_patent_data": 0,
          "faculty_details": 0,
          "financial_expenses_capital": 0,
          "financial_expenses_operational": 0,
          "innovation_grant_from_govt": 0,
          "innovations_at_various_stages_of_technology_readiness_level": 0,
          "patents_details": 0,
          "phd_students": 0,
          "placements_and_higher_studies": 0,
          "research_consultancy_details_consultancy": 0,
          "research_consultancy_details_sponsered": 0,
          "sanctioned_intake": 0,
          "startup_recognition": 0,
          "tb_institute_mstr": 0
        },
        "violations": [
          {
            "rows": 0,
            "table": "academic_courses_details"
          },
          {
            "rows": 0,
            "table": "actual_student_strength"
          },
          {
            "rows": 0,
            "table": "combined_ipo_patent_data"
          },
          {
            "rows": 0,
            "table": "faculty_details"
          },
          {
            "rows": 0,
            "table": "financial_expenses_capital"
          },
          {
            "rows": 0,
            "table": "financial_expenses_operational"
          },
          {
            "rows": 0,
            "table": "innovation_grant_from_govt"
          },
          {
            "rows": 0,
            "table": "innovations_at_various_stages_of_technology_readiness_level"
          },
          {
            "rows": 0,
            "table": "patents_details"
          },
          {
            "rows": 0,
            "table": "phd_students"
          },
          {
            "rows": 0,
            "table": "placements_and_higher_studies"
          },
          {
            "rows": 0,
            "table": "research_consultancy_details_consultancy"
          },
          {
            "rows": 0,
            "table": "research_consultancy_details_sponsered"
          },
          {
            "rows": 0,
            "table": "sanctioned_intake"
          },
          {
            "rows": 0,
            "table": "startup_recognition"
          },
          {
            "rows": 0,
            "table": "tb_institute_mstr"
          }
        ]
      },
      "score": 0.0,
      "severity": "P1",
      "status": "FAIL",
      "threshold": ">= 1000 rows in every core table"
    },
    "consistency": {
      "detail": "0 cross-table consistency violations",
      "name": "consistency",
      "observed": {
        "examples": [],
        "records_checked": 0,
        "rules_checked": 0,
        "violations": 0
      },
      "score": 1.0,
      "severity": null,
      "status": "PASS",
      "threshold": "cross-table validations have zero orphaned references"
    },
    "freshness": {
      "detail": "worst table age 0.032 days",
      "name": "freshness",
      "observed": {
        "invalid_values": [],
        "stale_tables": [],
        "tables_checked": 2,
        "worst_age_days": 0.0321
      },
      "score": 0.9954,
      "severity": null,
      "status": "PASS",
      "threshold": "<= 7 days since latest update"
    },
    "null_rate": {
      "detail": "worst column null rate 1.000",
      "name": "null_rate",
      "observed": {
        "columns_checked": 15,
        "violations": [
          {
            "column": "revoked_at",
            "null_count": 7,
            "null_rate": 0.875,
            "rows": 8,
            "table": "consent_ledger"
          },
          {
            "column": "replaced_by",
            "null_count": 21396,
            "null_rate": 1.0,
            "rows": 21396,
            "table": "refresh_tokens"
          }
        ],
        "worst_null_rate": 1.0
      },
      "score": 0.0,
      "severity": "P1",
      "status": "FAIL",
      "threshold": "<= 5.00% nulls in any measured column"
    },
    "pii_sanitization": {
      "detail": "0 PII findings in non-PII tables",
      "name": "pii_sanitization",
      "observed": {
        "columns_scanned": 83,
        "findings": [],
        "tables_scanned": 12
      },
      "score": 1.0,
      "severity": null,
      "status": "PASS",
      "threshold": "0 PII findings in non-PII tables"
    },
    "referential_integrity": {
      "detail": "0 orphaned references across 0 checked",
      "name": "referential_integrity",
      "observed": {
        "examples": [],
        "orphaned_references": 0,
        "references_checked": 0,
        "relationships_checked": 13
      },
      "score": 1.0,
      "severity": null,
      "status": "PASS",
      "threshold": ">= 99.00% valid references"
    },
    "schema_coverage": {
      "detail": "0/58 expected tables present",
      "name": "schema_coverage",
      "observed": {
        "expected_tables": 58,
        "live_tables": 16,
        "missing_tables": [
          "academic_courses_details",
          "actual_student_strength",
          "adv_se",
          "advance_search_data",
          "advance_search_data_15_12",
          "advance_search_data_old",
          "auth_group",
          "auth_group_permissions",
          "auth_permission",
          "auth_user",
          "auth_user_groups",
          "auth_user_user_permissions",
          "combined_ipo_patent_data",
          "combined_ipo_patent_data_old",
          "django_admin_log",
          "django_content_type",
          "django_migrations",
          "django_session",
          "expertise",
          "faculty_details",
          "faculty_strength",
          "fdi_investment",
          "fdp_details",
          "financial_expenses_capital",
          "financial_expenses_operational",
          "founders_of_fortune_500_companies",
          "incubation_details",
          "innovation_grant_from_govt",
          "innovations_at_various_stages_of_technology_readiness_level",
          "ipo_patent_details_flat",
          "ipo_patent_details_flat_old",
          "master_expertise",
          "nirf_extracted_table",
          "nirf_pdf_record",
          "nirf_table_row",
          "package_data",
          "patents_details",
          "phd_students",
          "placements_and_higher_studies",
          "research_consultancy_details_consultancy",
          "research_consultancy_details_sponsered",
          "role_data",
          "sanctioned_intake",
          "scraped_data",
          "scraped_data_save",
          "scraped_raw_data",
          "seed_funding",
          "startup_receiving_vc_investment",
          "startup_recognition",
          "startup_recognition_old"
        ],
        "present_tables": 0
      },
      "score": 0.0,
      "severity": "P1",
      "status": "FAIL",
      "threshold": ">= 58 expected tables present"
    }
  }
}
