2026-05-01 15:25:55 INFO     Starting NRG Vector Drift Detection
2026-05-01 15:25:55 INFO     SLO target: drift_score >= 0.85
2026-05-01 15:25:55 INFO     WARNING threshold: 0.60 | CRITICAL threshold: 0.40
2026-05-01 15:25:55 INFO     HTTP Request: GET http://localhost:6333/collections/nrg_research "HTTP/1.1 200 OK"
2026-05-01 15:25:55 INFO     HTTP Request: GET http://localhost:6333 "HTTP/1.1 200 OK"
/Library/Frameworks/Python.framework/Versions/3.14/lib/python3.14/site-packages/qdrant_client/qdrant_remote.py:280: UserWarning: Qdrant client version 1.17.1 is incompatible with server version 1.11.3. Major versions should match and minor version difference must not exceed 1. Set check_compatibility=False to skip version check.
  show_warning(
2026-05-01 15:25:55 INFO     Qdrant health: ok | Indexed: 0/1800 (0.0%) | Latency: 140.59ms
2026-05-01 15:26:00 INFO     No device provided, using mps
2026-05-01 15:26:01 INFO     HTTP Request: HEAD https://huggingface.co/BAAI/bge-m3/resolve/main/modules.json "HTTP/1.1 307 Temporary Redirect"
2026-05-01 15:26:01 INFO     HTTP Request: HEAD https://huggingface.co/api/resolve-cache/models/BAAI/bge-m3/5617a9f61b028005a4858fdac845db406aefb181/modules.json "HTTP/1.1 200 OK"
2026-05-01 15:26:01 INFO     HTTP Request: HEAD https://huggingface.co/BAAI/bge-m3/resolve/main/config_sentence_transformers.json "HTTP/1.1 307 Temporary Redirect"
2026-05-01 15:26:01 INFO     HTTP Request: HEAD https://huggingface.co/api/resolve-cache/models/BAAI/bge-m3/5617a9f61b028005a4858fdac845db406aefb181/config_sentence_transformers.json "HTTP/1.1 200 OK"
2026-05-01 15:26:01 INFO     Loading SentenceTransformer model from BAAI/bge-m3.
2026-05-01 15:26:01 INFO     HTTP Request: HEAD https://huggingface.co/BAAI/bge-m3/resolve/main/config_sentence_transformers.json "HTTP/1.1 307 Temporary Redirect"
2026-05-01 15:26:01 INFO     HTTP Request: HEAD https://huggingface.co/api/resolve-cache/models/BAAI/bge-m3/5617a9f61b028005a4858fdac845db406aefb181/config_sentence_transformers.json "HTTP/1.1 200 OK"
2026-05-01 15:26:02 INFO     HTTP Request: HEAD https://huggingface.co/BAAI/bge-m3/resolve/main/README.md "HTTP/1.1 307 Temporary Redirect"
Warning: You are sending unauthenticated requests to the HF Hub. Please set a HF_TOKEN to enable higher rate limits and faster downloads.
2026-05-01 15:26:02 WARNING  Warning: You are sending unauthenticated requests to the HF Hub. Please set a HF_TOKEN to enable higher rate limits and faster downloads.
2026-05-01 15:26:02 INFO     HTTP Request: HEAD https://huggingface.co/api/resolve-cache/models/BAAI/bge-m3/5617a9f61b028005a4858fdac845db406aefb181/README.md "HTTP/1.1 200 OK"
2026-05-01 15:26:02 INFO     HTTP Request: HEAD https://huggingface.co/BAAI/bge-m3/resolve/main/modules.json "HTTP/1.1 307 Temporary Redirect"
2026-05-01 15:26:02 INFO     HTTP Request: HEAD https://huggingface.co/api/resolve-cache/models/BAAI/bge-m3/5617a9f61b028005a4858fdac845db406aefb181/modules.json "HTTP/1.1 200 OK"
2026-05-01 15:26:02 INFO     HTTP Request: HEAD https://huggingface.co/BAAI/bge-m3/resolve/main/sentence_bert_config.json "HTTP/1.1 307 Temporary Redirect"
2026-05-01 15:26:03 INFO     HTTP Request: HEAD https://huggingface.co/api/resolve-cache/models/BAAI/bge-m3/5617a9f61b028005a4858fdac845db406aefb181/sentence_bert_config.json "HTTP/1.1 200 OK"
2026-05-01 15:26:03 INFO     HTTP Request: HEAD https://huggingface.co/BAAI/bge-m3/resolve/main/adapter_config.json "HTTP/1.1 404 Not Found"
2026-05-01 15:26:03 INFO     HTTP Request: HEAD https://huggingface.co/BAAI/bge-m3/resolve/main/config.json "HTTP/1.1 307 Temporary Redirect"
2026-05-01 15:26:03 INFO     HTTP Request: HEAD https://huggingface.co/api/resolve-cache/models/BAAI/bge-m3/5617a9f61b028005a4858fdac845db406aefb181/config.json "HTTP/1.1 200 OK"
2026-05-01 15:26:04 INFO     HTTP Request: HEAD https://huggingface.co/BAAI/bge-m3/resolve/main/model.safetensors "HTTP/1.1 404 Not Found"
Loading weights:   0%|          | 0/391 [00:00<?, ?it/s]Loading weights: 100%|██████████| 391/391 [00:00<00:00, 41235.39it/s]
2026-05-01 15:26:04 INFO     HTTP Request: GET https://huggingface.co/api/models/BAAI/bge-m3 "HTTP/1.1 200 OK"
2026-05-01 15:26:04 INFO     HTTP Request: HEAD https://huggingface.co/BAAI/bge-m3/resolve/main/processor_config.json "HTTP/1.1 404 Not Found"
2026-05-01 15:26:04 INFO     HTTP Request: GET https://huggingface.co/api/models/BAAI/bge-m3/commits/main "HTTP/1.1 200 OK"
2026-05-01 15:26:04 INFO     HTTP Request: HEAD https://huggingface.co/BAAI/bge-m3/resolve/main/preprocessor_config.json "HTTP/1.1 404 Not Found"
2026-05-01 15:26:04 INFO     HTTP Request: GET https://huggingface.co/api/models/BAAI/bge-m3/discussions?p=0 "HTTP/1.1 200 OK"
2026-05-01 15:26:05 INFO     HTTP Request: GET https://huggingface.co/api/models/BAAI/bge-m3/commits/refs%2Fpr%2F130 "HTTP/1.1 200 OK"
2026-05-01 15:26:05 INFO     HTTP Request: HEAD https://huggingface.co/BAAI/bge-m3/resolve/main/video_preprocessor_config.json "HTTP/1.1 404 Not Found"
2026-05-01 15:26:05 INFO     HTTP Request: HEAD https://huggingface.co/BAAI/bge-m3/resolve/main/preprocessor_config.json "HTTP/1.1 404 Not Found"
2026-05-01 15:26:05 INFO     HTTP Request: HEAD https://huggingface.co/BAAI/bge-m3/resolve/refs%2Fpr%2F130/model.safetensors.index.json "HTTP/1.1 404 Not Found"
2026-05-01 15:26:06 INFO     HTTP Request: HEAD https://huggingface.co/BAAI/bge-m3/resolve/main/tokenizer_config.json "HTTP/1.1 307 Temporary Redirect"
2026-05-01 15:26:06 INFO     HTTP Request: HEAD https://huggingface.co/BAAI/bge-m3/resolve/refs%2Fpr%2F130/model.safetensors "HTTP/1.1 302 Found"
2026-05-01 15:26:06 INFO     HTTP Request: HEAD https://huggingface.co/api/resolve-cache/models/BAAI/bge-m3/5617a9f61b028005a4858fdac845db406aefb181/tokenizer_config.json "HTTP/1.1 200 OK"
2026-05-01 15:26:06 INFO     HTTP Request: HEAD https://huggingface.co/BAAI/bge-m3/resolve/main/config.json "HTTP/1.1 307 Temporary Redirect"
2026-05-01 15:26:06 INFO     HTTP Request: HEAD https://huggingface.co/api/resolve-cache/models/BAAI/bge-m3/5617a9f61b028005a4858fdac845db406aefb181/config.json "HTTP/1.1 200 OK"
2026-05-01 15:26:06 INFO     HTTP Request: HEAD https://huggingface.co/BAAI/bge-m3/resolve/main/config.json "HTTP/1.1 307 Temporary Redirect"
2026-05-01 15:26:06 INFO     HTTP Request: HEAD https://huggingface.co/api/resolve-cache/models/BAAI/bge-m3/5617a9f61b028005a4858fdac845db406aefb181/config.json "HTTP/1.1 200 OK"
2026-05-01 15:26:07 INFO     HTTP Request: HEAD https://huggingface.co/BAAI/bge-m3/resolve/main/tokenizer_config.json "HTTP/1.1 307 Temporary Redirect"
2026-05-01 15:26:07 INFO     HTTP Request: HEAD https://huggingface.co/api/resolve-cache/models/BAAI/bge-m3/5617a9f61b028005a4858fdac845db406aefb181/tokenizer_config.json "HTTP/1.1 200 OK"
2026-05-01 15:26:07 INFO     HTTP Request: GET https://huggingface.co/api/models/BAAI/bge-m3/tree/main/additional_chat_templates?recursive=false&expand=false "HTTP/1.1 404 Not Found"
2026-05-01 15:26:07 INFO     HTTP Request: GET https://huggingface.co/api/models/BAAI/bge-m3/tree/main?recursive=true&expand=false "HTTP/1.1 200 OK"
2026-05-01 15:26:09 INFO     HTTP Request: GET https://huggingface.co/api/models/BAAI/bge-m3 "HTTP/1.1 200 OK"
2026-05-01 15:26:09 INFO     HTTP Request: HEAD https://huggingface.co/BAAI/bge-m3/resolve/main/1_Pooling/config.json "HTTP/1.1 307 Temporary Redirect"
2026-05-01 15:26:09 INFO     HTTP Request: HEAD https://huggingface.co/api/resolve-cache/models/BAAI/bge-m3/5617a9f61b028005a4858fdac845db406aefb181/1_Pooling%2Fconfig.json "HTTP/1.1 200 OK"
2026-05-01 15:26:10 INFO     HTTP Request: GET https://huggingface.co/api/models/BAAI/bge-m3 "HTTP/1.1 200 OK"
2026-05-01 15:26:17 INFO     Loaded primary embedding model: BAAI/bge-m3
2026-05-01 15:26:18 INFO     No device provided, using mps
2026-05-01 15:26:18 INFO     HTTP Request: HEAD https://huggingface.co/ai4bharat/IndicBERTv2-SS/resolve/main/modules.json "HTTP/1.1 404 Not Found"
2026-05-01 15:26:18 INFO     No modules.json found for ai4bharat/IndicBERTv2-SS, initializing a new SentenceTransformer model.
2026-05-01 15:26:19 INFO     HTTP Request: HEAD https://huggingface.co/ai4bharat/IndicBERTv2-SS/resolve/main/adapter_config.json "HTTP/1.1 404 Not Found"
2026-05-01 15:26:19 INFO     HTTP Request: HEAD https://huggingface.co/ai4bharat/IndicBERTv2-SS/resolve/main/config.json "HTTP/1.1 307 Temporary Redirect"
2026-05-01 15:26:19 INFO     HTTP Request: HEAD https://huggingface.co/api/resolve-cache/models/ai4bharat/IndicBERTv2-SS/d717ffc6f0445634ae82860c9a0a45969529a200/config.json "HTTP/1.1 200 OK"
2026-05-01 15:26:19 INFO     HTTP Request: HEAD https://huggingface.co/ai4bharat/IndicBERTv2-SS/resolve/main/model.safetensors "HTTP/1.1 404 Not Found"
2026-05-01 15:26:20 INFO     HTTP Request: GET https://huggingface.co/api/models/ai4bharat/IndicBERTv2-SS "HTTP/1.1 200 OK"
Loading weights:   0%|          | 0/197 [00:00<?, ?it/s]Loading weights: 100%|██████████| 197/197 [00:00<00:00, 51791.27it/s]
[1mBertModel LOAD REPORT[0m from: ai4bharat/IndicBERTv2-SS
Key                                        | Status     |
-------------------------------------------+------------+-
cls.predictions.transform.LayerNorm.weight | UNEXPECTED |
cls.predictions.transform.LayerNorm.bias   | UNEXPECTED |
cls.predictions.bias                       | UNEXPECTED |
cls.predictions.decoder.weight             | UNEXPECTED |
cls.predictions.transform.dense.bias       | UNEXPECTED |
bert.embeddings.position_ids               | UNEXPECTED |
cls.predictions.decoder.bias               | UNEXPECTED |
cls.predictions.transform.dense.weight     | UNEXPECTED |
pooler.dense.weight                        | MISSING    |
pooler.dense.bias                          | MISSING    |

Notes:
- UNEXPECTED:	can be ignored when loading from different task/architecture; not ok if you expect identical arch.
- MISSING:	those params were newly initialized because missing from the checkpoint. Consider training on your downstream task.
2026-05-01 15:26:20 INFO     HTTP Request: GET https://huggingface.co/api/models/ai4bharat/IndicBERTv2-SS/commits/main "HTTP/1.1 200 OK"
2026-05-01 15:26:20 INFO     HTTP Request: HEAD https://huggingface.co/ai4bharat/IndicBERTv2-SS/resolve/main/processor_config.json "HTTP/1.1 404 Not Found"
2026-05-01 15:26:20 INFO     HTTP Request: GET https://huggingface.co/api/models/ai4bharat/IndicBERTv2-SS/discussions?p=0 "HTTP/1.1 200 OK"
2026-05-01 15:26:20 INFO     HTTP Request: HEAD https://huggingface.co/ai4bharat/IndicBERTv2-SS/resolve/main/preprocessor_config.json "HTTP/1.1 404 Not Found"
2026-05-01 15:26:21 INFO     HTTP Request: GET https://huggingface.co/api/models/ai4bharat/IndicBERTv2-SS/commits/refs%2Fpr%2F2 "HTTP/1.1 200 OK"
2026-05-01 15:26:21 INFO     HTTP Request: HEAD https://huggingface.co/ai4bharat/IndicBERTv2-SS/resolve/main/video_preprocessor_config.json "HTTP/1.1 404 Not Found"
2026-05-01 15:26:21 INFO     HTTP Request: HEAD https://huggingface.co/ai4bharat/IndicBERTv2-SS/resolve/refs%2Fpr%2F2/model.safetensors.index.json "HTTP/1.1 404 Not Found"
2026-05-01 15:26:21 INFO     HTTP Request: HEAD https://huggingface.co/ai4bharat/IndicBERTv2-SS/resolve/main/preprocessor_config.json "HTTP/1.1 404 Not Found"
2026-05-01 15:26:21 INFO     HTTP Request: HEAD https://huggingface.co/ai4bharat/IndicBERTv2-SS/resolve/refs%2Fpr%2F2/model.safetensors "HTTP/1.1 302 Found"
2026-05-01 15:26:21 INFO     HTTP Request: HEAD https://huggingface.co/ai4bharat/IndicBERTv2-SS/resolve/main/tokenizer_config.json "HTTP/1.1 307 Temporary Redirect"
2026-05-01 15:26:21 INFO     HTTP Request: HEAD https://huggingface.co/api/resolve-cache/models/ai4bharat/IndicBERTv2-SS/d717ffc6f0445634ae82860c9a0a45969529a200/tokenizer_config.json "HTTP/1.1 200 OK"
2026-05-01 15:26:22 INFO     HTTP Request: HEAD https://huggingface.co/ai4bharat/IndicBERTv2-SS/resolve/main/config.json "HTTP/1.1 307 Temporary Redirect"
2026-05-01 15:26:22 INFO     HTTP Request: HEAD https://huggingface.co/api/resolve-cache/models/ai4bharat/IndicBERTv2-SS/d717ffc6f0445634ae82860c9a0a45969529a200/config.json "HTTP/1.1 200 OK"
2026-05-01 15:26:22 INFO     HTTP Request: HEAD https://huggingface.co/ai4bharat/IndicBERTv2-SS/resolve/main/config.json "HTTP/1.1 307 Temporary Redirect"
2026-05-01 15:26:22 INFO     HTTP Request: HEAD https://huggingface.co/api/resolve-cache/models/ai4bharat/IndicBERTv2-SS/d717ffc6f0445634ae82860c9a0a45969529a200/config.json "HTTP/1.1 200 OK"
2026-05-01 15:26:22 INFO     HTTP Request: HEAD https://huggingface.co/ai4bharat/IndicBERTv2-SS/resolve/main/tokenizer_config.json "HTTP/1.1 307 Temporary Redirect"
2026-05-01 15:26:22 INFO     HTTP Request: HEAD https://huggingface.co/api/resolve-cache/models/ai4bharat/IndicBERTv2-SS/d717ffc6f0445634ae82860c9a0a45969529a200/tokenizer_config.json "HTTP/1.1 200 OK"
2026-05-01 15:26:22 INFO     HTTP Request: HEAD https://huggingface.co/ai4bharat/IndicBERTv2-SS/resolve/main/tokenizer_config.json "HTTP/1.1 307 Temporary Redirect"
2026-05-01 15:26:23 INFO     HTTP Request: HEAD https://huggingface.co/api/resolve-cache/models/ai4bharat/IndicBERTv2-SS/d717ffc6f0445634ae82860c9a0a45969529a200/tokenizer_config.json "HTTP/1.1 200 OK"
2026-05-01 15:26:23 INFO     HTTP Request: GET https://huggingface.co/api/models/ai4bharat/IndicBERTv2-SS/tree/main/additional_chat_templates?recursive=false&expand=false "HTTP/1.1 404 Not Found"
2026-05-01 15:26:23 INFO     HTTP Request: GET https://huggingface.co/api/models/ai4bharat/IndicBERTv2-SS/tree/main?recursive=true&expand=false "HTTP/1.1 200 OK"
2026-05-01 15:26:24 INFO     HTTP Request: GET https://huggingface.co/api/models/ai4bharat/IndicBERTv2-SS "HTTP/1.1 200 OK"
2026-05-01 15:26:24 INFO     HTTP Request: GET https://huggingface.co/api/models/ai4bharat/IndicBERTv2-SS "HTTP/1.1 200 OK"
2026-05-01 15:26:30 INFO     Loaded IndicBERT model: ai4bharat/IndicBERTv2-SS
2026-05-01 15:26:40 INFO     HTTP Request: GET http://localhost:6333/collections/nrg_research "HTTP/1.1 200 OK"
2026-05-01 15:26:41 INFO     HTTP Request: POST http://localhost:6333/collections/nrg_research/points/query "HTTP/1.1 200 OK"
2026-05-01 15:26:43 INFO     HTTP Request: POST http://localhost:6333/collections/nrg_research/points/query "HTTP/1.1 200 OK"
2026-05-01 15:26:44 INFO     HTTP Request: POST http://localhost:6333/collections/nrg_research/points/query "HTTP/1.1 200 OK"
2026-05-01 15:26:44 INFO     HTTP Request: POST http://localhost:6333/collections/nrg_research/points/query "HTTP/1.1 200 OK"
2026-05-01 15:26:44 INFO     HTTP Request: POST http://localhost:6333/collections/nrg_research/points/query "HTTP/1.1 200 OK"
2026-05-01 15:26:44 INFO     HTTP Request: POST http://localhost:6333/collections/nrg_research/points/query "HTTP/1.1 200 OK"
2026-05-01 15:26:44 INFO     HTTP Request: POST http://localhost:6333/collections/nrg_research/points/query "HTTP/1.1 200 OK"
2026-05-01 15:26:44 INFO     HTTP Request: POST http://localhost:6333/collections/nrg_research/points/query "HTTP/1.1 200 OK"
2026-05-01 15:26:44 INFO     HTTP Request: POST http://localhost:6333/collections/nrg_research/points/query "HTTP/1.1 200 OK"
2026-05-01 15:26:44 INFO     HTTP Request: POST http://localhost:6333/collections/nrg_research/points/query "HTTP/1.1 200 OK"
2026-05-01 15:26:44 CRITICAL DRIFT CRITICAL: Score 0.000 < 0.400 threshold. Vector embeddings may be corrupted or the wrong model was used.
2026-05-01 15:26:44 WARNING  No service token for reindex trigger - skipping POST

============================================================
VECTOR DRIFT REPORT
============================================================
  Drift Score:    0.000
  Alert Level:   CRITICAL
  Queries:        10
  SLO Target:     >=0.85
  WARNING:        <0.60
  CRITICAL:       <0.40
------------------------------------------------------------

Per-Query Scores:
  [0.000] machine learning researchers in Gujarat
  [0.000] robotics research labs in India
  [0.000] artificial intelligence trends 2024
  [0.000] sustainable energy research funding
  [0.000] biotechnology publications 2023
  [0.000] quantum computing research India
  [0.000] data science researchers Maharashtra
  [0.000] renewable energy collaboration international
  [0.000] computer vision research Karnataka
  [0.000] natural language processing researchers Tamil Nadu
============================================================
{
  "drift": {
    "drift_score": 0.0,
    "alert_level": "CRITICAL",
    "slo_target": 0.85,
    "warning_threshold": 0.6,
    "critical_threshold": 0.4,
    "queries_checked": 10,
    "per_query": [
      {
        "query": "machine learning researchers in Gujarat",
        "source_overlap": 0.0,
        "topic_overlap": 0.0,
        "score": 0.0
      },
      {
        "query": "robotics research labs in India",
        "source_overlap": 0.0,
        "topic_overlap": 0.0,
        "score": 0.0
      },
      {
        "query": "artificial intelligence trends 2024",
        "source_overlap": 0.0,
        "topic_overlap": 0.0,
        "score": 0.0
      },
      {
        "query": "sustainable energy research funding",
        "source_overlap": 0.0,
        "topic_overlap": 0.0,
        "score": 0.0
      },
      {
        "query": "biotechnology publications 2023",
        "source_overlap": 0.0,
        "topic_overlap": 0.0,
        "score": 0.0
      },
      {
        "query": "quantum computing research India",
        "source_overlap": 0.0,
        "topic_overlap": 0.0,
        "score": 0.0
      },
      {
        "query": "data science researchers Maharashtra",
        "source_overlap": 0.0,
        "topic_overlap": 0.0,
        "score": 0.0
      },
      {
        "query": "renewable energy collaboration international",
        "source_overlap": 0.0,
        "topic_overlap": 0.0,
        "score": 0.0
      },
      {
        "query": "computer vision research Karnataka",
        "source_overlap": 0.0,
        "topic_overlap": 0.0,
        "score": 0.0
      },
      {
        "query": "natural language processing researchers Tamil Nadu",
        "source_overlap": 0.0,
        "topic_overlap": 0.0,
        "score": 0.0
      }
    ],
    "timestamp": "2026-05-01T09:56:44Z"
  },
  "qdrant": {
    "indexed_vectors": 0,
    "total_vectors": 1800,
    "coverage_pct": 0.0,
    "status": "ok",
    "index_built": true,
    "latency_ms": 140.59
  }
}
