/Users/srujansai/Desktop/NRG/.venv/lib/python3.11/site-packages/pytest_asyncio/plugin.py:247: PytestDeprecationWarning: The configuration option "asyncio_default_fixture_loop_scope" is unset.
The event loop scope for asynchronous fixtures will default to the fixture caching scope. Future versions of pytest-asyncio will default the loop scope for asynchronous fixtures to function scope. Set the default fixture loop scope explicitly in order to avoid unexpected behavior in the future. Valid fixture loop scopes are: "function", "class", "module", "package", "session"

  warnings.warn(PytestDeprecationWarning(_DEFAULT_FIXTURE_LOOP_SCOPE_UNSET))
[1m============================= test session starts ==============================[0m
platform darwin -- Python 3.11.7, pytest-8.2.2, pluggy-1.6.0 -- /Users/srujansai/Desktop/NRG/.venv/bin/python
cachedir: .pytest_cache
hypothesis profile 'default' -> database=DirectoryBasedExampleDatabase(PosixPath('/Users/srujansai/Desktop/NRG/.hypothesis/examples'))
rootdir: /Users/srujansai/Desktop/NRG
configfile: pytest.ini
plugins: hypothesis-6.100.1, cov-7.1.0, Faker-22.6.0, xdist-3.8.0, timeout-2.4.0, rerunfailures-14.0, langsmith-0.7.32, asyncio-1.3.0, anyio-4.13.0
asyncio: mode=Mode.AUTO, debug=False, asyncio_default_fixture_loop_scope=None, asyncio_default_test_loop_scope=function
[1mcollecting ... [0mcollected 3 items

tests/e2e/test_three_killer_queries.py::test_killer_query_returns_cited_rows_and_meets_latency[KILLER-01] [32mPASSED[0m[32m [ 33%][0m
tests/e2e/test_three_killer_queries.py::test_killer_query_returns_cited_rows_and_meets_latency[KILLER-02] [31mFAILED[0m[31m [ 66%][0m
tests/e2e/test_three_killer_queries.py::test_killer_query_returns_cited_rows_and_meets_latency[KILLER-03] [31mFAILED[0m[31m [100%][0m

=================================== FAILURES ===================================
[31m[1m______ test_killer_query_returns_cited_rows_and_meets_latency[KILLER-02] _______[0m
[1m[31mtests/e2e/test_three_killer_queries.py[0m:142: in test_killer_query_returns_cited_rows_and_meets_latency
    [0m[94massert[39;49;00m sql, tier_payloads[role][90m[39;49;00m
[1m[31mE   AssertionError: {'answer_confidence': 'high', 'answer_confidence_score': 0.95, 'answer_id': 'a95c4989-1b6b-45e9-8984-af5ff3382f51', 'assumptions': [], ...}[0m
[1m[31mE   assert ''[0m
----------------------------- Captured stdout call -----------------------------
{"timestamp": "2026-05-05T14:20:07.059862+00:00", "level": "INFO", "logger": "httpx", "message": "HTTP Request: POST http://testserver/login \"HTTP/1.1 200 OK\"", "module": "_client", "function": "_send_single_request", "line": 1025, "process_id": 31873, "thread_id": 8578674944, "extra": {}}
{"timestamp": "2026-05-05T14:20:07.233931+00:00", "level": "INFO", "logger": "httpx", "message": "HTTP Request: POST http://testserver/login \"HTTP/1.1 200 OK\"", "module": "_client", "function": "_send_single_request", "line": 1025, "process_id": 31873, "thread_id": 8578674944, "extra": {}}
{"timestamp": "2026-05-05T14:20:07.381795+00:00", "level": "INFO", "logger": "httpx", "message": "HTTP Request: POST http://testserver/login \"HTTP/1.1 200 OK\"", "module": "_client", "function": "_send_single_request", "line": 1025, "process_id": 31873, "thread_id": 8578674944, "extra": {}}
{"timestamp": "2026-05-05T14:20:07.410439+00:00", "level": "INFO", "logger": "httpx", "message": "HTTP Request: POST http://testserver/query \"HTTP/1.1 200 OK\"", "module": "_client", "function": "_send_single_request", "line": 1025, "process_id": 31873, "thread_id": 8578674944, "extra": {}}
{"timestamp": "2026-05-05T14:20:07.434376+00:00", "level": "INFO", "logger": "httpx", "message": "HTTP Request: POST http://testserver/query \"HTTP/1.1 200 OK\"", "module": "_client", "function": "_send_single_request", "line": 1025, "process_id": 31873, "thread_id": 8578674944, "extra": {}}
{"timestamp": "2026-05-05T14:20:07.480916+00:00", "level": "INFO", "logger": "httpx", "message": "HTTP Request: POST http://testserver/query \"HTTP/1.1 200 OK\"", "module": "_client", "function": "_send_single_request", "line": 1025, "process_id": 31873, "thread_id": 8578674944, "extra": {}}
------------------------------ Captured log call -------------------------------
[32mINFO    [0m httpx:_client.py:1025 HTTP Request: POST http://testserver/login "HTTP/1.1 200 OK"
[32mINFO    [0m httpx:_client.py:1025 HTTP Request: POST http://testserver/login "HTTP/1.1 200 OK"
[32mINFO    [0m httpx:_client.py:1025 HTTP Request: POST http://testserver/login "HTTP/1.1 200 OK"
[32mINFO    [0m httpx:_client.py:1025 HTTP Request: POST http://testserver/query "HTTP/1.1 200 OK"
[32mINFO    [0m httpx:_client.py:1025 HTTP Request: POST http://testserver/query "HTTP/1.1 200 OK"
[32mINFO    [0m httpx:_client.py:1025 HTTP Request: POST http://testserver/query "HTTP/1.1 200 OK"
[31m[1m______ test_killer_query_returns_cited_rows_and_meets_latency[KILLER-03] _______[0m
[1m[31mtests/e2e/test_three_killer_queries.py[0m:143: in test_killer_query_returns_cited_rows_and_meets_latency
    [0m_assert_expected_sql_shape(sql, case)[90m[39;49;00m
[1m[31mtests/e2e/test_three_killer_queries.py[0m:118: in _assert_expected_sql_shape
    [0m[94massert[39;49;00m needle_lower [95min[39;49;00m sql_lower, sql[90m[39;49;00m
[1m[31mE   AssertionError: SELECT institute, grant_count, funding_cr FROM c4_funding_institute_read_model ORDER BY funding_cr DESC LIMIT 5[0m
[1m[31mE   assert 'with' in 'select institute, grant_count, funding_cr from c4_funding_institute_read_model order by funding_cr desc limit 5'[0m
----------------------------- Captured stdout call -----------------------------
{"timestamp": "2026-05-05T14:20:09.090298+00:00", "level": "INFO", "logger": "httpx", "message": "HTTP Request: POST http://testserver/login \"HTTP/1.1 200 OK\"", "module": "_client", "function": "_send_single_request", "line": 1025, "process_id": 31873, "thread_id": 8578674944, "extra": {}}
{"timestamp": "2026-05-05T14:20:09.168776+00:00", "level": "INFO", "logger": "httpx", "message": "HTTP Request: POST http://testserver/login \"HTTP/1.1 200 OK\"", "module": "_client", "function": "_send_single_request", "line": 1025, "process_id": 31873, "thread_id": 8578674944, "extra": {}}
{"timestamp": "2026-05-05T14:20:09.429570+00:00", "level": "INFO", "logger": "httpx", "message": "HTTP Request: POST http://testserver/login \"HTTP/1.1 200 OK\"", "module": "_client", "function": "_send_single_request", "line": 1025, "process_id": 31873, "thread_id": 8578674944, "extra": {}}
{"timestamp": "2026-05-05T14:20:09.561291+00:00", "level": "INFO", "logger": "httpx", "message": "HTTP Request: POST http://testserver/query \"HTTP/1.1 200 OK\"", "module": "_client", "function": "_send_single_request", "line": 1025, "process_id": 31873, "thread_id": 8578674944, "extra": {}}
{"timestamp": "2026-05-05T14:20:11.250022+00:00", "level": "INFO", "logger": "src.api.main", "message": "request completed", "module": "logging_config", "function": "_log", "line": 69, "process_id": 31873, "thread_id": 6212317184, "extra": {}}
{"timestamp": "2026-05-05T14:20:11.252850+00:00", "level": "INFO", "logger": "httpx", "message": "HTTP Request: POST http://testserver/query \"HTTP/1.1 200 OK\"", "module": "_client", "function": "_send_single_request", "line": 1025, "process_id": 31873, "thread_id": 8578674944, "extra": {}}
{"timestamp": "2026-05-05T14:20:11.295722+00:00", "level": "INFO", "logger": "httpx", "message": "HTTP Request: POST http://testserver/query \"HTTP/1.1 200 OK\"", "module": "_client", "function": "_send_single_request", "line": 1025, "process_id": 31873, "thread_id": 8578674944, "extra": {}}
------------------------------ Captured log call -------------------------------
[32mINFO    [0m httpx:_client.py:1025 HTTP Request: POST http://testserver/login "HTTP/1.1 200 OK"
[32mINFO    [0m httpx:_client.py:1025 HTTP Request: POST http://testserver/login "HTTP/1.1 200 OK"
[32mINFO    [0m httpx:_client.py:1025 HTTP Request: POST http://testserver/login "HTTP/1.1 200 OK"
[32mINFO    [0m httpx:_client.py:1025 HTTP Request: POST http://testserver/query "HTTP/1.1 200 OK"
[32mINFO    [0m src.api.main:logging_config.py:69 request completed
[32mINFO    [0m httpx:_client.py:1025 HTTP Request: POST http://testserver/query "HTTP/1.1 200 OK"
[32mINFO    [0m httpx:_client.py:1025 HTTP Request: POST http://testserver/query "HTTP/1.1 200 OK"
[33m=============================== warnings summary ===============================[0m
tests/e2e/test_three_killer_queries.py::test_killer_query_returns_cited_rows_and_meets_latency[KILLER-01]
tests/e2e/test_three_killer_queries.py::test_killer_query_returns_cited_rows_and_meets_latency[KILLER-02]
tests/e2e/test_three_killer_queries.py::test_killer_query_returns_cited_rows_and_meets_latency[KILLER-03]
  /Users/srujansai/Desktop/NRG/.venv/lib/python3.11/site-packages/fastapi/routing.py:120: FastAPIDeprecationWarning: ORJSONResponse is deprecated, FastAPI now serializes data directly to JSON bytes via Pydantic when a return type or response model is set, which is faster and doesn't need a custom response class. Read more in the FastAPI docs: https://fastapi.tiangolo.com/advanced/custom-response/#orjson-or-response-model and https://fastapi.tiangolo.com/tutorial/response-model/
    response = await f(request)

-- Docs: https://docs.pytest.org/en/stable/how-to/capture-warnings.html
[36m[1m=========================== short test summary info ============================[0m
[31mFAILED[0m tests/e2e/test_three_killer_queries.py::[1mtest_killer_query_returns_cited_rows_and_meets_latency[KILLER-02][0m - AssertionError: {'answer_confidence': 'high', 'answer_confidence_score': 0.95, 'answer_id': 'a95c4989-1b6b-45e9-8984-af5ff3382f51', 'assumptions': [], ...}
assert ''
[31mFAILED[0m tests/e2e/test_three_killer_queries.py::[1mtest_killer_query_returns_cited_rows_and_meets_latency[KILLER-03][0m - AssertionError: SELECT institute, grant_count, funding_cr FROM c4_funding_institute_read_model ORDER BY funding_cr DESC LIMIT 5
assert 'with' in 'select institute, grant_count, funding_cr from c4_funding_institute_read_model order by funding_cr desc limit 5'
[31m============= [31m[1m2 failed[0m, [32m1 passed[0m, [33m3 warnings[0m[31m in 118.44s (0:01:58)[0m[31m ==============[0m
