/Users/srujansai/Desktop/NRG/.venv/lib/python3.11/site-packages/pytest_asyncio/plugin.py:247: PytestDeprecationWarning: The configuration option "asyncio_default_fixture_loop_scope" is unset.
The event loop scope for asynchronous fixtures will default to the fixture caching scope. Future versions of pytest-asyncio will default the loop scope for asynchronous fixtures to function scope. Set the default fixture loop scope explicitly in order to avoid unexpected behavior in the future. Valid fixture loop scopes are: "function", "class", "module", "package", "session"

  warnings.warn(PytestDeprecationWarning(_DEFAULT_FIXTURE_LOOP_SCOPE_UNSET))
[1m============================= test session starts ==============================[0m
platform darwin -- Python 3.11.7, pytest-8.2.2, pluggy-1.6.0 -- /Users/srujansai/Desktop/NRG/.venv/bin/python
cachedir: .pytest_cache
hypothesis profile 'default' -> database=DirectoryBasedExampleDatabase(PosixPath('/Users/srujansai/Desktop/NRG/.hypothesis/examples'))
rootdir: /Users/srujansai/Desktop/NRG
configfile: pytest.ini
plugins: hypothesis-6.100.1, cov-7.1.0, Faker-22.6.0, xdist-3.8.0, timeout-2.4.0, rerunfailures-14.0, langsmith-0.7.32, asyncio-1.3.0, anyio-4.13.0
asyncio: mode=Mode.AUTO, debug=False, asyncio_default_fixture_loop_scope=None, asyncio_default_test_loop_scope=function
[1mcollecting ... [0mcollected 3 items

tests/e2e/test_three_killer_queries.py::test_killer_query_returns_cited_rows_and_meets_latency[KILLER-01] [32mPASSED[0m[32m [ 33%][0m
tests/e2e/test_three_killer_queries.py::test_killer_query_returns_cited_rows_and_meets_latency[KILLER-02] [32mPASSED[0m[33m [ 66%][0m
tests/e2e/test_three_killer_queries.py::test_killer_query_returns_cited_rows_and_meets_latency[KILLER-03] [32mPASSED[0m[33m [100%][0m

[33m=============================== warnings summary ===============================[0m
tests/e2e/test_three_killer_queries.py::test_killer_query_returns_cited_rows_and_meets_latency[KILLER-01]
tests/e2e/test_three_killer_queries.py::test_killer_query_returns_cited_rows_and_meets_latency[KILLER-02]
tests/e2e/test_three_killer_queries.py::test_killer_query_returns_cited_rows_and_meets_latency[KILLER-03]
  /Users/srujansai/Desktop/NRG/.venv/lib/python3.11/site-packages/fastapi/routing.py:120: FastAPIDeprecationWarning: ORJSONResponse is deprecated, FastAPI now serializes data directly to JSON bytes via Pydantic when a return type or response model is set, which is faster and doesn't need a custom response class. Read more in the FastAPI docs: https://fastapi.tiangolo.com/advanced/custom-response/#orjson-or-response-model and https://fastapi.tiangolo.com/tutorial/response-model/
    response = await f(request)

-- Docs: https://docs.pytest.org/en/stable/how-to/capture-warnings.html
[33m======================== [32m3 passed[0m, [33m[1m3 warnings[0m[33m in 5.16s[0m[33m =========================[0m
