/Users/srujansai/Desktop/NRG/.venv/lib/python3.11/site-packages/pytest_asyncio/plugin.py:247: PytestDeprecationWarning: The configuration option "asyncio_default_fixture_loop_scope" is unset.
The event loop scope for asynchronous fixtures will default to the fixture caching scope. Future versions of pytest-asyncio will default the loop scope for asynchronous fixtures to function scope. Set the default fixture loop scope explicitly in order to avoid unexpected behavior in the future. Valid fixture loop scopes are: "function", "class", "module", "package", "session"

  warnings.warn(PytestDeprecationWarning(_DEFAULT_FIXTURE_LOOP_SCOPE_UNSET))
[1m============================= test session starts ==============================[0m
platform darwin -- Python 3.11.7, pytest-8.2.2, pluggy-1.6.0
rootdir: /Users/srujansai/Desktop/NRG
configfile: pytest.ini
plugins: hypothesis-6.100.1, cov-7.1.0, Faker-22.6.0, xdist-3.8.0, timeout-2.4.0, rerunfailures-14.0, langsmith-0.7.32, asyncio-1.3.0, anyio-4.13.0
asyncio: mode=Mode.AUTO, debug=False, asyncio_default_fixture_loop_scope=None, asyncio_default_test_loop_scope=function
collected 93 items / 20 deselected / 73 selected

tests/api/test_new_endpoints.py [32m.[0m[32m.[0m[32m.[0m[32m.[0m[32m.[0m[32m.[0m[32m.[0m[32m.[0m[32m.[0m[32m.[0m[32m.[0m[32m.[0m[33m                             [ 16%][0m
tests/api/test_c4_read_model.py [32m.[0m[32m.[0m[32m.[0m[32m.[0m[32m.[0m[33m                                    [ 23%][0m
tests/api/test_glm_fusion_queries.py [32m.[0m[32m.[0m[32m.[0m[32m.[0m[32m.[0m[32m.[0m[32m.[0m[33m                             [ 32%][0m
tests/api/test_k4_publication_count_fast_path.py [32m.[0m[32m.[0m[33m                      [ 35%][0m
tests/api/test_langgraph_api.py [32m.[0m[33m                                        [ 36%][0m
tests/api/test_minimax_mvp_fusion_queries.py [32m.[0m[32m.[0m[32m.[0m[33m                         [ 41%][0m
tests/property/test_tier_filtering_always_returns_subset.py [32m.[0m[32m.[0m[32m.[0m[32m.[0m[32m.[0m[32m.[0m[32m.[0m[32m.[0m[32m.[0m[32m.[0m[32m.[0m[32m.[0m[33m [ 57%]
[0m[32m.[0m[32m.[0m[32m.[0m[32m.[0m[32m.[0m[32m.[0m[32m.[0m[32m.[0m[32m.[0m[32m.[0m[33m                                                               [ 71%][0m
tests/observability/test_metrics.py [32m.[0m[32m.[0m[32m.[0m[32m.[0m[32m.[0m[32m.[0m[32m.[0m[33ms[0m[32m.[0m[32m.[0m[32m.[0m[32m.[0m[32m.[0m[32m.[0m[32m.[0m[32m.[0m[32m.[0m[32m.[0m[32m.[0m[32m.[0m[32m.[0m[33m                [100%][0m

[33m=============================== warnings summary ===============================[0m
tests/api/test_new_endpoints.py: 11 warnings
tests/api/test_glm_fusion_queries.py: 1 warning
tests/api/test_minimax_mvp_fusion_queries.py: 1 warning
tests/property/test_tier_filtering_always_returns_subset.py: 22 warnings
tests/observability/test_metrics.py: 8 warnings
  /Users/srujansai/Desktop/NRG/.venv/lib/python3.11/site-packages/fastapi/routing.py:120: FastAPIDeprecationWarning: ORJSONResponse is deprecated, FastAPI now serializes data directly to JSON bytes via Pydantic when a return type or response model is set, which is faster and doesn't need a custom response class. Read more in the FastAPI docs: https://fastapi.tiangolo.com/advanced/custom-response/#orjson-or-response-model and https://fastapi.tiangolo.com/tutorial/response-model/
    response = await f(request)

-- Docs: https://docs.pytest.org/en/stable/how-to/capture-warnings.html
[33m========== [32m72 passed[0m, [33m[1m1 skipped[0m, [33m[1m20 deselected[0m, [33m[1m43 warnings[0m[33m in 7.66s[0m[33m ===========[0m
