[1m============================= test session starts ==============================[0m
platform darwin -- Python 3.11.7, pytest-8.2.2, pluggy-1.6.0
rootdir: /Users/srujansai/Desktop/NRG
configfile: pytest.ini
plugins: hypothesis-6.100.1, cov-7.1.0, Faker-22.6.0, xdist-3.8.0, rerunfailures-14.0, langsmith-0.7.32, asyncio-1.3.0, anyio-4.13.0
asyncio: mode=Mode.AUTO, debug=False, asyncio_default_fixture_loop_scope=None, asyncio_default_test_loop_scope=function
collected 206 items / 7 deselected / 199 selected

tests/contract/test_answer_engine_v1_contract.py [32m.[0m[32m.[0m[32m.[0m[32m                     [  1%][0m
tests/contract/test_api_response_schema.py [32m.[0m[32m.[0m[32m.[0m[32m.[0m[32m.[0m[32m.[0m[32m.[0m[32m.[0m[32m                      [  5%][0m
tests/contract/test_api_schema.py [32m.[0m[32m.[0m[32m.[0m[32m.[0m[32m.[0m[32m.[0m[32m.[0m[32m.[0m[32m.[0m[32m.[0m[32m.[0m[32m.[0m[32m.[0m[32m.[0m[32m.[0m[32m.[0m[32m.[0m[32m                      [ 14%][0m
tests/contract/test_pipeline_contracts.py [32m.[0m[32m.[0m[32m.[0m[32m.[0m[32m.[0m[32m.[0m[32m.[0m[32m.[0m[32m.[0m[32m.[0m[32m.[0m[32m.[0m[32m.[0m[32m.[0m[32m                 [ 21%][0m
tests/contract/test_query_endpoint.py [32m.[0m[32m.[0m[32m.[0m[32m.[0m[32m.[0m[32m.[0m[32m.[0m[32m.[0m[32m.[0m[32m.[0m[32m.[0m[32m.[0m[32m                       [ 27%][0m
tests/api/test_health_endpoints.py [32m.[0m[32m.[0m[32m.[0m[32m.[0m[32m.[0m[32m.[0m[32m.[0m[32m.[0m[32m.[0m[32m.[0m[32m.[0m[32m.[0m[32m.[0m[32m.[0m[32m.[0m[32m.[0m[32m.[0m[32m.[0m[32m.[0m[32m                   [ 36%][0m
tests/api/test_query_security_validation.py [32m.[0m[32m.[0m[32m.[0m[32m.[0m[32m.[0m[32m.[0m[32m.[0m[32m.[0m[32m                     [ 40%][0m
tests/api/test_live_hybrid_stream.py [32m.[0m[32m                                   [ 41%][0m
tests/api/test_tier_response_filtering.py [32m.[0m[32m.[0m[32m                             [ 42%][0m
tests/api/test_minimax_mvp_fusion_queries.py [32m.[0m[32m.[0m[32m.[0m[32m                         [ 43%][0m
tests/security/test_prompt_injection.py [32m.[0m[32m.[0m[32m.[0m[32m                              [ 45%][0m
tests/security/test_sql_injection_blocked.py [32m.[0m[32m.[0m[32m.[0m[32m.[0m[32m.[0m[32m.[0m[32m.[0m[32m.[0m[32m.[0m[32m.[0m[32m.[0m[32m.[0m[32m.[0m[32m.[0m[32m.[0m[32m.[0m[32m.[0m[32m           [ 53%][0m
tests/security/test_pii_indian.py [32m.[0m[32m.[0m[32m.[0m[32m.[0m[32m.[0m[32m.[0m[32m.[0m[32m.[0m[32m.[0m[32m.[0m[32m.[0m[32m                            [ 59%][0m
tests/security/test_tier_generalization.py [32m.[0m[32m.[0m[32m.[0m[32m.[0m[32m.[0m[32m.[0m[32m.[0m[32m.[0m[32m.[0m[32m.[0m[32m.[0m[32m.[0m[32m.[0m[32m.[0m[32m.[0m[32m.[0m[32m.[0m[32m.[0m[32m.[0m[32m.[0m[32m.[0m[32m.[0m[32m.[0m[32m       [ 70%][0m
tests/security/test_zero_leakage.py [32m.[0m[32m.[0m[32m.[0m[32m.[0m[32m.[0m[33ms[0m[32m.[0m[32m.[0m[32m                             [ 74%][0m
tests/audit/test_chain_integrity.py [32m.[0m[32m.[0m[32m.[0m[32m.[0m[32m.[0m[32m.[0m[32m.[0m[32m.[0m[32m.[0m[32m.[0m[32m.[0m[32m.[0m[32m.[0m[32m.[0m[32m.[0m[32m.[0m[32m.[0m[32m.[0m[32m.[0m[32m                  [ 84%][0m
tests/skills/test_text_to_sql.py [32m.[0m[32m.[0m[32m.[0m[32m.[0m[32m.[0m[32m.[0m[32m.[0m[32m.[0m[32m.[0m[32m.[0m[32m.[0m[32m.[0m[32m.[0m[32m                           [ 90%][0m
tests/skills/test_text_to_sql_rewriter.py [32m.[0m[32m.[0m[32m.[0m[32m.[0m[32m                           [ 92%][0m
tests/skills/test_rag.py [32m.[0m[32m.[0m[32m.[0m[32m.[0m[32m.[0m[32m.[0m[32m.[0m[32m.[0m[32m                                        [ 96%][0m
tests/orchestration/test_query_catalog.py [32m.[0m[32m.[0m[32m.[0m[32m.[0m[32m.[0m[32m.[0m[32m                         [100%][0m

[32m================ [32m[1m198 passed[0m, [33m1 skipped[0m, [33m7 deselected[0m[32m in 12.42s[0m[32m =================[0m
