============================= test session starts ==============================
platform darwin -- Python 3.11.7, pytest-8.2.2, pluggy-1.6.0 -- /Users/srujansai/Desktop/NRG/.venv/bin/python
cachedir: .pytest_cache
hypothesis profile 'default' -> database=DirectoryBasedExampleDatabase(PosixPath('/Users/srujansai/Desktop/NRG/.hypothesis/examples'))
rootdir: /Users/srujansai/Desktop/NRG
configfile: pytest.ini
plugins: hypothesis-6.100.1, cov-7.1.0, Faker-22.6.0, xdist-3.8.0, rerunfailures-14.0, langsmith-0.7.32, asyncio-1.3.0, anyio-4.13.0
asyncio: mode=Mode.AUTO, debug=False, asyncio_default_fixture_loop_scope=None, asyncio_default_test_loop_scope=function
collecting ... collected 51 items

tests/api/test_health_endpoints.py::test_db_health_endpoint_uses_canonical_database PASSED [  1%]
tests/api/test_health_endpoints.py::test_root_health_uses_canonical_database PASSED [  3%]
tests/api/test_health_endpoints.py::test_root_health_reports_table_count_and_fast_audit_status PASSED [  5%]
tests/api/test_health_endpoints.py::test_root_health_reports_audit_lineage_repair_required_as_unhealthy PASSED [  7%]
tests/api/test_health_endpoints.py::test_root_health_reports_broken_audit_lineage_as_critical PASSED [  9%]
tests/api/test_health_endpoints.py::test_health_fails_when_qdrant_empty PASSED [ 11%]
tests/api/test_health_endpoints.py::test_root_health_reports_zero_vector_qdrant_as_critical PASSED [ 13%]
tests/api/test_health_endpoints.py::test_qdrant_zero_vectors PASSED      [ 15%]
tests/api/test_health_endpoints.py::test_root_health_reports_zero_vectors_from_collection_metadata_as_critical PASSED [ 17%]
tests/api/test_health_endpoints.py::test_query_result_cache_ttl_is_long_enough_for_load_review PASSED [ 19%]
tests/api/test_health_endpoints.py::test_root_health_reports_vector_drift_status_file PASSED [ 21%]
tests/api/test_health_endpoints.py::test_qdrant_health_endpoint_reports_readiness PASSED [ 23%]
tests/api/test_health_endpoints.py::TestAPIMemoryCache::test_cache_get_set PASSED [ 25%]
tests/api/test_health_endpoints.py::TestAPIMemoryCache::test_cache_expires PASSED [ 27%]
tests/api/test_health_endpoints.py::TestAPIMemoryCache::test_cache_invalidate_prefix PASSED [ 29%]
tests/api/test_health_endpoints.py::TestAPIMemoryCache::test_cache_invalidate_all PASSED [ 31%]
tests/api/test_auth_api.py::test_researchers_endpoint_applies_role_based_filtering PASSED [ 33%]
tests/api/test_critical_path_stream.py::test_get_stream_uses_cookie_auth_and_named_phases PASSED [ 35%]
tests/data/test_schema_parity.py::TestSchemaParity::test_db_struct_sql_parseable PASSED [ 37%]
tests/data/test_schema_parity.py::TestSchemaParity::test_alembic_upgrade_head_creates_all_db_struct_tables_locally PASSED [ 39%]
tests/data/test_schema_parity.py::TestSchemaParity::test_trl_stages_sql_migration_aliases_stage_column PASSED [ 41%]
tests/data/test_schema_parity.py::TestSchemaParity::test_active_schema_has_trl_stages_view PASSED [ 43%]
tests/data/test_schema_parity.py::TestSchemaParity::test_seed_script_declares_every_db_struct_table PASSED [ 45%]
tests/data/test_schema_parity.py::TestSchemaParity::test_hot_join_indexes_apply_and_explain_locally PASSED [ 47%]
tests/data/test_schema_parity.py::TestSchemaParity::test_dhairya_tables_present PASSED [ 49%]
tests/data/test_schema_parity.py::TestSchemaParity::test_live_db_connection PASSED [ 50%]
tests/data/test_schema_parity.py::TestSchemaParity::test_live_db_has_all_tables PASSED [ 52%]
tests/data/test_schema_parity.py::TestSchemaParity::test_live_db_has_all_columns PASSED [ 54%]
tests/data/test_schema_parity.py::TestSchemaParity::test_schema_fingerprint_stable PASSED [ 56%]
tests/data/test_schema_parity.py::TestSchemaParity::test_schema_fingerprint_matches_expected PASSED [ 58%]
tests/data/test_schema_parity.py::TestSchemaParity::test_all_dhairya_tables_have_minimum_rows PASSED [ 60%]
tests/data/test_schema_parity.py::TestSchemaParity::test_primary_keys_intact PASSED [ 62%]
tests/data/test_schema_parity.py::TestSchemaParity::test_no_orphan_foreign_keys PASSED [ 64%]
tests/data/test_schema_parity.py::TestSchemaParity::test_total_credit_score_is_text_type PASSED [ 66%]
tests/skills/test_sandbox.py::test_execute_readonly_blocks_non_select PASSED [ 68%]
tests/skills/test_sandbox.py::test_execute_readonly_allows_select PASSED [ 70%]
tests/skills/test_sandbox.py::test_execute_readonly_logs_error PASSED    [ 72%]
tests/skills/test_sandbox.py::test_test_connection_ok PASSED             [ 74%]
tests/skills/test_sandbox.py::test_test_connection_fail PASSED           [ 76%]
tests/skills/test_sandbox.py::test_get_tables PASSED                     [ 78%]
tests/skills/test_sandbox.py::test_close_disposes_engine PASSED          [ 80%]
tests/skills/test_sandbox.py::test_execute_sql_helper_returns_rows PASSED [ 82%]
tests/skills/test_sandbox.py::test_sandbox_uses_database_url_when_present PASSED [ 84%]
tests/skills/test_sandbox.py::test_sqlite_sandbox_registers_split_part_function PASSED [ 86%]
tests/performance/test_query_latency_hot_path.py::test_text_to_sql_query_plan_cache_reuses_schema_prompt PASSED [ 88%]
tests/performance/test_query_latency_hot_path.py::test_text_to_sql_llm_timeout_falls_back_quickly PASSED [ 90%]
tests/performance/test_query_latency_hot_path.py::test_structured_sql_only_synthesis_bypasses_cloud_llm PASSED [ 92%]
tests/performance/test_query_latency_hot_path.py::test_router_applies_tier_complexity_limit PASSED [ 94%]
tests/performance/test_query_latency_hot_path.py::test_planner_heuristic_path_skips_schema_extractor_when_llm_disabled PASSED [ 96%]
tests/performance/test_query_latency_hot_path.py::test_pipeline_node_latency_budget_documents_sub_3s_target PASSED [ 98%]
tests/performance/test_query_latency_hot_path.py::test_dhairya_benchmark_workflow_p95_under_3s PASSED [100%]{"timestamp": "2026-04-28T21:44:58.000314+00:00", "level": "INFO", "logger": "src.training.data_collector", "message": "Training pair captured: 75d698fd-91ab-4e9d-879b-1e727237fd54 grade=gold", "module": "data_collector", "function": "capture", "line": 251, "process_id": 58014, "thread_id": 6212235264, "extra": {}}


============================= 51 passed in 20.18s ==============================
