/Users/srujansai/Desktop/NRG/.venv/lib/python3.11/site-packages/pytest_asyncio/plugin.py:247: PytestDeprecationWarning: The configuration option "asyncio_default_fixture_loop_scope" is unset.
The event loop scope for asynchronous fixtures will default to the fixture caching scope. Future versions of pytest-asyncio will default the loop scope for asynchronous fixtures to function scope. Set the default fixture loop scope explicitly in order to avoid unexpected behavior in the future. Valid fixture loop scopes are: "function", "class", "module", "package", "session"

  warnings.warn(PytestDeprecationWarning(_DEFAULT_FIXTURE_LOOP_SCOPE_UNSET))
============================= test session starts ==============================
platform darwin -- Python 3.11.7, pytest-8.2.2, pluggy-1.6.0 -- /Users/srujansai/Desktop/NRG/.venv/bin/python
cachedir: .pytest_cache
hypothesis profile 'default' -> database=DirectoryBasedExampleDatabase(PosixPath('/Users/srujansai/Desktop/NRG/.hypothesis/examples'))
rootdir: /Users/srujansai/Desktop/NRG
configfile: pytest.ini
plugins: hypothesis-6.100.1, cov-7.1.0, Faker-22.6.0, xdist-3.8.0, rerunfailures-14.0, langsmith-0.7.32, asyncio-1.3.0, anyio-4.13.0
asyncio: mode=Mode.AUTO, debug=False, asyncio_default_fixture_loop_scope=None, asyncio_default_test_loop_scope=function
collecting ... collected 7 items

tests/performance/test_query_latency_hot_path.py::test_text_to_sql_query_plan_cache_reuses_schema_prompt PASSED [ 14%]
tests/performance/test_query_latency_hot_path.py::test_text_to_sql_llm_timeout_falls_back_quickly PASSED [ 28%]
tests/performance/test_query_latency_hot_path.py::test_structured_sql_only_synthesis_bypasses_cloud_llm PASSED [ 42%]
tests/performance/test_query_latency_hot_path.py::test_router_applies_tier_complexity_limit PASSED [ 57%]
tests/performance/test_query_latency_hot_path.py::test_planner_heuristic_path_skips_schema_extractor_when_llm_disabled PASSED [ 71%]
tests/performance/test_query_latency_hot_path.py::test_pipeline_node_latency_budget_documents_sub_3s_target PASSED [ 85%]
tests/performance/test_query_latency_hot_path.py::test_dhairya_benchmark_workflow_p95_under_3s PASSED [100%]

============================== 7 passed in 23.81s ==============================
