/Users/srujansai/Desktop/NRG/.venv/lib/python3.11/site-packages/pytest_asyncio/plugin.py:247: PytestDeprecationWarning: The configuration option "asyncio_default_fixture_loop_scope" is unset.
The event loop scope for asynchronous fixtures will default to the fixture caching scope. Future versions of pytest-asyncio will default the loop scope for asynchronous fixtures to function scope. Set the default fixture loop scope explicitly in order to avoid unexpected behavior in the future. Valid fixture loop scopes are: "function", "class", "module", "package", "session"

  warnings.warn(PytestDeprecationWarning(_DEFAULT_FIXTURE_LOOP_SCOPE_UNSET))
============================= test session starts ==============================
platform darwin -- Python 3.11.7, pytest-8.2.2, pluggy-1.6.0 -- /Users/srujansai/Desktop/NRG/.venv/bin/python
cachedir: .pytest_cache
hypothesis profile 'default' -> database=DirectoryBasedExampleDatabase(PosixPath('/Users/srujansai/Desktop/NRG/.hypothesis/examples'))
rootdir: /Users/srujansai/Desktop/NRG
configfile: pytest.ini
plugins: hypothesis-6.100.1, cov-7.1.0, Faker-22.6.0, xdist-3.8.0, rerunfailures-14.0, langsmith-0.7.32, asyncio-1.3.0, anyio-4.13.0
asyncio: mode=Mode.AUTO, debug=False, asyncio_default_fixture_loop_scope=None, asyncio_default_test_loop_scope=function
collecting ... collected 10 items

tests/skills/test_sandbox.py::test_execute_readonly_blocks_non_select PASSED [ 10%]
tests/skills/test_sandbox.py::test_execute_readonly_allows_select PASSED [ 20%]
tests/skills/test_sandbox.py::test_execute_readonly_logs_error PASSED    [ 30%]
tests/skills/test_sandbox.py::test_test_connection_ok PASSED             [ 40%]
tests/skills/test_sandbox.py::test_test_connection_fail PASSED           [ 50%]
tests/skills/test_sandbox.py::test_get_tables PASSED                     [ 60%]
tests/skills/test_sandbox.py::test_close_disposes_engine PASSED          [ 70%]
tests/skills/test_sandbox.py::test_execute_sql_helper_returns_rows PASSED [ 80%]
tests/skills/test_sandbox.py::test_sandbox_uses_database_url_when_present PASSED [ 90%]
tests/skills/test_sandbox.py::test_sqlite_sandbox_registers_split_part_function PASSED [100%]

============================== 10 passed in 3.33s ==============================
