
> nrg-frontend@1.0.0 build
> tsc && vite build --emptyOutDir

vite v6.4.2 building for production...
transforming...
✓ 1965 modules transformed.
rendering chunks...
computing gzip size...
../dist/frontend/index.html                                7.87 kB │ gzip:  2.52 kB
../dist/frontend/assets/index-CAEBB3uC.css                75.88 kB │ gzip: 14.25 kB
../dist/frontend/assets/queryClient-DKD3FHkq.js            0.28 kB │ gzip:  0.24 kB │ map:   0.67 kB
../dist/frontend/assets/app-B7rjS0OM.js                    2.30 kB │ gzip:  1.14 kB │ map:   1.76 kB
../dist/frontend/assets/vendor-zustand-CSgjpz7m.js         2.75 kB │ gzip:  1.33 kB │ map:  23.62 kB
../dist/frontend/assets/ThemeProvider-BsuFADWQ.js          3.82 kB │ gzip:  1.54 kB │ map:  13.16 kB
../dist/frontend/assets/AuditEvent-6rWr4U6H.js             4.09 kB │ gzip:  1.58 kB │ map:   8.84 kB
../dist/frontend/assets/FounderDashboard-6skWTFhb.js      14.22 kB │ gzip:  3.55 kB │ map:  27.27 kB
../dist/frontend/assets/GraphView-zPW2gSLJ.js             14.31 kB │ gzip:  4.28 kB │ map:  38.20 kB
../dist/frontend/assets/vendor-lucide-DMStkYwI.js         14.98 kB │ gzip:  5.12 kB │ map:  55.86 kB
../dist/frontend/assets/vendor-twmerge-BipO4l-O.js        20.45 kB │ gzip:  6.59 kB │ map: 101.35 kB
../dist/frontend/assets/ProductionWorkspace-CnswVKxU.js   23.65 kB │ gzip:  5.57 kB │ map:  57.85 kB
../dist/frontend/assets/IndustryDashboard-DDnwKgbT.js     23.88 kB │ gzip:  6.95 kB │ map:  54.99 kB
../dist/frontend/assets/GovernmentDashboard-D0bzi5VH.js   33.64 kB │ gzip:  9.37 kB │ map:  96.26 kB
../dist/frontend/assets/ResearcherDashboard-C43-DBZE.js   40.75 kB │ gzip: 11.07 kB │ map:  95.34 kB
../dist/frontend/assets/vendor-axios-D_ORNewt.js          41.64 kB │ gzip: 15.86 kB │ map: 205.33 kB
../dist/frontend/assets/vendor-tanstack-CzkT4RDT.js       53.37 kB │ gzip: 15.29 kB │ map: 204.44 kB
../dist/frontend/assets/vendor-d3-Di1I3mQB.js             63.33 kB │ gzip: 20.58 kB │ map: 261.76 kB
../dist/frontend/assets/emptyResults-Ey8MQFCb.js          74.04 kB │ gzip: 19.78 kB │ map: 200.14 kB
../dist/frontend/assets/vendor-motion-BB0ylp1u.js        114.41 kB │ gzip: 36.68 kB │ map: 635.04 kB
../dist/frontend/assets/vendor-react-xXKp14KZ.js         140.52 kB │ gzip: 45.39 kB │ map: 351.26 kB
../dist/frontend/assets/App-SehIoGwS.js                  148.09 kB │ gzip: 38.43 kB │ map: 353.80 kB
✓ built in 11.20s
