
============================================================
NRG Deployment Gate
Environment: staging
============================================================

  ℹ️ Running test suite...
  ℹ️ Checking schema synchronization...
  ℹ️ Validating RBAC policies...
  ℹ️ Checking Docker build...
  ℹ️ Checking health endpoints...
  ℹ️ Running security scan...

------------------------------------------------------------
Results:
------------------------------------------------------------

  ❌ [FAIL] Test Suite: Tests failed with exit code 1
      Duration: 172686ms
  ✅ [PASS] Schema Sync: Canonical schema check passed
      Duration: 2617ms
  ✅ [PASS] RBAC Policies: RBAC policies are valid
      Duration: 132ms
  ✅ [PASS] Docker Build: Docker configuration is valid
      Duration: 638ms
  ✅ [PASS] Health Endpoints: Health endpoint responsive at http://127.0.0.1:18000
      Duration: 1849ms
  ✅ [PASS] Security Scan: No obvious security issues detected
      Duration: 0ms

============================================================
❌ DEPLOYMENT BLOCKED — 1 check(s) failed: Test Suite
============================================================
