
============================================================
NRG Deployment Gate
Environment: staging
============================================================

  ℹ️ Running test suite...
  ℹ️ Checking schema synchronization...
  ℹ️ Validating RBAC policies...
  ℹ️ Checking Docker build...
  ℹ️ Checking health endpoints...
  ℹ️ Running security scan...

------------------------------------------------------------
Results:
------------------------------------------------------------

  ✅ [PASS] Test Suite: All tests passed
      Duration: 95433ms
  ✅ [PASS] Schema Sync: Canonical schema check passed
      Duration: 1019ms
  ✅ [PASS] RBAC Policies: RBAC policies are valid
      Duration: 68ms
  ✅ [PASS] Docker Build: Docker configuration is valid
      Duration: 528ms
  ✅ [PASS] Health Endpoints: Health endpoint responsive at http://127.0.0.1:18000
      Duration: 1795ms
  ✅ [PASS] Security Scan: No obvious security issues detected
      Duration: 1ms

============================================================
✅ ALL CHECKS PASSED — Ready to deploy
============================================================
