-rw-r--r--@  1 srujansai  staff   318707 May  6 03:01 vendor-recharts-Cq3bBcMe.js
-rw-r--r--@  1 srujansai  staff   148228 May  6 03:01 App-DMeOoxC8.js
-rw-r--r--@  1 srujansai  staff   140975 May  6 03:01 vendor-react-B6-lm7xQ.js
-rw-r--r--@  1 srujansai  staff   117305 May  6 03:01 vendor-d3-D78Ivw5d.js
-rw-r--r--@  1 srujansai  staff   114408 May  6 03:01 vendor-motion-rrFnO_qW.js
-rw-r--r--@  1 srujansai  staff    73095 May  6 03:01 emptyResults-CGfLKY3M.js
-rw-r--r--@  1 srujansai  staff    53370 May  6 03:01 vendor-tanstack-vqK3bN5H.js
-rw-r--r--@  1 srujansai  staff    41639 May  6 03:01 vendor-axios-D_ORNewt.js
-rw-r--r--@  1 srujansai  staff    40863 May  6 03:01 ResearcherDashboard-Bj4rAsGS.js
-rw-r--r--@  1 srujansai  staff    33052 May  6 03:01 GovernmentDashboard-SSD-n1IL.js
-rw-r--r--@  1 srujansai  staff    24020 May  6 03:01 IndustryDashboard-B73-pzE1.js
-rw-r--r--@  1 srujansai  staff    23645 May  6 03:01 ProductionWorkspace-C1Q0nwD6.js
-rw-r--r--@  1 srujansai  staff    20450 May  6 03:01 vendor-twmerge-BipO4l-O.js
-rw-r--r--@  1 srujansai  staff    14975 May  6 03:01 vendor-lucide-_Xi-3bPy.js
-rw-r--r--@  1 srujansai  staff    14320 May  6 03:01 GraphView-Bd7-gC5k.js
-rw-r--r--@  1 srujansai  staff    14223 May  6 03:01 FounderDashboard-CH18Yc7H.js
-rw-r--r--@  1 srujansai  staff     4091 May  6 03:01 AuditEvent-BIsY0xRE.js
-rw-r--r--@  1 srujansai  staff     3820 May  6 03:01 ThemeProvider-hqTY15vb.js
-rw-r--r--@  1 srujansai  staff     2748 May  6 03:01 vendor-zustand-fm80RHr8.js
-rw-r--r--@  1 srujansai  staff     2304 May  6 03:01 app-DkFVUreU.js
-rw-r--r--@  1 srujansai  staff      869 May  6 03:01 vendor-victory-DhT4J5Rs.js
-rw-r--r--@  1 srujansai  staff      423 May  6 03:01 vendor-clsx-BeLtu-UY.js
-rw-r--r--@  1 srujansai  staff      280 May  6 03:01 queryClient-BjeHxy5e.js
