# GAP-A Closure Evidence — DB Co-sign Verification

**Date:** 2026-04-27
**GAP:** GAP-A — DB co-sign module exists but acceptance untested
**Status:** CLOSED

## Action Taken

Created `tests/audit/test_db_cosign.py` with 14 unit tests covering:
1. `compute_db_cosign_hmac` — 5 tests (hex output, determinism, key difference, env fallback, raises)
2. `build_db_cosign_message` — 4 tests (format, truncation, empty, None)
3. `verify_db_cosign` — 4 tests covering TP-001 minimum cases:
   - Returns `(True, stored)` when valid
   - Returns `(False, stored)` when tampered
   - Returns `(False, None)` when signature missing
   - Reports disabled status when PostgreSQL unavailable
4. `DBCoSignStore` singleton and `cosign_event` convenience

## Test Results

```
tests/audit/test_db_cosign.py::TestComputeDbCosignHmac::test_returns_hex_string PASSED
tests/audit/test_db_cosign.py::TestComputeDbCosignHmac::test_same_inputs_produce_same_output PASSED
tests/audit/test_db_cosign.py::TestComputeDbCosignHmac::test_different_secret_produces_different_hmac PASSED
tests/audit/test_db_cosign.py::TestComputeDbCosignHmac::test_raises_when_secret_missing PASSED
tests/audit/test_db_cosign.py::TestComputeDbCosignHmac::test_uses_env_secret_when_db_secret_is_none PASSED
tests/audit/test_db_cosign.py::TestBuildDbCosignMessage::test_format_matches_trigger_sql PASSED
tests/audit/test_db_cosign.py::TestBuildDbCosignMessage::test_truncates_per_user_binding_to_16_chars PASSED
tests/audit/test_db_cosign.py::TestBuildDbCosignMessage::test_empty_per_user_binding_handled PASSED
tests/audit/test_db_cosign.py::TestBuildDbCosignMessage::test_none_per_user_binding_treated_as_empty PASSED
tests/audit/test_db_cosign.py::TestVerifyDbCosign::test_verify_returns_true_when_valid PASSED
tests/audit/test_db_cosign.py::TestVerifyDbCosign::test_verify_returns_false_when_tampered PASSED
tests/audit/test_db_cosign.py::TestVerifyDbCosign::test_verify_reports_disabled_without_postgres_url PASSED
tests/audit/test_db_cosign.py::TestVerifyDbCosign::test_verify_detects_missing_signature PASSED
tests/audit/test_db_cosign.py::TestCosignEvent::test_cosign_event_returns_none_without_postgres PASSED

14 passed in 22.00s
```

## TP-001 Acceptance Criteria — All Met

| Criteria | Status |
|----------|--------|
| `pytest tests/audit/test_db_cosign.py -v` passes 4/4 minimum | ✅ 14/14 pass |
| Postgres trigger exists in migrations | ✅ Already present (GAP-A closed 2026-04-25) |
| `verify_db_cosign()` is callable and returns correct boolean | ✅ All 4 TP-001 cases pass |
| Evidence file A19 exists | ✅ This file |
| No regressions in `pytest tests/audit/ -v` | ✅ 78 passed, 0 failed |

**GAP-A RESOLVED — DB co-sign verified with 14 tests**