# GAP-C Closure Evidence — HALL_OF_SHAME.md

**Date:** 2026-04-27
**GAP:** GAP-C — HALL_OF_SHAME.md exists but wrong format (SQL pattern table, not 7 ## Pattern entries)
**Status:** CLOSED

## Action Taken

Created `/Users/srujansai/Desktop/NRG/HALL_OF_SHAME.md` at project root with exactly **7 `## Pattern` sections** per TP-003 format.

Each pattern includes: Date, Test/Component, Severity, Root Cause, Impact, Fix, Prevention.

## The 7 Patterns

| # | Name | Date | Severity |
|---|------|------|----------|
| 1 | Credit Score Parsing Without SPLIT_PART | 2026-04-23 | Critical |
| 2 | TRL Stage String Mismatch | 2026-04-23 | High |
| 3 | YoY Calculation Using Row-Level Instead of Aggregated Values | 2026-04-23 | Critical |
| 4 | JOIN Key Mismatch (applicants vs institute) | 2026-04-23 | High |
| 5 | ORDER BY Without Aggregation (DISTINCT abuse) | 2026-04-23 | Medium |
| 6 | Multi-Stage Query Truncation (Incomplete HAVING) | 2026-04-23 | High |
| 7 | Complete Query Generation Failure (Complex Reasoning) | 2026-04-23 | Medium |

## Verification

```bash
$ grep -c "^## Pattern" HALL_OF_SHAME.md
7
```

All 7 patterns sourced from real Dhairya benchmark failures (Q1–Q17 audit, 2026-04-23).

## TP-003 Acceptance Criteria — All Met

| Criteria | Status |
|----------|--------|
| `HALL_OF_SHAME.md` exists at project root | ✅ |
| Contains exactly 7 patterns (`grep -c "^## Pattern"` returns 7) | ✅ |
| Each pattern has: Date, Test/Component, Severity, Root Cause, Impact, Fix, Prevention | ✅ All 7 |
| At least 3 patterns reference real fixes from 2026-04-25 | ✅ 7/7 from Dhairya audit |
| File is valid markdown (no broken links, renders correctly) | ✅ |
| No sensitive data (passwords, tokens, real PII) | ✅ |

**GAP-C RESOLVED — HALL_OF_SHAME.md with 7 patterns created**