/Users/srujansai/Desktop/NRG/.venv/lib/python3.11/site-packages/pytest_asyncio/plugin.py:247: PytestDeprecationWarning: The configuration option "asyncio_default_fixture_loop_scope" is unset.
The event loop scope for asynchronous fixtures will default to the fixture caching scope. Future versions of pytest-asyncio will default the loop scope for asynchronous fixtures to function scope. Set the default fixture loop scope explicitly in order to avoid unexpected behavior in the future. Valid fixture loop scopes are: "function", "class", "module", "package", "session"

  warnings.warn(PytestDeprecationWarning(_DEFAULT_FIXTURE_LOOP_SCOPE_UNSET))
[1m============================= test session starts ==============================[0m
platform darwin -- Python 3.11.7, pytest-8.2.2, pluggy-1.6.0
rootdir: /Users/srujansai/Desktop/NRG
configfile: pytest.ini
plugins: hypothesis-6.100.1, cov-7.1.0, Faker-22.6.0, xdist-3.8.0, rerunfailures-14.0, langsmith-0.7.32, asyncio-1.3.0, anyio-4.13.0
asyncio: mode=Mode.AUTO, debug=False, asyncio_default_fixture_loop_scope=None, asyncio_default_test_loop_scope=function
collected 78 items

tests/benchmarks/test_dhairya_adversarial.py [32m.[0m[32m.[0m[32m.[0m[32m.[0m[32m.[0m[32m.[0m[32m.[0m[32m.[0m[32m.[0m[32m.[0m[32m.[0m[32m.[0m[32m.[0m[32m.[0m[32m.[0m[32m.[0m[32m.[0m[32m.[0m[32m.[0m[32m.[0m[32m.[0m[32m.[0m[32m.[0m[32m.[0m[32m.[0m[32m.[0m[32m.[0m[32m [ 34%]
[0m[32m.[0m[32m.[0m[32m.[0m[32m.[0m[32m.[0m[32m.[0m[32m.[0m[32m.[0m[32m.[0m[32m.[0m[32m.[0m[32m.[0m[32m.[0m[32m.[0m[32m.[0m[32m.[0m[32m.[0m[32m.[0m[32m.[0m[32m.[0m[32m.[0m[32m.[0m[32m.[0m[32m.[0m[32m.[0m[32m.[0m[32m.[0m[32m.[0m[32m.[0m[32m.[0m[32m.[0m[32m.[0m[32m.[0m[32m.[0m[32m.[0m[32m.[0m[32m.[0m[32m.[0m[32m.[0m[32m.[0m[32m.[0m[32m.[0m[32m.[0m[32m.[0m[32m.[0m[32m.[0m[32m.[0m[32m                          [ 94%][0m
tests/api/test_langgraph_api.py [32m.[0m[32m.[0m[32m.[0m[32m.[0m[32m                                     [100%][0m

================================ tests coverage ================================
_______________ coverage: platform darwin, python 3.11.7-final-0 _______________

Name                                                Stmts   Miss  Cover   Missing
---------------------------------------------------------------------------------
src/__init__.py                                         0      0   100%
src/api/__init__.py                                     0      0   100%
src/api/logging_config.py                              57     16    72%   34, 37, 60-62, 65-68, 71, 74, 77, 80, 83, 107-108
src/api/main.py                                      1719   1344    22%   71-120, 138-160, 164-170, 173-181, 184, 187-192, 208-212, 224-240, 251-258, 281-282, 293-309, 327-340, 345-349, 354, 373-380, 415, 426-427, 464, 474-475, 503, 508-509, 525, 562-580, 585, 715, 727-733, 745-748, 756, 805, 831, 884-940, 945-969, 973-980, 990-1013, 1019, 1026-1042, 1068-1069, 1095-1160, 1165-1181, 1190-1200, 1230-1232, 1244-1261, 1267-1301, 1312-1314, 1327-1489, 1501-1506, 1516-1774, 1778-1839, 1852-1865, 1871-1922, 1931-1937, 1943-1954, 1964-1981, 1996-2031, 2059-2067, 2071-2073, 2077-2180, 2206-2224, 2239-2269, 2275-2281, 2300-2350, 2356-2357, 2368-2463, 2493-2537, 2542-2558, 2570-2586, 2596-2654, 2660-2684, 2701-2736, 2748-2757, 2769-2778, 2790-2801, 2813-2822, 2834-2843, 2855-2864, 2885-3059, 3075-3246, 3255-3275, 3283, 3292-3294, 3300, 3311-3317, 3326-3332, 3338-3341, 3348-3351, 3357-3360, 3366-3371, 3379-3387, 3404-3429, 3444-3463, 3479-3500, 3519-3527, 3562-3606, 3629-3667, 3685-3719, 3732-3744, 3771, 3774-3775
src/api/middleware/security.py                        153    104    32%   34-44, 48-55, 59-61, 71-87, 98-103, 108, 113-115, 126-127, 131-134, 138-141, 153-171, 180-193, 212-248, 251-254, 257-268, 275-284
src/api/response_filter.py                            241    192    20%   40-41, 50-82, 101-113, 118-122, 127-128, 132-145, 149-158, 170, 174, 178, 183-188, 198-229, 240-261, 269-290, 294-296, 300-301, 305-306, 310-314, 318-336, 340-360, 369-388, 392-395, 405, 416-419, 423
src/audit/__init__.py                                 379    296    22%   27, 45-49, 55-56, 60, 64, 69, 82-89, 94, 121-136, 139-148, 151, 155-158, 175-179, 182-186, 189-211, 221-232, 239-240, 247-250, 253-255, 258, 261-262, 269-270, 278-334, 338-374, 378-436, 440-443, 447-463, 473, 483-489, 493-509, 512, 515, 525, 530, 542, 558, 575-616, 623, 637-644, 651-675, 679, 683-688, 692, 696, 700, 704, 708, 712, 717, 726-733, 747
src/audit/db_cosign.py                                163    163     0%   17-402
src/audit/lock.py                                      59     37    37%   38-41, 45-47, 51-62, 66-70, 74-83, 88-92, 95, 100-101
src/audit/per_user_keys.py                            112    112     0%   17-212
src/auth/__init__.py                                    2      0   100%
src/auth/jwt_handler.py                               178     97    46%   41-45, 60, 62, 135-140, 175-181, 189-195, 207-221, 231-240, 246-269, 272-279, 282-296, 299-303, 307-321, 329-354, 362-381, 384-385
src/auth/middleware.py                                101     80    21%   17-19, 24-25, 35-43, 53-63, 74-88, 104-118, 134, 153-161, 168-170, 173-193, 197-204, 208-216, 235-253
src/auth/rbac.py                                      302    228    25%   69-72, 76-77, 81-84, 94-147, 154-157, 160-161, 164-165, 168-169, 172-173, 176-178, 181-182, 213-222, 230-245, 249-256, 260-269, 314-335, 339-351, 355-356, 360-361, 374, 378, 389-405, 409-418, 422-432, 440-443, 447-450, 458, 462, 466, 474-483, 491-494, 506-518, 533-545, 549-553, 575-578, 584-585
src/auth/refresh_store.py                              65     41    37%   51, 55-74, 78-101, 105, 109-124, 128-137, 141-148
src/caching/__init__.py                                 0      0   100%
src/caching/redis_layer.py                             64     47    27%   15-17, 29-53, 58-59, 72-106
src/config/__init__.py                                  2      0   100%
src/config/database.py                                210    141    33%   30-42, 46, 86, 92-96, 100, 108, 116-135, 139-147, 151-163, 168-173, 177-189, 193-205, 209-210, 215-229, 233-246, 254-274, 278-288, 292-294, 304-312, 321-323
src/config/llm_config.py                              862    751    13%   63, 67-70, 74-155, 162, 170-202, 211-254, 259, 267-309, 318-367, 372, 380-417, 426-470, 475, 483-522, 527-535, 543-572, 577-597, 604-605, 613-645, 654-697, 713-738, 742-748, 752-772, 776-795, 799-802, 813-838, 845-859, 863-865, 869-880, 887-900, 904-927, 931-946, 950-954, 965-980, 999-1062, 1069-1073, 1088-1135, 1139, 1143-1176, 1180-1204, 1213-1215, 1279-1288, 1291-1297, 1300-1301, 1304-1313, 1316-1324, 1328-1332, 1336-1337, 1340-1344, 1353-1366, 1369, 1374-1375, 1391-1394, 1406-1412, 1429-1460, 1464-1476, 1490-1503, 1506-1511, 1514-1567, 1571-1584
src/config/local_llm.py                               236    213    10%   25-59, 66-67, 76-114, 123-142, 151-162, 172-174, 185-229, 240-291, 295-299, 310-336, 350-426
src/data/__init__.py                                    0      0   100%
src/data/database.py                                   90     55    39%   25, 28, 33, 52-53, 57-60, 64-70, 84-107, 113-130, 142-147, 151-156, 160-161, 166-195, 199
src/data/database_v2.py                               404    189    53%   303-326, 329-330, 336, 340-348, 352-357, 360-366, 369-372, 380-397, 406-457, 466-473, 496-525, 556-563, 586-593, 618-625, 649-656, 679-686, 706-713, 730-745, 749, 753-758, 762-767, 771-775, 779-787, 791, 809-850, 854-858, 862, 875, 887-891, 895-902
src/data/metadata/__init__.py                           0      0   100%
src/data/metadata/access_control_labels.py             66     66     0%   6-219
src/db/__init__.py                                      0      0   100%
src/db/seed.py                                         24     24     0%   3-43
src/observability/langfuse_tracer.py                  247    206    17%   29-48, 52, 61-98, 112-169, 174-207, 212-244, 249-282, 293-308, 313-327, 341-348, 351-362, 365-369, 373-377, 381-394, 398-410, 414-416, 428
src/observability/metrics.py                          305    208    32%   190-200, 205-207, 212-214, 219-221, 226-227, 232, 237-238, 243, 248, 253, 258, 263, 268, 273, 278, 283, 288-289, 294, 299, 304, 309, 314, 319-320, 327-330, 333, 336-343, 347-349, 358, 362, 375, 404-424, 428-433, 437-448, 452-455, 459-460, 464-467, 471-472, 476-490, 494-508, 512-525, 529-544, 548-566, 570, 574-587, 591-599, 607-643, 692-694
src/orchestration/__init__.py                           0      0   100%
src/orchestration/checkpoint.py                       102    102     0%   3-187
src/orchestration/graph.py                            160     98    39%   28-36, 41-49, 56-66, 83-85, 108-123, 138-142, 145-152, 155, 158-165, 176-209, 212-215, 220-252, 256
src/orchestration/nodes/__init__.py                     0      0   100%
src/orchestration/nodes/complexity_classifier.py       71     71     0%   15-180
src/orchestration/nodes/executor.py                   230    182    21%   36-37, 58-65, 71-78, 83-120, 125-166, 179-181, 187-211, 223-260, 265-282, 287-289, 307-327, 332-419
src/orchestration/nodes/planner.py                    327    272    17%   103-112, 128-206, 219-224, 239-249, 253-263, 271-283, 287-300, 305-413, 426-434, 439-441, 446-464, 469-479, 484-501, 505-516, 520, 533-560, 569-570, 581-593, 603-604, 609-617, 622, 626-638, 642-651, 655-657, 666-688
src/orchestration/nodes/receiver.py                    40     28    30%   21-56, 73-74
src/orchestration/nodes/reflector.py                   27     27     0%   7-78
src/orchestration/nodes/retry_handler.py               31     31     0%   7-80
src/orchestration/nodes/router.py                     397    329    17%   139-148, 153-155, 168-171, 174-183, 188-190, 201-220, 224-227, 244-259, 269-274, 279-284, 289-295, 300-328, 337-385, 394-399, 447-520, 525-563, 568-584, 595-599, 614-662, 678-918
src/orchestration/nodes/synthesizer.py                678    611    10%   70-76, 80, 84-90, 94-96, 99, 117-118, 122-124, 128-152, 156-167, 172-179, 192-275, 292-479, 514-696, 700-704, 711-719, 724-749, 754-772, 784-823, 846-858, 863-877, 881-882, 886-889, 893-914, 918, 922-924, 941-1000, 1004-1007, 1014-1017, 1021-1064, 1068-1090, 1094-1113, 1117-1130, 1134-1137, 1141-1145, 1150-1173, 1193-1203, 1215-1237, 1263-1282, 1314-1343
src/orchestration/nodes/verifier.py                   370    329    11%   34-43, 53-64, 73, 83-95, 100-119, 129-145, 154-187, 192-201, 206-214, 219-226, 237-249, 253-276, 280-291, 295-298, 302-306, 325-632, 642-651, 662-666, 670, 677-711, 715-721, 725, 729-731
src/orchestration/state.py                             93     14    85%   22, 32, 96-104, 107, 112, 115, 119, 123, 126-128, 132-133
src/orchestration/workflows/__init__.py                 0      0   100%
src/orchestration/workflows/multi_hop.py               21     21     0%   22-76
src/security/__init__.py                                0      0   100%
src/security/dpdp_compliance.py                        70     70     0%   8-181
src/security/egress/guard.py                          180    149    17%   29, 34-48, 61-63, 78-81, 85-91, 98-160, 167-239, 246-250, 254-271, 280-289, 293, 297, 300, 303, 308-320, 325
src/security/egress/schema_allowlist_loader.py         57     38    33%   23-25, 29-39, 43-44, 48-52, 56-58, 62-64, 68-69, 73-76, 83-88, 93
src/security/egress_guard/__init__.py                 139    139     0%   14-242
src/security/gateway/__init__.py                        0      0   100%
src/security/gateway/prompt_sanitiser.py              146    110    25%   372-383, 387-393, 397-400, 408-457, 468-469, 473-513, 517-535, 546-555, 568-635
src/security/headers.py                                38     38     0%   11-85
src/security/pii/__init__.py                           52     52     0%   3-114
src/security/pii/fpe_engine.py                         60     60     0%   1-130
src/security/pii/presidio_config.py                   107    107     0%   3-228
src/security/pii/tokenizer.py                          72     72     0%   1-177
src/security/pii/verhoeff.py                           16     16     0%   8-69
src/security/pii_encryption.py                        102    102     0%   8-170
src/security/query_allowlist.py                        59     37    37%   63-72, 82, 87-91, 96-99, 106, 110-124, 133-140, 144, 152-154, 166, 171
src/security/rate_limiter.py                          124     92    26%   46, 57-59, 62-64, 67, 80-108, 118-119, 128, 132-145, 159-161, 174-178, 185-187, 190-192, 195-196, 208-243, 253-254, 264, 272-274, 286-289
src/security/rbac/__init__.py                           0      0   100%
src/security/rbac/middleware.py                        30     30     0%   7-120
src/security/rbac/postgresql_rbac.py                  102    102     0%   7-326
src/security/rbac/qdrant_rbac.py                      102    102     0%   7-251
src/security/request_signer.py                         57     57     0%   8-150
src/security/security_harden.py                         8      8     0%   16-24
src/security/token_rotation.py                         60     60     0%   9-191
src/skills/__init__.py                                  0      0   100%
src/skills/rag/__init__.py                              2      0   100%
src/skills/rag/embedder.py                            199    163    18%   30-31, 35-61, 65-67, 71, 75-82, 96, 99-117, 120, 127-135, 139-177, 181-214, 218-221, 225-246, 250, 254, 258-260, 264-268, 271, 276-293, 296
src/skills/rag/ingest.py                               68     68     0%   3-121
src/skills/rag/reranker.py                             41     41     0%   3-64
src/skills/rag/retriever.py                           259    220    15%   43-53, 65-97, 106-127, 131-135, 139-151, 155-157, 176-194, 199-203, 207, 211, 220-238, 245-251, 267-360, 374-387, 395-402, 405-423, 429-430, 434-439, 443-451, 455-513, 517-553, 556, 561-563, 567
src/skills/rag/skill.py                                80     63    21%   20-21, 25-36, 47-82, 86-109, 113-115, 125-126, 131-147, 151
src/skills/text_to_sql/__init__.py                      0      0   100%
src/skills/text_to_sql/cardinality_estimator.py        23     12    48%   54-86
src/skills/text_to_sql/result_anomaly_detector.py     201    157    22%   36-38, 74-97, 109-116, 120-125, 135-140, 157-163, 174-196, 213-219, 235-257, 273-294, 305-313, 328-338, 349-357, 361-365, 369-385, 389-403, 407-414, 418, 422-423, 427-431, 435-439
src/skills/text_to_sql/sandbox.py                      84     58    31%   32-39, 43, 46-48, 52-53, 62-133, 137-142, 146-162, 165, 170-173, 182-186
src/skills/text_to_sql/schema_aware_prompt.py          60     41    32%   28-80, 86-111, 115, 119, 134, 138, 142
src/skills/text_to_sql/schema_extractor.py            144    144     0%   7-411
src/skills/text_to_sql/schema_retriever.py            326    284    13%   102-107, 112, 130-136, 140-141, 163-174, 178-185, 189-198, 202-247, 256-282, 286-294, 298-308, 312-332, 344-387, 396-404, 413-426, 447-490, 514-547, 552-574, 590-633, 638-645
src/skills/text_to_sql/schema_sync_check.py           200    200     0%   7-391
src/skills/text_to_sql/skill.py                       645    452    30%   57-69, 83-98, 107, 110, 125-150, 153-159, 162-165, 168-173, 176-181, 186-217, 220-223, 226-235, 238, 310-319, 323-332, 354, 358-363, 377-381, 388-476, 532-606, 617, 625, 653, 659, 661, 663, 667, 669, 674-795, 829, 833, 842-845, 866-870, 896-898, 912-913, 925, 936-937, 949-956, 965, 972-974, 993, 1012-1013, 1059-1097, 1134-1140, 1181-1191, 1195-1226, 1230-1254, 1265-1389, 1393-1399, 1409-1422, 1426
src/skills/text_to_sql/sql_examples.py                 36     30    17%   373-392, 397-413
src/skills/text_to_sql/sql_oracle.py                  152    152     0%   17-322
src/skills/text_to_sql/sqlite_sandbox.py               57     32    44%   25, 32, 35-36, 40-110, 114-118, 122-125
src/skills/text_to_sql/sqlite_schema_extractor.py     138    108    22%   143-162, 172-173, 181-184, 188, 195-203, 207-217, 221-229, 233-244, 254-285, 293-326, 335-407, 414-422, 430-434, 438-442, 447-451
src/skills/text_to_sql/table_relationships.py          35     35     0%   7-633
src/skills/text_to_sql/validator.py                   203     86    58%   33-34, 42-68, 72-73, 77-79, 83-85, 89-98, 102-109, 113-121, 164, 168, 172, 176, 180, 193-194, 206, 227, 246-247, 262, 296, 307, 324, 337-357, 368-372, 468-478, 482-484
src/training/__init__.py                                5      0   100%
src/training/data_collector.py                        164    130    21%   32-41, 46-51, 56-64, 81-82, 86-90, 94-136, 139, 150-158, 162-257, 261, 270-285, 289-321, 330-347, 351-364, 373-375
src/training/data_formatter.py                        119    104    13%   30, 42-91, 104-139, 153-196, 200-209, 217-222, 227-236, 241-248
src/training/export.py                                 78     58    26%   41-48, 52-59, 63, 81-148, 152-159, 170-171
src/training/quality_filter.py                        103     87    16%   25-32, 41-54, 74-76, 80-112, 119-148, 152-153, 157-161, 172-180
src/training/stratified_sampler.py                    152    113    26%   25-29, 73, 77-90, 93-97, 100-106, 109, 112, 115-119, 123-139, 155-243, 247-248, 253-254
src/utils/__init__.py                                   0      0   100%
src/utils/helpers.py                                   32     32     0%   6-63
src/utils/logging_config.py                            40     40     0%   6-87
---------------------------------------------------------------------------------
TOTAL                                               13815  11076    20%
Coverage XML written to file coverage.xml
[32m============================== [32m[1m78 passed[0m[32m in 4.84s[0m[32m ==============================[0m
