/Users/srujansai/Desktop/NRG/.venv/lib/python3.11/site-packages/pytest_asyncio/plugin.py:247: PytestDeprecationWarning: The configuration option "asyncio_default_fixture_loop_scope" is unset.
The event loop scope for asynchronous fixtures will default to the fixture caching scope. Future versions of pytest-asyncio will default the loop scope for asynchronous fixtures to function scope. Set the default fixture loop scope explicitly in order to avoid unexpected behavior in the future. Valid fixture loop scopes are: "function", "class", "module", "package", "session"

  warnings.warn(PytestDeprecationWarning(_DEFAULT_FIXTURE_LOOP_SCOPE_UNSET))
[1m============================= test session starts ==============================[0m
platform darwin -- Python 3.11.7, pytest-8.2.2, pluggy-1.6.0
rootdir: /Users/srujansai/Desktop/NRG
configfile: pytest.ini
plugins: hypothesis-6.100.1, cov-7.1.0, Faker-22.6.0, xdist-3.8.0, rerunfailures-14.0, langsmith-0.7.32, asyncio-1.3.0, anyio-4.13.0
asyncio: mode=Mode.AUTO, debug=False, asyncio_default_fixture_loop_scope=None, asyncio_default_test_loop_scope=function
collected 1 item

tests/data/test_database_v2_schema_drift.py [32m.[0m[32m                            [100%][0m

================================ tests coverage ================================
_______________ coverage: platform darwin, python 3.11.7-final-0 _______________

Name                                                Stmts   Miss  Cover   Missing
---------------------------------------------------------------------------------
src/__init__.py                                         0      0   100%
src/api/__init__.py                                     0      0   100%
src/api/logging_config.py                              57     57     0%   6-121
src/api/main.py                                      1719   1719     0%   6-3775
src/api/response_filter.py                            241    241     0%   3-423
src/audit/__init__.py                                 379    379     0%   8-747
src/audit/db_cosign.py                                163    163     0%   17-402
src/audit/lock.py                                      59     59     0%   10-104
src/audit/per_user_keys.py                            112    112     0%   17-212
src/auth/__init__.py                                    2      2     0%   3-5
src/auth/jwt_handler.py                               178    178     0%   3-385
src/auth/middleware.py                                101    101     0%   3-253
src/auth/rbac.py                                      302    302     0%   17-585
src/auth/refresh_store.py                              65     65     0%   3-151
src/caching/__init__.py                                 0      0   100%
src/caching/redis_layer.py                             64     64     0%   1-108
src/config/__init__.py                                  2      2     0%   3-14
src/config/database.py                                210    210     0%   9-323
src/config/llm_config.py                              862    862     0%   3-1584
src/config/local_llm.py                               236    236     0%   7-426
src/data/__init__.py                                    0      0   100%
src/data/database.py                                   90     90     0%   3-199
src/data/database_v2.py                               424    153    64%   336, 343, 352-357, 372, 380-397, 406-457, 560-589, 620-627, 650-657, 682-689, 713-720, 743-750, 770-777, 794-809, 813, 817-822, 826-831, 835-839, 843-851, 855, 873-914, 918-922, 926, 939, 951-955, 959-966
src/data/metadata/__init__.py                           0      0   100%
src/data/metadata/access_control_labels.py             66     66     0%   6-219
src/db/__init__.py                                      0      0   100%
src/db/seed.py                                         24     24     0%   3-43
src/orchestration/__init__.py                           0      0   100%
src/orchestration/checkpoint.py                       102    102     0%   3-187
src/orchestration/graph.py                            160    160     0%   3-256
src/orchestration/nodes/__init__.py                     0      0   100%
src/orchestration/nodes/complexity_classifier.py       71     71     0%   15-180
src/orchestration/nodes/executor.py                   230    230     0%   3-419
src/orchestration/nodes/planner.py                    327    327     0%   3-688
src/orchestration/nodes/receiver.py                    40     40     0%   3-74
src/orchestration/nodes/reflector.py                   27     27     0%   7-78
src/orchestration/nodes/retry_handler.py               31     31     0%   7-80
src/orchestration/nodes/router.py                     397    397     0%   20-918
src/orchestration/nodes/synthesizer.py                678    678     0%   3-1343
src/orchestration/nodes/verifier.py                   370    370     0%   3-731
src/orchestration/state.py                             93     93     0%   3-133
src/orchestration/workflows/__init__.py                 0      0   100%
src/orchestration/workflows/multi_hop.py               21     21     0%   22-76
src/security/__init__.py                                0      0   100%
src/security/dpdp_compliance.py                        70     70     0%   8-181
src/security/egress_guard/__init__.py                 139    139     0%   14-242
src/security/gateway/__init__.py                        0      0   100%
src/security/gateway/prompt_sanitiser.py              146    146     0%   1-639
src/security/headers.py                                38     38     0%   11-85
src/security/pii/__init__.py                           52     52     0%   3-114
src/security/pii/fpe_engine.py                         60     60     0%   1-130
src/security/pii/presidio_config.py                   107    107     0%   3-228
src/security/pii/tokenizer.py                          72     72     0%   1-177
src/security/pii/verhoeff.py                           16     16     0%   8-69
src/security/pii_encryption.py                        102    102     0%   8-170
src/security/query_allowlist.py                        59     59     0%   9-171
src/security/rate_limiter.py                          124    124     0%   14-289
src/security/rbac/__init__.py                           0      0   100%
src/security/rbac/middleware.py                        30     30     0%   7-120
src/security/rbac/postgresql_rbac.py                  102    102     0%   7-326
src/security/rbac/qdrant_rbac.py                      102    102     0%   7-251
src/security/request_signer.py                         57     57     0%   8-150
src/security/security_harden.py                         8      8     0%   16-24
src/security/token_rotation.py                         60     60     0%   9-191
src/skills/__init__.py                                  0      0   100%
src/skills/rag/__init__.py                              2      2     0%   3-5
src/skills/rag/embedder.py                            199    199     0%   3-296
src/skills/rag/ingest.py                               68     68     0%   3-121
src/skills/rag/reranker.py                             41     41     0%   3-64
src/skills/rag/retriever.py                           259    259     0%   3-567
src/skills/rag/skill.py                                80     80     0%   3-151
src/skills/text_to_sql/__init__.py                      0      0   100%
src/skills/text_to_sql/cardinality_estimator.py        23     23     0%   3-86
src/skills/text_to_sql/result_anomaly_detector.py     201    201     0%   3-439
src/skills/text_to_sql/sandbox.py                      84     84     0%   3-186
src/skills/text_to_sql/schema_aware_prompt.py          60     60     0%   3-142
src/skills/text_to_sql/schema_extractor.py            144    144     0%   7-411
src/skills/text_to_sql/schema_retriever.py            326    326     0%   19-645
src/skills/text_to_sql/schema_sync_check.py           200    200     0%   7-391
src/skills/text_to_sql/skill.py                       645    645     0%   3-1426
src/skills/text_to_sql/sql_examples.py                 36     36     0%   13-413
src/skills/text_to_sql/sql_oracle.py                  152    152     0%   17-322
src/skills/text_to_sql/sqlite_sandbox.py               57     57     0%   3-128
src/skills/text_to_sql/sqlite_schema_extractor.py     138    138     0%   3-451
src/skills/text_to_sql/table_relationships.py          35     35     0%   7-633
src/skills/text_to_sql/validator.py                   203    203     0%   3-484
src/training/__init__.py                                5      5     0%   3-12
src/training/data_collector.py                        164    164     0%   7-375
src/training/data_formatter.py                        119    119     0%   9-248
src/training/export.py                                 78     78     0%   6-171
src/training/quality_filter.py                        103    103     0%   7-180
src/training/stratified_sampler.py                    152    152     0%   14-254
src/utils/__init__.py                                   0      0   100%
src/utils/helpers.py                                   32     32     0%   6-63
src/utils/logging_config.py                            40     40     0%   6-87
---------------------------------------------------------------------------------
TOTAL                                               12893  12622     2%
Coverage XML written to file coverage.xml
[32m============================== [32m[1m1 passed[0m[32m in 4.50s[0m[32m ===============================[0m
