
============================================================
NRG Deployment Gate
Environment: production
============================================================

  ℹ️ Checking schema synchronization...
  ℹ️ Validating RBAC policies...
  ℹ️ Checking health endpoints...
  ℹ️ Running security scan...

------------------------------------------------------------
Results:
------------------------------------------------------------

  ✅ [PASS] Schema Sync: Canonical schema check passed
      Duration: 789ms
  ✅ [PASS] RBAC Policies: RBAC policies are valid
      Duration: 149ms
  ✅ [PASS] Health Endpoints: Health endpoint responsive at http://localhost:8000
      Duration: 593ms
  ✅ [PASS] Security Scan: No obvious security issues detected
      Duration: 1ms

============================================================
✅ ALL CHECKS PASSED — Ready to deploy
============================================================

