
============================================================
NRG Deployment Gate
Environment: production
============================================================

  ℹ️ Checking schema synchronization...
  ℹ️ Validating RBAC policies...
  ℹ️ Checking health endpoints...
  ℹ️ Running security scan...

------------------------------------------------------------
Results:
------------------------------------------------------------

  ✅ [PASS] Schema Sync: Canonical schema check passed
      Duration: 593ms
  ✅ [PASS] RBAC Policies: RBAC policies are valid
      Duration: 52ms
  ✅ [PASS] Health Endpoints: Health endpoint responsive at http://localhost:8000
      Duration: 463ms
  ✅ [PASS] Security Scan: No obvious security issues detected
      Duration: 0ms

============================================================
⚠️ SELECTED CHECKS PASSED — not a full deploy gate; skipped: Test Suite, Docker Build
============================================================

