
> nrg-frontend@1.0.0 build
> tsc && vite build --emptyOutDir

vite v4.5.14 building for production...
transforming...
✓ 2638 modules transformed.
rendering chunks...
computing gzip size...
../dist/frontend/index.html                                 7.87 kB │ gzip:   2.52 kB
../dist/frontend/assets/index-d832e828.css                 71.62 kB │ gzip:  13.54 kB
../dist/frontend/assets/chevron-down-3dfb33a7.js            0.17 kB │ gzip:   0.17 kB │ map:     0.62 kB
../dist/frontend/assets/shield-check-cf3f86e7.js            0.25 kB │ gzip:   0.22 kB │ map:     0.75 kB
../dist/frontend/assets/trending-up-bb72257c.js             0.25 kB │ gzip:   0.21 kB │ map:     0.75 kB
../dist/frontend/assets/queryClient-6bff7a87.js             0.26 kB │ gzip:   0.22 kB │ map:     0.67 kB
../dist/frontend/assets/check-circle-2-18d6aafb.js          0.28 kB │ gzip:   0.23 kB │ map:     0.82 kB
../dist/frontend/assets/database-8713bba6.js                0.28 kB │ gzip:   0.23 kB │ map:     0.89 kB
../dist/frontend/assets/git-commit-567caf5e.js              0.29 kB │ gzip:   0.22 kB │ map:     0.98 kB
../dist/frontend/assets/file-text-34c1bbd3.js               0.44 kB │ gzip:   0.29 kB │ map:     1.29 kB
../dist/frontend/assets/x-circle-469fac4b.js                0.45 kB │ gzip:   0.31 kB │ map:     1.58 kB
../dist/frontend/assets/building-2-803b742b.js              0.48 kB │ gzip:   0.28 kB │ map:     1.25 kB
../dist/frontend/assets/users-754cbb49.js                   0.89 kB │ gzip:   0.48 kB │ map:     3.05 kB
../dist/frontend/assets/ChainIntegrityFooter-952c9436.js    1.83 kB │ gzip:   0.90 kB │ map:     3.75 kB
../dist/frontend/assets/app-28afc62c.js                     2.01 kB │ gzip:   0.97 kB │ map:     2.55 kB
../dist/frontend/assets/AuditEvent-e4aa26d3.js              2.61 kB │ gzip:   1.11 kB │ map:     5.37 kB
../dist/frontend/assets/SideBySidePanel-0330274d.js         2.99 kB │ gzip:   1.19 kB │ map:     5.58 kB
../dist/frontend/assets/QueryPhaseProgress-f0a1fcd7.js      3.21 kB │ gzip:   1.51 kB │ map:     7.50 kB
../dist/frontend/assets/HmacProof-7fde3672.js               4.13 kB │ gzip:   1.45 kB │ map:     9.47 kB
../dist/frontend/assets/ThemeProvider-984d2c31.js           4.28 kB │ gzip:   1.70 kB │ map:    13.61 kB
../dist/frontend/assets/queryStore-e9010dee.js              6.79 kB │ gzip:   2.77 kB │ map:    35.53 kB
../dist/frontend/assets/queryService-e9008bf2.js            7.90 kB │ gzip:   2.67 kB │ map:    25.43 kB
../dist/frontend/assets/Hero-868cbbef.js                    9.21 kB │ gzip:   3.46 kB │ map:    23.85 kB
../dist/frontend/assets/useQuery-bc5c65f4.js               11.35 kB │ gzip:   4.05 kB │ map:    44.46 kB
../dist/frontend/assets/CitationDrawer-2c5e3e4c.js         11.74 kB │ gzip:   3.58 kB │ map:    37.81 kB
../dist/frontend/assets/DPDP-Audit-f966e856.js             13.04 kB │ gzip:   4.91 kB │ map:    42.63 kB
../dist/frontend/assets/queryClient-d7046b66.js            13.64 kB │ gzip:   4.23 kB │ map:    48.02 kB
../dist/frontend/assets/StreamingAnswerPanel-ffff2b81.js   14.22 kB │ gzip:   4.48 kB │ map:    41.07 kB
../dist/frontend/assets/index-ab090b07.js                  15.15 kB │ gzip:   5.06 kB │ map:    57.55 kB
../dist/frontend/assets/FounderDashboard-533e213d.js       15.32 kB │ gzip:   4.04 kB │ map:    31.92 kB
../dist/frontend/assets/GraphView-551ff29c.js              15.53 kB │ gzip:   4.69 kB │ map:    42.79 kB
../dist/frontend/assets/query-a1226f2d.js                  15.77 kB │ gzip:   5.31 kB │ map:    60.21 kB
../dist/frontend/assets/ProductionWorkspace-d5bc2017.js    22.99 kB │ gzip:   5.46 kB │ map:    55.03 kB
../dist/frontend/assets/IndustryDashboard-23e063bd.js      24.15 kB │ gzip:   7.44 kB │ map:    55.95 kB
../dist/frontend/assets/GovernmentDashboard-ec6fd7a4.js    32.19 kB │ gzip:   9.02 kB │ map:    90.47 kB
../dist/frontend/assets/ResearcherDashboard-de32cbdb.js    41.08 kB │ gzip:  11.28 kB │ map:    98.42 kB
../dist/frontend/assets/emptyResults-5eb17c15.js           59.83 kB │ gzip:  16.53 kB │ map:   155.56 kB
../dist/frontend/assets/vendor-d3-4a9f30b6.js              64.63 kB │ gzip:  21.03 kB │ map:   267.54 kB
../dist/frontend/assets/vendor-motion-0cec850f.js         114.50 kB │ gzip:  36.71 kB │ map:   634.83 kB
../dist/frontend/assets/App-e19d78d3.js                   115.24 kB │ gzip:  35.66 kB │ map:   331.66 kB
../dist/frontend/assets/vendor-react-601f19e2.js          141.18 kB │ gzip:  45.21 kB │ map:   351.03 kB
../dist/frontend/assets/vendor-recharts-9f20f374.js       369.30 kB │ gzip: 102.89 kB │ map: 1,906.49 kB
✓ built in 6.82s
