/Users/srujansai/Desktop/NRG/.venv/lib/python3.11/site-packages/pytest_asyncio/plugin.py:247: PytestDeprecationWarning: The configuration option "asyncio_default_fixture_loop_scope" is unset.
The event loop scope for asynchronous fixtures will default to the fixture caching scope. Future versions of pytest-asyncio will default the loop scope for asynchronous fixtures to function scope. Set the default fixture loop scope explicitly in order to avoid unexpected behavior in the future. Valid fixture loop scopes are: "function", "class", "module", "package", "session"

  warnings.warn(PytestDeprecationWarning(_DEFAULT_FIXTURE_LOOP_SCOPE_UNSET))
[1m============================= test session starts ==============================[0m
platform darwin -- Python 3.11.5, pytest-8.2.2, pluggy-1.6.0 -- /Users/srujansai/Desktop/NRG/.venv/bin/python
cachedir: .pytest_cache
rootdir: /Users/srujansai/Desktop/NRG
configfile: pytest.ini
plugins: cov-7.1.0, Faker-22.6.0, langsmith-0.7.32, asyncio-1.3.0, anyio-4.13.0
asyncio: mode=Mode.AUTO, debug=False, asyncio_default_fixture_loop_scope=None, asyncio_default_test_loop_scope=function
[1mcollecting ... [0mcollected 43 items

tests/benchmarks/test_dhairya_regression.py::TestDhairyaQueries::test_q01_credits_intensive_curriculum [32mPASSED[0m[32m [  2%][0m
tests/benchmarks/test_dhairya_regression.py::TestDhairyaQueries::test_q02_phd_ug_ratio_iit_bombay [32mPASSED[0m[32m [  4%][0m
tests/benchmarks/test_dhairya_regression.py::TestDhairyaQueries::test_q03_grant_drop_yoy [32mPASSED[0m[32m [  6%][0m
tests/benchmarks/test_dhairya_regression.py::TestDhairyaQueries::test_q03_grant_drop_yoy_coincidence_case [32mPASSED[0m[32m [  9%][0m
tests/benchmarks/test_dhairya_regression.py::TestDhairyaQueries::test_q04_top_5_funding_agencies [32mPASSED[0m[32m [ 11%][0m
tests/benchmarks/test_dhairya_regression.py::TestDhairyaQueries::test_q05_lab_validation_bottleneck [32mPASSED[0m[32m [ 13%][0m
tests/benchmarks/test_dhairya_regression.py::TestDhairyaQueries::test_q06_trl9_market_ready [32mPASSED[0m[32m [ 16%][0m
tests/benchmarks/test_dhairya_regression.py::TestDhairyaQueries::test_q07_cost_per_patent [32mPASSED[0m[32m [ 18%][0m
tests/benchmarks/test_dhairya_regression.py::TestDhairyaQueries::test_q08_pg_courses_iit_madras [32mPASSED[0m[32m [ 20%][0m
tests/benchmarks/test_dhairya_regression.py::TestDhairyaQueries::test_q09_most_phd_courses [32mPASSED[0m[32m [ 23%][0m
tests/benchmarks/test_dhairya_regression.py::TestDhairyaQueries::test_q10_phd_vs_ug_followup [32mPASSED[0m[32m [ 25%][0m
tests/benchmarks/test_dhairya_regression.py::TestDhairyaQueries::test_q11_yoy_pg_growth [32mPASSED[0m[32m [ 27%][0m
tests/benchmarks/test_dhairya_regression.py::TestDhairyaQueries::test_q12_strategy_shift [32mPASSED[0m[32m [ 30%][0m
tests/benchmarks/test_dhairya_regression.py::TestDhairyaQueries::test_q13_courses_vs_startups [32mPASSED[0m[32m [ 32%][0m
tests/benchmarks/test_dhairya_regression.py::TestDhairyaQueries::test_q14_gap_analysis [32mPASSED[0m[32m [ 34%][0m
tests/benchmarks/test_dhairya_regression.py::TestDhairyaQueries::test_q15_rising_stars [32mPASSED[0m[32m [ 37%][0m
tests/benchmarks/test_dhairya_regression.py::TestDhairyaQueries::test_q16_utilization_audit [32mPASSED[0m[32m [ 39%][0m
tests/benchmarks/test_dhairya_regression.py::TestDhairyaQueries::test_q17_pipeline_progression [32mPASSED[0m[32m [ 41%][0m
tests/benchmarks/test_dhairya_regression.py::TestCompletenessValidator::test_incomplete_having_without_group [32mPASSED[0m[32m [ 44%][0m
tests/benchmarks/test_dhairya_regression.py::TestCompletenessValidator::test_trailing_incomplete_marker [32mPASSED[0m[32m [ 46%][0m
tests/benchmarks/test_dhairya_regression.py::TestCompletenessValidator::test_unbalanced_parens [32mPASSED[0m[32m [ 48%][0m
tests/benchmarks/test_dhairya_regression.py::TestCompletenessValidator::test_valid_query_passes [32mPASSED[0m[32m [ 51%][0m
tests/benchmarks/test_dhairya_regression.py::TestSynonymMapping::test_trl9_maps_to_level9 [32mPASSED[0m[32m [ 53%][0m
tests/benchmarks/test_dhairya_regression.py::TestSynonymMapping::test_credit_parsing_in_prompt [32mPASSED[0m[32m [ 55%][0m
tests/benchmarks/test_dhairya_regression.py::TestSynonymMapping::test_no_distinct_for_ranked_results [32mPASSED[0m[32m [ 58%][0m
tests/benchmarks/test_dhairya_regression.py::TestDhairyaBenchmarks::test_all_17_queries_generate_sql[1-Which institute offers the most intensive innovation curriculum in FY 2022-23 based on total credits, not just course count?-expected_patterns0] [32mPASSED[0m[32m [ 60%][0m
tests/benchmarks/test_dhairya_regression.py::TestDhairyaBenchmarks::test_all_17_queries_generate_sql[2-Show me the ratio of PhD level innovation courses to Undergraduate ones for IIT Bombay.-expected_patterns1] [32mPASSED[0m[32m [ 62%][0m
tests/benchmarks/test_dhairya_regression.py::TestDhairyaBenchmarks::test_all_17_queries_generate_sql[3-Flag any institute where grant funding has dropped by more than 50% year-over-year between 2020-21 to 2021-22.-expected_patterns2] [32mPASSED[0m[32m [ 65%][0m
tests/benchmarks/test_dhairya_regression.py::TestDhairyaBenchmarks::test_all_17_queries_generate_sql[4-Who are the top 5 unique funding agencies providing grants to us?-expected_patterns3] [32mPASSED[0m[32m [ 67%][0m
tests/benchmarks/test_dhairya_regression.py::TestDhairyaBenchmarks::test_all_17_queries_generate_sql[5-Identify bottlenecks: What percentage of IIT Madras innovations are stuck at 'Lab Validation' (Level 4)?-expected_patterns4] [32mPASSED[0m[32m [ 69%][0m
tests/benchmarks/test_dhairya_regression.py::TestDhairyaBenchmarks::test_all_17_queries_generate_sql[6-List all technologies that are 'Market Ready' (TRL 9) for commercialization in IIT Madras.-expected_patterns5] [32mPASSED[0m[32m [ 72%][0m
tests/benchmarks/test_dhairya_regression.py::TestDhairyaBenchmarks::test_all_17_queries_generate_sql[7-Calculate the 'Cost of Innovation': How much government grant money do we spend for every 1 Patent granted?-expected_patterns6] [32mPASSED[0m[32m [ 74%][0m
tests/benchmarks/test_dhairya_regression.py::TestDhairyaBenchmarks::test_all_17_queries_generate_sql[8-Show me all PG innovation courses at IIT Madras for the last 3 years starting from FY 2021-22.-expected_patterns7] [32mPASSED[0m[32m [ 76%][0m
tests/benchmarks/test_dhairya_regression.py::TestDhairyaBenchmarks::test_all_17_queries_generate_sql[9-Which institute has the most PhD courses?-expected_patterns8] [32mPASSED[0m[32m [ 79%][0m
tests/benchmarks/test_dhairya_regression.py::TestDhairyaBenchmarks::test_all_17_queries_generate_sql[10-How does that compare to their UG numbers?-expected_patterns9] [32mPASSED[0m[32m [ 81%][0m
tests/benchmarks/test_dhairya_regression.py::TestDhairyaBenchmarks::test_all_17_queries_generate_sql[11-Identify growth trends: Calculate Year-Over-Year growth for PG courses in IIT Madras.-expected_patterns10] [32mPASSED[0m[32m [ 83%][0m
tests/benchmarks/test_dhairya_regression.py::TestDhairyaBenchmarks::test_all_17_queries_generate_sql[12-Detect Strategy Shift: Institute stops UG but spikes in PhD in IIT Madras.-expected_patterns11] [32mPASSED[0m[32m [ 86%][0m
tests/benchmarks/test_dhairya_regression.py::TestDhairyaBenchmarks::test_all_17_queries_generate_sql[13-Correlation: Innovation Courses vs. Startups Incubated (Cross-Module).-expected_patterns12] [32mPASSED[0m[32m [ 88%][0m
tests/benchmarks/test_dhairya_regression.py::TestDhairyaBenchmarks::test_all_17_queries_generate_sql[14-Gap Analysis: High Capital Expenses but Low Innovation Courses in FY 2023-24.-expected_patterns13] [32mPASSED[0m[32m [ 90%][0m
tests/benchmarks/test_dhairya_regression.py::TestDhairyaBenchmarks::test_all_17_queries_generate_sql[15-Rising Stars: Institutes growing funding while the average declines.-expected_patterns14] [32mPASSED[0m[32m [ 93%][0m
tests/benchmarks/test_dhairya_regression.py::TestDhairyaBenchmarks::test_all_17_queries_generate_sql[16-Utilization Audit: High Grants vs Low Expenditure.-expected_patterns15] [32mPASSED[0m[32m [ 95%][0m
tests/benchmarks/test_dhairya_regression.py::TestDhairyaBenchmarks::test_all_17_queries_generate_sql[17-Pipeline Progression: Are we moving from Low TRL to High TRL?-expected_patterns16] [32mPASSED[0m[32m [ 97%][0m
tests/benchmarks/test_dhairya_regression.py::test_dhairya_accuracy_target [32mPASSED[0m[32m [100%][0m

================================ tests coverage ================================
_______________ coverage: platform darwin, python 3.11.5-final-0 _______________

Name                                                Stmts   Miss  Cover   Missing
---------------------------------------------------------------------------------
src/__init__.py                                         0      0   100%
src/api/__init__.py                                     0      0   100%
src/api/logging_config.py                              57     57     0%   6-121
src/api/main.py                                      1265   1265     0%   6-2489
src/audit/__init__.py                                 341    165    52%   24, 89, 108-111, 123, 175, 182, 185, 196-197, 206, 217-227, 251-287, 291-349, 370, 384-385, 395-401, 405-421, 424, 427, 442, 454, 470, 487-528, 535, 549-556, 563-587, 591, 595-600, 614, 618, 626, 630, 635, 644-651, 665
src/audit/db_cosign.py                                100     66    34%   51-52, 70-105, 118-160, 164-186, 212, 221
src/audit/per_user_keys.py                            112     57    49%   49, 57-58, 61-66, 69-82, 85-86, 109-132, 143-145, 157-172, 182-187, 210-212
src/auth/__init__.py                                    2      2     0%   3-5
src/auth/jwt_handler.py                               152    152     0%   3-345
src/auth/middleware.py                                101    101     0%   3-253
src/auth/rbac.py                                      294    294     0%   17-574
src/auth/refresh_store.py                              65     65     0%   3-151
src/caching/__init__.py                                 0      0   100%
src/caching/redis_layer.py                             64     64     0%   1-108
src/config/__init__.py                                  2      0   100%
src/config/database.py                                189    108    43%   65, 71-75, 79, 87, 95-114, 119, 129-141, 147-148, 155-164, 170-173, 181-182, 187-201, 205-218, 226-246, 250-260, 264-266, 276-284, 293-295
src/config/llm_config.py                              854    743    13%   63, 67-70, 74-155, 162, 170-202, 211-254, 259, 267-309, 318-367, 372, 380-417, 426-470, 475, 483-522, 527-535, 543-572, 577-597, 604-605, 613-645, 654-697, 713-738, 742-748, 752-772, 776-795, 799-802, 813-838, 845-859, 863-865, 869-880, 887-900, 904-927, 931-946, 950-954, 965-980, 999-1053, 1060-1064, 1079-1126, 1130, 1134-1167, 1171-1195, 1204-1206, 1270-1279, 1282-1288, 1291-1292, 1295-1304, 1307-1315, 1319-1323, 1327-1328, 1331-1335, 1344-1357, 1360, 1365-1366, 1382-1385, 1397-1403, 1420-1451, 1455-1467, 1481-1494, 1497-1502, 1505-1558, 1562-1575
src/config/local_llm.py                               232    232     0%   7-421
src/data/__init__.py                                    0      0   100%
src/data/database.py                                   80     80     0%   3-171
src/data/database_v2.py                               397    397     0%   7-873
src/data/metadata/__init__.py                           0      0   100%
src/data/metadata/access_control_labels.py             66     66     0%   6-219
src/db/__init__.py                                      0      0   100%
src/db/seed.py                                         24     24     0%   3-43
src/observability/langfuse_tracer.py                  246    210    15%   29-47, 51, 57-100, 111-168, 173-206, 211-243, 248-281, 292-307, 312-326, 340-347, 350-361, 364-368, 372-376, 380-393, 397-409, 413-415, 427
src/orchestration/__init__.py                           0      0   100%
src/orchestration/checkpoint.py                       102    102     0%   3-187
src/orchestration/graph.py                            160    160     0%   3-256
src/orchestration/nodes/__init__.py                     0      0   100%
src/orchestration/nodes/complexity_classifier.py       71     71     0%   15-180
src/orchestration/nodes/executor.py                   216    216     0%   3-375
src/orchestration/nodes/planner.py                    282    282     0%   3-578
src/orchestration/nodes/receiver.py                    40     40     0%   3-74
src/orchestration/nodes/reflector.py                   27     27     0%   7-78
src/orchestration/nodes/retry_handler.py               31     31     0%   7-80
src/orchestration/nodes/router.py                     398    398     0%   20-921
src/orchestration/nodes/synthesizer.py                655    655     0%   3-1297
src/orchestration/nodes/verifier.py                   279    279     0%   3-570
src/orchestration/state.py                             85     85     0%   3-125
src/orchestration/workflows/__init__.py                 0      0   100%
src/orchestration/workflows/multi_hop.py               21     21     0%   22-76
src/security/__init__.py                                0      0   100%
src/security/dpdp_compliance.py                        70     70     0%   8-181
src/security/egress/guard.py                          180    149    17%   29, 34-48, 61-63, 78-81, 85-91, 98-160, 167-239, 246-250, 254-271, 280-289, 293, 297, 300, 303, 308-320, 325
src/security/egress/schema_allowlist_loader.py         57     38    33%   23-25, 29-39, 43-44, 48-52, 56-58, 62-64, 68-69, 73-76, 83-88, 93
src/security/egress_guard/__init__.py                 139    139     0%   14-242
src/security/gateway/__init__.py                        0      0   100%
src/security/gateway/prompt_sanitiser.py              140    140     0%   1-478
src/security/headers.py                                38     38     0%   11-85
src/security/pii/__init__.py                           49     49     0%   3-110
src/security/pii/fpe_engine.py                         60     60     0%   1-130
src/security/pii/presidio_config.py                   103    103     0%   3-224
src/security/pii/tokenizer.py                          72     72     0%   1-177
src/security/pii/verhoeff.py                           16     16     0%   8-69
src/security/pii_encryption.py                        102    102     0%   8-170
src/security/query_allowlist.py                        59     13    78%   63-72, 90, 98, 111, 114, 118, 122, 136-137, 144, 171
src/security/rate_limiter.py                          124    124     0%   14-285
src/security/rbac/__init__.py                           0      0   100%
src/security/rbac/middleware.py                        30     30     0%   7-120
src/security/rbac/postgresql_rbac.py                  102    102     0%   7-326
src/security/rbac/qdrant_rbac.py                      102    102     0%   7-251
src/security/request_signer.py                         57     57     0%   8-150
src/security/security_harden.py                         8      8     0%   16-24
src/security/token_rotation.py                         60     60     0%   9-191
src/skills/__init__.py                                  0      0   100%
src/skills/rag/__init__.py                              2      2     0%   3-5
src/skills/rag/embedder.py                            191    191     0%   3-285
src/skills/rag/ingest.py                               68     68     0%   3-121
src/skills/rag/reranker.py                             38     38     0%   3-57
src/skills/rag/retriever.py                           245    245     0%   3-547
src/skills/rag/skill.py                                80     80     0%   3-151
src/skills/text_to_sql/__init__.py                      0      0   100%
src/skills/text_to_sql/sandbox.py                      74     74     0%   3-170
src/skills/text_to_sql/schema_extractor.py            144    144     0%   7-411
src/skills/text_to_sql/schema_sync_check.py           199    199     0%   7-390
src/skills/text_to_sql/skill.py                       555    280    50%   54-56, 59, 64, 70, 78, 83, 88, 101-129, 132-135, 146, 150, 238-244, 268-275, 289-293, 301, 447-501, 512, 517-520, 540, 544, 546, 549-672, 731, 799, 808, 815-817, 843-861, 880-883, 896, 913, 931-937, 941-951, 958-960, 983-986, 993-995, 1011-1014, 1041, 1053-1063, 1066-1069, 1076-1087, 1090, 1099, 1107-1111, 1121-1134, 1138
src/skills/text_to_sql/sql_examples.py                 29     24    17%   306-325, 330-340
src/skills/text_to_sql/sql_oracle.py                  152    152     0%   17-322
src/skills/text_to_sql/sqlite_sandbox.py               57     17    70%   25, 32, 43, 65-66, 91-92, 101-110, 114-118, 122-125
src/skills/text_to_sql/sqlite_schema_extractor.py     120     28    77%   144, 155, 162-170, 191, 224, 276-278, 381-389, 400-401, 408-409, 414-418
src/skills/text_to_sql/table_relationships.py          35     35     0%   7-633
src/skills/text_to_sql/validator.py                   136     65    52%   22-23, 31-57, 61-62, 66-68, 72-74, 78-87, 91-98, 102-110, 153, 169, 188, 207-208, 215-217, 313-323, 327-329
src/training/__init__.py                                5      5     0%   3-12
src/training/data_collector.py                        164    164     0%   7-375
src/training/data_formatter.py                        119    119     0%   9-248
src/training/export.py                                 78     78     0%   6-171
src/training/quality_filter.py                        103    103     0%   7-180
src/training/stratified_sampler.py                    152    152     0%   14-254
src/utils/__init__.py                                   0      0   100%
src/utils/helpers.py                                   32     32     0%   6-63
src/utils/logging_config.py                            40     40     0%   6-87
---------------------------------------------------------------------------------
TOTAL                                               11396  10322     9%
Coverage XML written to file coverage.xml
[32m============================== [32m[1m43 passed[0m[32m in 8.19s[0m[32m ==============================[0m
