/Users/srujansai/Desktop/NRG/.venv/lib/python3.11/site-packages/pytest_asyncio/plugin.py:247: PytestDeprecationWarning: The configuration option "asyncio_default_fixture_loop_scope" is unset.
The event loop scope for asynchronous fixtures will default to the fixture caching scope. Future versions of pytest-asyncio will default the loop scope for asynchronous fixtures to function scope. Set the default fixture loop scope explicitly in order to avoid unexpected behavior in the future. Valid fixture loop scopes are: "function", "class", "module", "package", "session"

  warnings.warn(PytestDeprecationWarning(_DEFAULT_FIXTURE_LOOP_SCOPE_UNSET))
[1m============================= test session starts ==============================[0m
platform darwin -- Python 3.11.5, pytest-8.2.2, pluggy-1.6.0 -- /Users/srujansai/Desktop/NRG/.venv/bin/python
cachedir: .pytest_cache
rootdir: /Users/srujansai/Desktop/NRG
configfile: pytest.ini
plugins: cov-7.1.0, Faker-22.6.0, langsmith-0.7.32, asyncio-1.3.0, anyio-4.13.0
asyncio: mode=Mode.AUTO, debug=False, asyncio_default_fixture_loop_scope=None, asyncio_default_test_loop_scope=function
[1mcollecting ... [0mcollected 11 items

tests/data/test_schema_parity.py::TestSchemaParity::test_db_struct_sql_parseable [32mPASSED[0m[32m [  9%][0m
tests/data/test_schema_parity.py::TestSchemaParity::test_dhairya_tables_present [32mPASSED[0m[32m [ 18%][0m
tests/data/test_schema_parity.py::TestSchemaParity::test_live_db_connection [32mPASSED[0m[32m [ 27%][0m
tests/data/test_schema_parity.py::TestSchemaParity::test_live_db_has_all_tables [33mSKIPPED[0mb_institute_mstr', 'auth_user_groups', 'auth_user',
'research_consultancy_details_consultancy', 'phd_students',
'academic_courses_details', 'startup_receiving_vc_investment',
'scraped_raw_data', 'auth_permission', 'ipo_patent_details_flat_old',
'financial_expenses_capital', 'sanctioned_intake',
'founders_of_fortune_500_companies', 'fdi_investment',
'faculty_details', 'expertise', 'master_expertise',
'placements_and_higher_studies',
'research_consultancy_details_sponsered', 'fdp_details',
'user_registration', 'role_data', 'nirf_table_row', 'auth_group',
'django_migrations', 'startup_recognition_old', 'startup_recognition',
'adv_se', 'tb_goi_ministries_mstr', 'patents_details',
'combined_ipo_patent_data', 'ipo_patent_details_flat',
'startups_turnover_50_lacs', 'nirf_extracted_table',
'scraped_data_save', 'tb_institute_scrap_data_url',
'auth_group_permissions', 'auth_user_user_permissions',
'financial_expenses_operational', 'advance_search_data_15_12',
'innovations_at_various_stages_of_technology_readiness_level',
'user_registration_old', 'django_content_type', 'incubation_details',
'tb_academic_year_mstr', 'tb_course_program_types',
'actual_student_strength', 'package_data', 'advance_search_data',
'django_admin_log', 'faculty_strength', 'scraped_data', 'seed_funding',
'combined_ipo_patent_data_old', 'django_session',
'advance_search_data_old', 'innovation_grant_from_govt',
'nirf_pdf_record'}
assert not {'academic_courses_details',
'actual_student_strength', 'adv_se', 'advance_search_data',
'advance_search_data_15_12', 'advance_search_data_old', ...})[32m            [ 36%][0m
tests/data/test_schema_parity.py::TestSchemaParity::test_live_db_has_all_columns [32mPASSED[0m[32m [ 45%][0m
tests/data/test_schema_parity.py::TestSchemaParity::test_schema_fingerprint_stable [32mPASSED[0m[32m [ 54%][0m
tests/data/test_schema_parity.py::TestSchemaParity::test_schema_fingerprint_matches_expected [32mPASSED[0m[32m [ 63%][0m
tests/data/test_schema_parity.py::TestSchemaParity::test_all_dhairya_tables_have_minimum_rows [33mSKIPPED[0mcademic_courses_details"
does not exist
LINE 1: SELECT COUNT(*) FROM academic_courses_details
^

[SQL: SELECT COUNT(*) FROM academic_courses_details]
(Background on
this error at: https://sqlalche.me/e/20/f405))[32m                           [ 72%][0m
tests/data/test_schema_parity.py::TestSchemaParity::test_primary_keys_intact [33mSKIPPED[0mils', 'actual_student_strength', 'adv_se',
'advance_search_data', 'advance_search_data_15_12',
'advance_search_data_old', 'auth_group', 'auth_group_permissions',
'auth_permission', 'auth_user', 'auth_user_groups',
'auth_user_user_permissions', 'combined_ipo_patent_data',
'combined_ipo_patent_data_old', 'django_admin_log',
'django_content_type', 'django_migrations', 'django_session',
'expertise', 'faculty_details', 'faculty_strength', 'fdi_investment',
'fdp_details', 'financial_expenses_capital',
'financial_expenses_operational', 'founders_of_fortune_500_companies',
'incubation_details', 'innovation_grant_from_govt',
'innovations_at_various_stages_of_technology_readiness_level',
'ipo_patent_details_flat', 'ipo_patent_details_flat_old',
'master_expertise', 'nirf_extracted_table', 'nirf_pdf_record',
'nirf_table_row', 'package_data', 'patents_details', 'phd_students',
'placements_and_higher_studies',
'research_consultancy_details_consultancy',
'research_consultancy_details_sponsered', 'role_data',
'sanctioned_intake', 'scraped_data', 'scraped_data_save',
'scraped_raw_data', 'seed_funding', 'startup_receiving_vc_investment',
'startup_recognition_old', 'startup_recognition',
'startups_turnover_50_lacs', 'tb_academic_year_mstr',
'tb_course_program_types', 'tb_goi_ministries_mstr',
'tb_institute_mstr', 'tb_institute_scrap_data_url', 'user_registration',
'user_registration_old']
assert not ['academic_courses_details',
'actual_student_strength', 'adv_se', 'advance_search_data',
'advance_search_data_15_12', 'advance_search_data_old', ...])[32m            [ 81%][0m
tests/data/test_schema_parity.py::TestSchemaParity::test_no_orphan_foreign_keys [32mPASSED[0m[32m [ 90%][0m
tests/data/test_schema_parity.py::TestSchemaParity::test_total_credit_score_is_text_type [33mSKIPPED[0m[32m [100%][0m/Users/srujansai/Desktop/NRG/.venv/lib/python3.11/site-packages/coverage/control.py:958: CoverageWarning: No data was collected. (no-data-collected); see https://coverage.readthedocs.io/en/7.13.5/messages.html#warning-no-data-collected
  self._warn("No data was collected.", slug="no-data-collected")


================================ tests coverage ================================
_______________ coverage: platform darwin, python 3.11.5-final-0 _______________

Name                                                Stmts   Miss  Cover   Missing
---------------------------------------------------------------------------------
src/__init__.py                                         0      0   100%
src/api/__init__.py                                     0      0   100%
src/api/logging_config.py                              57     57     0%   6-121
src/api/main.py                                      1265   1265     0%   6-2489
src/audit/__init__.py                                 341    341     0%   8-665
src/audit/db_cosign.py                                163    163     0%   17-402
src/audit/per_user_keys.py                            112    112     0%   17-212
src/auth/__init__.py                                    2      2     0%   3-5
src/auth/jwt_handler.py                               152    152     0%   3-345
src/auth/middleware.py                                101    101     0%   3-253
src/auth/rbac.py                                      294    294     0%   17-574
src/auth/refresh_store.py                              65     65     0%   3-151
src/caching/__init__.py                                 0      0   100%
src/caching/redis_layer.py                             64     64     0%   1-108
src/config/__init__.py                                  2      2     0%   3-14
src/config/database.py                                189    189     0%   9-295
src/config/llm_config.py                              854    854     0%   3-1575
src/config/local_llm.py                               232    232     0%   7-421
src/data/__init__.py                                    0      0   100%
src/data/database.py                                   80     80     0%   3-171
src/data/database_v2.py                               397    397     0%   7-873
src/data/metadata/__init__.py                           0      0   100%
src/data/metadata/access_control_labels.py             66     66     0%   6-219
src/db/__init__.py                                      0      0   100%
src/db/seed.py                                         24     24     0%   3-43
src/orchestration/__init__.py                           0      0   100%
src/orchestration/checkpoint.py                       102    102     0%   3-187
src/orchestration/graph.py                            160    160     0%   3-256
src/orchestration/nodes/__init__.py                     0      0   100%
src/orchestration/nodes/complexity_classifier.py       71     71     0%   15-180
src/orchestration/nodes/executor.py                   216    216     0%   3-375
src/orchestration/nodes/planner.py                    282    282     0%   3-578
src/orchestration/nodes/receiver.py                    40     40     0%   3-74
src/orchestration/nodes/reflector.py                   27     27     0%   7-78
src/orchestration/nodes/retry_handler.py               31     31     0%   7-80
src/orchestration/nodes/router.py                     398    398     0%   20-921
src/orchestration/nodes/synthesizer.py                655    655     0%   3-1297
src/orchestration/nodes/verifier.py                   279    279     0%   3-570
src/orchestration/state.py                             85     85     0%   3-125
src/orchestration/workflows/__init__.py                 0      0   100%
src/orchestration/workflows/multi_hop.py               21     21     0%   22-76
src/security/__init__.py                                0      0   100%
src/security/dpdp_compliance.py                        70     70     0%   8-181
src/security/egress_guard/__init__.py                 139    139     0%   14-242
src/security/gateway/__init__.py                        0      0   100%
src/security/gateway/prompt_sanitiser.py              145    145     0%   1-510
src/security/headers.py                                38     38     0%   11-85
src/security/pii/__init__.py                           49     49     0%   3-110
src/security/pii/fpe_engine.py                         60     60     0%   1-130
src/security/pii/presidio_config.py                   103    103     0%   3-224
src/security/pii/tokenizer.py                          72     72     0%   1-177
src/security/pii/verhoeff.py                           16     16     0%   8-69
src/security/pii_encryption.py                        102    102     0%   8-170
src/security/query_allowlist.py                        59     59     0%   9-171
src/security/rate_limiter.py                          124    124     0%   14-285
src/security/rbac/__init__.py                           0      0   100%
src/security/rbac/middleware.py                        30     30     0%   7-120
src/security/rbac/postgresql_rbac.py                  102    102     0%   7-326
src/security/rbac/qdrant_rbac.py                      102    102     0%   7-251
src/security/request_signer.py                         57     57     0%   8-150
src/security/security_harden.py                         8      8     0%   16-24
src/security/token_rotation.py                         60     60     0%   9-191
src/skills/__init__.py                                  0      0   100%
src/skills/rag/__init__.py                              2      2     0%   3-5
src/skills/rag/embedder.py                            191    191     0%   3-285
src/skills/rag/ingest.py                               68     68     0%   3-121
src/skills/rag/reranker.py                             38     38     0%   3-57
src/skills/rag/retriever.py                           245    245     0%   3-547
src/skills/rag/skill.py                                80     80     0%   3-151
src/skills/text_to_sql/__init__.py                      0      0   100%
src/skills/text_to_sql/sandbox.py                      74     74     0%   3-170
src/skills/text_to_sql/schema_extractor.py            144    144     0%   7-411
src/skills/text_to_sql/schema_sync_check.py           199    199     0%   7-390
src/skills/text_to_sql/skill.py                       555    555     0%   3-1138
src/skills/text_to_sql/sql_examples.py                 29     29     0%   13-340
src/skills/text_to_sql/sql_oracle.py                  152    152     0%   17-322
src/skills/text_to_sql/sqlite_sandbox.py               57     57     0%   3-128
src/skills/text_to_sql/sqlite_schema_extractor.py     120    120     0%   3-418
src/skills/text_to_sql/table_relationships.py          35     35     0%   7-633
src/skills/text_to_sql/validator.py                   136    136     0%   3-329
src/training/__init__.py                                5      5     0%   3-12
src/training/data_collector.py                        164    164     0%   7-375
src/training/data_formatter.py                        119    119     0%   9-248
src/training/export.py                                 78     78     0%   6-171
src/training/quality_filter.py                        103    103     0%   7-180
src/training/stratified_sampler.py                    152    152     0%   14-254
src/utils/__init__.py                                   0      0   100%
src/utils/helpers.py                                   32     32     0%   6-63
src/utils/logging_config.py                            40     40     0%   6-87
---------------------------------------------------------------------------------
TOTAL                                               10981  10981     0%
Coverage XML written to file coverage.xml
[32m========================= [32m[1m7 passed[0m, [33m4 skipped[0m[32m in 2.83s[0m[32m =========================[0m
