/Users/srujansai/Desktop/NRG/.venv/lib/python3.11/site-packages/pytest_asyncio/plugin.py:247: PytestDeprecationWarning: The configuration option "asyncio_default_fixture_loop_scope" is unset.
The event loop scope for asynchronous fixtures will default to the fixture caching scope. Future versions of pytest-asyncio will default the loop scope for asynchronous fixtures to function scope. Set the default fixture loop scope explicitly in order to avoid unexpected behavior in the future. Valid fixture loop scopes are: "function", "class", "module", "package", "session"

  warnings.warn(PytestDeprecationWarning(_DEFAULT_FIXTURE_LOOP_SCOPE_UNSET))
[1m============================= test session starts ==============================[0m
platform darwin -- Python 3.11.7, pytest-8.2.2, pluggy-1.6.0 -- /Users/srujansai/Desktop/NRG/.venv/bin/python
cachedir: .pytest_cache
hypothesis profile 'default' -> database=DirectoryBasedExampleDatabase(PosixPath('/Users/srujansai/Desktop/NRG/.hypothesis/examples'))
rootdir: /Users/srujansai/Desktop/NRG
configfile: pytest.ini
plugins: hypothesis-6.100.1, cov-7.1.0, Faker-22.6.0, xdist-3.8.0, rerunfailures-14.0, langsmith-0.7.32, asyncio-1.3.0, anyio-4.13.0
asyncio: mode=Mode.AUTO, debug=False, asyncio_default_fixture_loop_scope=None, asyncio_default_test_loop_scope=function
[1mcollecting ... [0mcollected 11 items

tests/security/test_pii_indian.py::test_aadhaar_grouped_detected [32mPASSED[0m[32m  [  9%][0m
tests/security/test_pii_indian.py::test_aadhaar_dashed_detected [32mPASSED[0m[32m   [ 18%][0m
tests/security/test_pii_indian.py::test_aadhaar_verhoeff_rejects_invalid_sample_number [32mPASSED[0m[32m [ 27%][0m
tests/security/test_pii_indian.py::test_pan_detected [32mPASSED[0m[32m              [ 36%][0m
tests/security/test_pii_indian.py::test_phone_detected [32mPASSED[0m[32m            [ 45%][0m
tests/security/test_pii_indian.py::test_phone_91_detected [32mPASSED[0m[32m         [ 54%][0m
tests/security/test_pii_indian.py::test_email_detected [32mPASSED[0m[32m            [ 63%][0m
tests/security/test_pii_indian.py::test_academic_email_detected [32mPASSED[0m[32m   [ 72%][0m
tests/security/test_pii_indian.py::test_gstin_detected [32mPASSED[0m[32m            [ 81%][0m
tests/security/test_pii_indian.py::test_clean_research_query_has_no_pii [32mPASSED[0m[32m [ 90%][0m
tests/security/test_pii_indian.py::test_indian_pii_scan_budget_covers_all_patterns [32mPASSED[0m[32m [100%][0m

[32m============================== [32m[1m11 passed[0m[32m in 2.74s[0m[32m ==============================[0m
