/Users/srujansai/Desktop/NRG/.venv/lib/python3.11/site-packages/pytest_asyncio/plugin.py:247: PytestDeprecationWarning: The configuration option "asyncio_default_fixture_loop_scope" is unset.
The event loop scope for asynchronous fixtures will default to the fixture caching scope. Future versions of pytest-asyncio will default the loop scope for asynchronous fixtures to function scope. Set the default fixture loop scope explicitly in order to avoid unexpected behavior in the future. Valid fixture loop scopes are: "function", "class", "module", "package", "session"

  warnings.warn(PytestDeprecationWarning(_DEFAULT_FIXTURE_LOOP_SCOPE_UNSET))
[1m============================= test session starts ==============================[0m
platform darwin -- Python 3.11.7, pytest-8.2.2, pluggy-1.6.0 -- /Users/srujansai/Desktop/NRG/.venv/bin/python
cachedir: .pytest_cache
hypothesis profile 'default' -> database=DirectoryBasedExampleDatabase(PosixPath('/Users/srujansai/Desktop/NRG/.hypothesis/examples'))
rootdir: /Users/srujansai/Desktop/NRG
configfile: pytest.ini
plugins: hypothesis-6.100.1, cov-7.1.0, Faker-22.6.0, xdist-3.8.0, rerunfailures-14.0, langsmith-0.7.32, asyncio-1.3.0, anyio-4.13.0
asyncio: mode=Mode.AUTO, debug=False, asyncio_default_fixture_loop_scope=None, asyncio_default_test_loop_scope=function
[1mcollecting ... [0mcollected 29 items

tests/security/test_per_user_audit_binding.py::TestPerUserKeyManager::test_derive_key_consistent_for_same_inputs [32mPASSED[0m[32m [  3%][0m
tests/security/test_per_user_audit_binding.py::TestPerUserKeyManager::test_derive_key_differs_across_users [32mPASSED[0m[32m [  6%][0m
tests/security/test_per_user_audit_binding.py::TestPerUserKeyManager::test_derive_key_differs_across_kids [32mPASSED[0m[32m [ 10%][0m
tests/security/test_per_user_audit_binding.py::TestPerUserKeyManager::test_derive_key_differs_across_fingerprints [32mPASSED[0m[32m [ 13%][0m
tests/security/test_per_user_audit_binding.py::TestPerUserKeyManager::test_derive_key_handles_none_jwt_kid [32mPASSED[0m[32m [ 17%][0m
tests/security/test_per_user_audit_binding.py::TestPerUserKeyManager::test_derive_key_handles_none_fingerprint [32mPASSED[0m[32m [ 20%][0m
tests/security/test_per_user_audit_binding.py::TestComputeVerifyBinding::test_binding_validates_correctly [32mPASSED[0m[32m [ 24%][0m
tests/security/test_per_user_audit_binding.py::TestComputeVerifyBinding::test_binding_rejects_mismatch [32mPASSED[0m[32m [ 27%][0m
tests/security/test_per_user_audit_binding.py::TestComputeVerifyBinding::test_binding_rejects_tampered_event [32mPASSED[0m[32m [ 31%][0m
tests/security/test_per_user_audit_binding.py::TestComputeVerifyBinding::test_binding_rejects_wrong_user [32mPASSED[0m[32m [ 34%][0m
tests/security/test_per_user_audit_binding.py::TestComputeVerifyBinding::test_binding_accepts_system_event [32mPASSED[0m[32m [ 37%][0m
tests/security/test_per_user_audit_binding.py::TestComputeVerifyBinding::test_binding_rejects_empty_stored [32mPASSED[0m[32m [ 41%][0m
tests/security/test_per_user_audit_binding.py::TestRotatingSaltStore::test_get_salt_returns_same_salt_intraday [32mPASSED[0m[32m [ 44%][0m
tests/security/test_per_user_audit_binding.py::TestRotatingSaltStore::test_get_salt_differs_across_users [32mPASSED[0m[32m [ 48%][0m
tests/security/test_per_user_audit_binding.py::TestRotatingSaltStore::test_get_salt_is_persisted [32mPASSED[0m[32m [ 51%][0m
tests/security/test_per_user_audit_binding.py::TestRotatingSaltStore::test_different_dates_produce_different_salts [32mPASSED[0m[32m [ 55%][0m
tests/security/test_per_user_audit_binding.py::TestBuildRequestFingerprint::test_same_inputs_produce_same_fingerprint [32mPASSED[0m[32m [ 58%][0m
tests/security/test_per_user_audit_binding.py::TestBuildRequestFingerprint::test_different_ip_produces_different_fingerprint [32mPASSED[0m[32m [ 62%][0m
tests/security/test_per_user_audit_binding.py::TestBuildRequestFingerprint::test_fingerprint_format [32mPASSED[0m[32m [ 65%][0m
tests/security/test_per_user_audit_binding.py::TestBuildRequestFingerprint::test_fingerprint_handle_none_values [32mPASSED[0m[32m [ 68%][0m
tests/security/test_per_user_audit_binding.py::TestBuildRequestFingerprint::test_fingerprint_length_reasonable [32mPASSED[0m[32m [ 72%][0m
tests/security/test_per_user_audit_binding.py::TestVerifyChainWithPerUserBinding::test_verify_chain_with_valid_per_user_binding_passes [32mPASSED[0m[32m [ 75%][0m
tests/security/test_per_user_audit_binding.py::TestVerifyChainWithPerUserBinding::test_verify_chain_detects_tampered_binding [32mPASSED[0m[32m [ 79%][0m
tests/security/test_per_user_audit_binding.py::TestVerifyChainWithPerUserBinding::test_verify_chain_without_per_user_check_passes [32mPASSED[0m[32m [ 82%][0m
tests/security/test_per_user_audit_binding.py::TestVerifyChainWithPerUserBinding::test_system_event_skips_binding_check [32mPASSED[0m[32m [ 86%][0m
tests/security/test_per_user_audit_binding.py::TestVerifyChainWithPerUserBinding::test_multiple_events_all_verified [32mPASSED[0m[32m [ 89%][0m
tests/security/test_per_user_audit_binding.py::TestDatabaseCoSign::test_db_cosign_hmac_is_deterministic_and_tamper_sensitive [32mPASSED[0m[32m [ 93%][0m
tests/security/test_per_user_audit_binding.py::TestDatabaseCoSign::test_db_cosign_trigger_sql_adds_column_and_insert_trigger [32mPASSED[0m[32m [ 96%][0m
tests/security/test_per_user_audit_binding.py::TestDatabaseCoSign::test_recent_verify_reports_disabled_when_database_url_missing [32mPASSED[0m[32m [100%][0m

[32m============================== [32m[1m29 passed[0m[32m in 3.49s[0m[32m ==============================[0m
