/Users/srujansai/Desktop/NRG/.venv/lib/python3.11/site-packages/pytest_asyncio/plugin.py:247: PytestDeprecationWarning: The configuration option "asyncio_default_fixture_loop_scope" is unset.
The event loop scope for asynchronous fixtures will default to the fixture caching scope. Future versions of pytest-asyncio will default the loop scope for asynchronous fixtures to function scope. Set the default fixture loop scope explicitly in order to avoid unexpected behavior in the future. Valid fixture loop scopes are: "function", "class", "module", "package", "session"

  warnings.warn(PytestDeprecationWarning(_DEFAULT_FIXTURE_LOOP_SCOPE_UNSET))
[1m============================= test session starts ==============================[0m
platform darwin -- Python 3.11.7, pytest-8.2.2, pluggy-1.6.0 -- /Users/srujansai/Desktop/NRG/.venv/bin/python
cachedir: .pytest_cache
hypothesis profile 'default' -> database=DirectoryBasedExampleDatabase(PosixPath('/Users/srujansai/Desktop/NRG/.hypothesis/examples'))
rootdir: /Users/srujansai/Desktop/NRG
configfile: pytest.ini
plugins: hypothesis-6.100.1, cov-7.1.0, Faker-22.6.0, xdist-3.8.0, rerunfailures-14.0, langsmith-0.7.32, asyncio-1.3.0, anyio-4.13.0
asyncio: mode=Mode.AUTO, debug=False, asyncio_default_fixture_loop_scope=None, asyncio_default_test_loop_scope=function
[1mcollecting ... [0mcollected 35 items

tests/security/test_egress_allowlist.py::TestEgressSchemaAllowlistLoader::test_is_table_allowed_valid [32mPASSED[0m[32m [  2%][0m
tests/security/test_egress_allowlist.py::TestEgressSchemaAllowlistLoader::test_is_table_allowed_invalid [32mPASSED[0m[32m [  5%][0m
tests/security/test_egress_allowlist.py::TestEgressSchemaAllowlistLoader::test_is_column_allowed_valid [32mPASSED[0m[32m [  8%][0m
tests/security/test_egress_allowlist.py::TestEgressSchemaAllowlistLoader::test_is_column_allowed_blocked [32mPASSED[0m[32m [ 11%][0m
tests/security/test_egress_allowlist.py::TestEgressSchemaAllowlistLoader::test_get_blocked_content_returns_frozenset [32mPASSED[0m[32m [ 14%][0m
tests/security/test_egress_allowlist.py::TestEgressSchemaAllowlistLoader::test_is_llm_prompt_allowed [32mPASSED[0m[32m [ 17%][0m
tests/security/test_egress_allowlist.py::TestEgressSchemaAllowlistLoader::test_get_allowed_tables [32mPASSED[0m[32m [ 20%][0m
tests/security/test_egress_allowlist.py::TestEgressSchemaAllowlistLoader::test_get_table_columns [32mPASSED[0m[32m [ 22%][0m
tests/security/test_egress_allowlist.py::TestSovereignHTTPXClientAllowed::test_allowed_user_query [32mPASSED[0m[32m [ 25%][0m
tests/security/test_egress_allowlist.py::TestSovereignHTTPXClientAllowed::test_allowed_schema_prompt_valid_table [32mPASSED[0m[32m [ 28%][0m
tests/security/test_egress_allowlist.py::TestSovereignHTTPXClientAllowed::test_allowed_plan_json [32mPASSED[0m[32m [ 31%][0m
tests/security/test_egress_allowlist.py::TestSovereignHTTPXClientAllowed::test_allowed_citation_ids [32mPASSED[0m[32m [ 34%][0m
tests/security/test_egress_allowlist.py::TestSovereignHTTPXClientAllowed::test_allowed_session_id [32mPASSED[0m[32m [ 37%][0m
tests/security/test_egress_allowlist.py::TestSovereignHTTPXClientBlockedTables::test_blocked_unlisted_table_in_schema_prompt [32mPASSED[0m[32m [ 40%][0m
tests/security/test_egress_allowlist.py::TestSovereignHTTPXClientBlockedTables::test_blocked_unlisted_table_join [32mPASSED[0m[32m [ 42%][0m
tests/security/test_egress_allowlist.py::TestSovereignHTTPXClientBlockedTables::test_blocked_user_credentials_table [32mPASSED[0m[32m [ 45%][0m
tests/security/test_egress_allowlist.py::TestSovereignHTTPXClientBlockedTables::test_blocked_passwords_table [32mPASSED[0m[32m [ 48%][0m
tests/security/test_egress_allowlist.py::TestSovereignHTTPXClientBlockedTables::test_blocked_private_notes_table [32mPASSED[0m[32m [ 51%][0m
tests/security/test_egress_allowlist.py::TestSovereignHTTPXClientBlockedColumns::test_blocked_email_column [32mPASSED[0m[32m [ 54%][0m
tests/security/test_egress_allowlist.py::TestSovereignHTTPXClientBlockedColumns::test_blocked_phone_column [32mPASSED[0m[32m [ 57%][0m
tests/security/test_egress_allowlist.py::TestSovereignHTTPXClientBlockedColumns::test_blocked_full_text_field [32mPASSED[0m[32m [ 60%][0m
tests/security/test_egress_allowlist.py::TestSovereignHTTPXClientBlockedColumns::test_blocked_fulltext_nested [32mPASSED[0m[32m [ 62%][0m
tests/security/test_egress_allowlist.py::TestSovereignHTTPXClientBlockedColumns::test_blocked_researcher_table_column_in_schema [32mPASSED[0m[32m [ 65%][0m
tests/security/test_egress_allowlist.py::TestSovereignHTTPXClientBlockedPatterns::test_blocked_raw_content_field [32mPASSED[0m[32m [ 68%][0m
tests/security/test_egress_allowlist.py::TestSovereignHTTPXClientBlockedPatterns::test_blocked_raw_db_dump [32mPASSED[0m[32m [ 71%][0m
tests/security/test_egress_allowlist.py::TestSovereignHTTPXClientBlockedPatterns::test_blocked_publication_text [32mPASSED[0m[32m [ 74%][0m
tests/security/test_egress_allowlist.py::TestSovereignHTTPXClientBlockedPatterns::test_blocked_research_content [32mPASSED[0m[32m [ 77%][0m
tests/security/test_egress_allowlist.py::TestSovereignHTTPXClientBlockedPatterns::test_blocked_full_publication_record [32mPASSED[0m[32m [ 80%][0m
tests/security/test_egress_allowlist.py::TestYAMLHotReload::test_reload_on_mtime_change [32mPASSED[0m[32m [ 82%][0m
tests/security/test_egress_allowlist.py::TestYAMLHotReload::test_singleton_same_instance [32mPASSED[0m[32m [ 85%][0m
tests/security/test_egress_allowlist.py::TestFalsePositives::test_researcher_name_not_blocked [32mPASSED[0m[32m [ 88%][0m
tests/security/test_egress_allowlist.py::TestFalsePositives::test_publication_title_not_blocked [32mPASSED[0m[32m [ 91%][0m
tests/security/test_egress_allowlist.py::TestFalsePositives::test_institution_name_not_blocked [32mPASSED[0m[32m [ 94%][0m
tests/security/test_egress_allowlist.py::TestFalsePositives::test_complex_query_with_multiple_tables [32mPASSED[0m[32m [ 97%][0m
tests/security/test_egress_allowlist.py::TestFalsePositives::test_aggregate_query [32mPASSED[0m[32m [100%][0m

[32m============================== [32m[1m35 passed[0m[32m in 5.21s[0m[32m ==============================[0m
