/Users/srujansai/Desktop/NRG/.venv/lib/python3.11/site-packages/pytest_asyncio/plugin.py:247: PytestDeprecationWarning: The configuration option "asyncio_default_fixture_loop_scope" is unset.
The event loop scope for asynchronous fixtures will default to the fixture caching scope. Future versions of pytest-asyncio will default the loop scope for asynchronous fixtures to function scope. Set the default fixture loop scope explicitly in order to avoid unexpected behavior in the future. Valid fixture loop scopes are: "function", "class", "module", "package", "session"

  warnings.warn(PytestDeprecationWarning(_DEFAULT_FIXTURE_LOOP_SCOPE_UNSET))
[1m============================= test session starts ==============================[0m
platform darwin -- Python 3.11.7, pytest-8.2.2, pluggy-1.6.0 -- /Users/srujansai/Desktop/NRG/.venv/bin/python
cachedir: .pytest_cache
hypothesis profile 'default' -> database=DirectoryBasedExampleDatabase(PosixPath('/Users/srujansai/Desktop/NRG/.hypothesis/examples'))
rootdir: /Users/srujansai/Desktop/NRG
configfile: pytest.ini
plugins: hypothesis-6.100.1, cov-7.1.0, Faker-22.6.0, xdist-3.8.0, rerunfailures-14.0, langsmith-0.7.32, asyncio-1.3.0, anyio-4.13.0
asyncio: mode=Mode.AUTO, debug=False, asyncio_default_fixture_loop_scope=None, asyncio_default_test_loop_scope=function
[1mcollecting ... [0mcollected 28 items

tests/orchestration/test_multi_hop_planner.py::TestDAGDecomposition::test_simple_query_single_node [32mPASSED[0m[32m [  3%][0m
tests/orchestration/test_multi_hop_planner.py::TestDAGDecomposition::test_comparison_query_parallel_branches [32mPASSED[0m[32m [  7%][0m
tests/orchestration/test_multi_hop_planner.py::TestDAGDecomposition::test_sequential_subqueries_chain [32mPASSED[0m[32m [ 10%][0m
tests/orchestration/test_multi_hop_planner.py::TestDAGDecomposition::test_dag_fallback_to_flat [32mPASSED[0m[32m [ 14%][0m
tests/orchestration/test_multi_hop_planner.py::TestDAGDecomposition::test_dag_node_fields_complete [32mPASSED[0m[32m [ 17%][0m
tests/orchestration/test_multi_hop_planner.py::TestDAGTopologicalSort::test_single_node_order [32mPASSED[0m[32m [ 21%][0m
tests/orchestration/test_multi_hop_planner.py::TestDAGTopologicalSort::test_two_independent_nodes [32mPASSED[0m[32m [ 25%][0m
tests/orchestration/test_multi_hop_planner.py::TestDAGTopologicalSort::test_parent_before_child [32mPASSED[0m[32m [ 28%][0m
tests/orchestration/test_multi_hop_planner.py::TestDAGTopologicalSort::test_diamond_dependency [32mPASSED[0m[32m [ 32%][0m
tests/orchestration/test_multi_hop_planner.py::TestDAGTopologicalSort::test_optional_node_skipped_on_missing_parent [32mPASSED[0m[32m [ 35%][0m
tests/orchestration/test_multi_hop_planner.py::TestDAGContextPassing::test_dag_node_enriches_query_with_context [32mPASSED[0m[32m [ 39%][0m
tests/orchestration/test_multi_hop_planner.py::TestPlannerNodeIntegration::test_planner_fallback_produces_valid_dag [32mPASSED[0m[32m [ 42%][0m
tests/orchestration/test_multi_hop_planner.py::TestPlannerNodeIntegration::test_skills_determination [32mPASSED[0m[32m [ 46%][0m
tests/orchestration/test_multi_hop_planner.py::TestDAGDecompositionFull::test_comparison_query_produces_root_plus_branches [32mPASSED[0m[32m [ 50%][0m
tests/orchestration/test_multi_hop_planner.py::TestDAGDecompositionFull::test_sequential_chain_deps [32mPASSED[0m[32m [ 53%][0m
tests/orchestration/test_multi_hop_planner.py::TestDAGDecompositionFull::test_diamond_dag [32mPASSED[0m[32m [ 57%][0m
tests/orchestration/test_multi_hop_planner.py::TestDAGDecompositionFull::test_optional_node_failure_ignored [32mPASSED[0m[32m [ 60%][0m
tests/orchestration/test_multi_hop_planner.py::TestDAGDecompositionFull::test_dag_context_contains_parent_results [32mPASSED[0m[32m [ 64%][0m
tests/orchestration/test_multi_hop_planner.py::TestDAGDecompositionFull::test_dag_with_rag_skill [32mPASSED[0m[32m [ 67%][0m
tests/orchestration/test_multi_hop_planner.py::TestDAGDecompositionFull::test_topological_sort_cycle_detection [32mPASSED[0m[32m [ 71%][0m
tests/orchestration/test_multi_hop_planner.py::TestDAGDecompositionFull::test_explicit_dag_edges_are_id_lists_not_ordinal [32mPASSED[0m[32m [ 75%][0m
tests/orchestration/test_multi_hop_planner.py::TestDAGDecompositionFull::test_planner_rejects_truly_cyclic_plan [32mPASSED[0m[32m [ 78%][0m
tests/orchestration/test_multi_hop_planner.py::TestDAGDecompositionFull::test_topological_sort_stable_on_chain [32mPASSED[0m[32m [ 82%][0m
tests/orchestration/test_multi_hop_planner.py::TestDAGDecompositionFull::test_planner_emits_explicit_edges_with_node_ids [32mPASSED[0m[32m [ 85%][0m
tests/orchestration/test_multi_hop_planner.py::TestDAGDecompositionFull::test_dag_execution_time_recorded [32mPASSED[0m[32m [ 89%][0m
tests/orchestration/test_multi_hop_planner.py::TestDAGDecompositionFull::test_single_hop_query_produces_single_node [32mPASSED[0m[32m [ 92%][0m
tests/orchestration/test_multi_hop_planner.py::TestDAGDecompositionFull::test_dag_node_output_shape_preserved [32mPASSED[0m[32m [ 96%][0m
tests/orchestration/test_multi_hop_planner.py::TestExecutorDAGPath::test_executor_routes_to_dag_when_is_dag_true [32mPASSED[0m[32m [100%][0m

[32m============================= [32m[1m28 passed[0m[32m in 10.57s[0m[32m ==============================[0m
