--- vector drift scheduler dry-run ---
{
  "status": "dry_run",
  "interval_seconds": 60,
  "cosine_shift_threshold": 0.05,
  "reindex_endpoint": "/api/reindex"
}
--- vector drift scheduler focused tests ---
/Users/srujansai/Desktop/NRG/.venv/lib/python3.11/site-packages/pytest_asyncio/plugin.py:247: PytestDeprecationWarning: The configuration option "asyncio_default_fixture_loop_scope" is unset.
The event loop scope for asynchronous fixtures will default to the fixture caching scope. Future versions of pytest-asyncio will default the loop scope for asynchronous fixtures to function scope. Set the default fixture loop scope explicitly in order to avoid unexpected behavior in the future. Valid fixture loop scopes are: "function", "class", "module", "package", "session"

  warnings.warn(PytestDeprecationWarning(_DEFAULT_FIXTURE_LOOP_SCOPE_UNSET))
[1m============================= test session starts ==============================[0m
platform darwin -- Python 3.11.5, pytest-8.2.2, pluggy-1.6.0 -- /Users/srujansai/Desktop/NRG/.venv/bin/python
cachedir: .pytest_cache
rootdir: /Users/srujansai/Desktop/NRG
configfile: pytest.ini
plugins: cov-7.1.0, Faker-22.6.0, langsmith-0.7.32, asyncio-1.3.0, anyio-4.13.0
asyncio: mode=Mode.AUTO, debug=False, asyncio_default_fixture_loop_scope=None, asyncio_default_test_loop_scope=function
[1mcollecting ... [0mcollected 4 items

tests/observability/test_vector_drift_scheduler.py::test_default_interval_is_60_seconds [32mPASSED[0m[32m [ 25%][0m
tests/observability/test_vector_drift_scheduler.py::test_scheduler_sleeps_for_configured_60_second_interval [32mPASSED[0m[32m [ 50%][0m
tests/observability/test_vector_drift_scheduler.py::test_scheduler_triggers_reindex_on_cosine_shift_breach [32mPASSED[0m[32m [ 75%][0m
tests/observability/test_vector_drift_scheduler.py::test_scheduler_does_not_reindex_when_stable [32mPASSED[0m[32m [100%][0m

================================ tests coverage ================================
_______________ coverage: platform darwin, python 3.11.5-final-0 _______________

Name                                                Stmts   Miss  Cover   Missing
---------------------------------------------------------------------------------
src/__init__.py                                         0      0   100%
src/api/__init__.py                                     0      0   100%
src/api/logging_config.py                              57     57     0%   6-121
src/api/main.py                                      1265   1265     0%   6-2489
src/audit/__init__.py                                 341    341     0%   8-665
src/audit/db_cosign.py                                163    163     0%   17-402
src/audit/per_user_keys.py                            112    112     0%   17-212
src/auth/__init__.py                                    2      2     0%   3-5
src/auth/jwt_handler.py                               152    152     0%   3-345
src/auth/middleware.py                                101    101     0%   3-253
src/auth/rbac.py                                      294    294     0%   17-574
src/auth/refresh_store.py                              65     65     0%   3-151
src/caching/__init__.py                                 0      0   100%
src/caching/redis_layer.py                             64     64     0%   1-108
src/config/__init__.py                                  2      2     0%   3-14
src/config/database.py                                189    189     0%   9-295
src/config/llm_config.py                              854    854     0%   3-1575
src/config/local_llm.py                               232    232     0%   7-421
src/data/__init__.py                                    0      0   100%
src/data/database.py                                   80     80     0%   3-171
src/data/database_v2.py                               397    397     0%   7-873
src/data/metadata/__init__.py                           0      0   100%
src/data/metadata/access_control_labels.py             66     66     0%   6-219
src/db/__init__.py                                      0      0   100%
src/db/seed.py                                         24     24     0%   3-43
src/observability/langfuse_tracer.py                  246    210    15%   29-47, 51, 57-100, 111-168, 173-206, 211-243, 248-281, 292-307, 312-326, 340-347, 350-361, 364-368, 372-376, 380-393, 397-409, 413-415, 427
src/orchestration/__init__.py                           0      0   100%
src/orchestration/checkpoint.py                       102    102     0%   3-187
src/orchestration/graph.py                            160    160     0%   3-256
src/orchestration/nodes/__init__.py                     0      0   100%
src/orchestration/nodes/complexity_classifier.py       71     71     0%   15-180
src/orchestration/nodes/executor.py                   216    216     0%   3-375
src/orchestration/nodes/planner.py                    282    282     0%   3-578
src/orchestration/nodes/receiver.py                    40     40     0%   3-74
src/orchestration/nodes/reflector.py                   27     27     0%   7-78
src/orchestration/nodes/retry_handler.py               31     31     0%   7-80
src/orchestration/nodes/router.py                     398    398     0%   20-921
src/orchestration/nodes/synthesizer.py                655    655     0%   3-1297
src/orchestration/nodes/verifier.py                   279    279     0%   3-570
src/orchestration/state.py                             85     85     0%   3-125
src/orchestration/workflows/__init__.py                 0      0   100%
src/orchestration/workflows/multi_hop.py               21     21     0%   22-76
src/security/__init__.py                                0      0   100%
src/security/dpdp_compliance.py                        70     70     0%   8-181
src/security/egress_guard/__init__.py                 139    139     0%   14-242
src/security/gateway/__init__.py                        0      0   100%
src/security/gateway/prompt_sanitiser.py              145    145     0%   1-515
src/security/headers.py                                38     38     0%   11-85
src/security/pii/__init__.py                           49     49     0%   3-110
src/security/pii/fpe_engine.py                         60     60     0%   1-130
src/security/pii/presidio_config.py                   103    103     0%   3-224
src/security/pii/tokenizer.py                          72     72     0%   1-177
src/security/pii/verhoeff.py                           16     16     0%   8-69
src/security/pii_encryption.py                        102    102     0%   8-170
src/security/query_allowlist.py                        59     59     0%   9-171
src/security/rate_limiter.py                          124    124     0%   14-285
src/security/rbac/__init__.py                           0      0   100%
src/security/rbac/middleware.py                        30     30     0%   7-120
src/security/rbac/postgresql_rbac.py                  102    102     0%   7-326
src/security/rbac/qdrant_rbac.py                      102    102     0%   7-251
src/security/request_signer.py                         57     57     0%   8-150
src/security/security_harden.py                         8      8     0%   16-24
src/security/token_rotation.py                         60     60     0%   9-191
src/skills/__init__.py                                  0      0   100%
src/skills/rag/__init__.py                              2      0   100%
src/skills/rag/embedder.py                            191    155    19%   30-31, 35-61, 65-67, 71, 75-82, 96, 99-117, 120, 127-131, 135-173, 177-210, 214-217, 221-235, 239, 243, 247-249, 253-257, 260, 265-282, 285
src/skills/rag/ingest.py                               68     68     0%   3-121
src/skills/rag/reranker.py                             38     38     0%   3-57
src/skills/rag/retriever.py                           245    210    14%   40-50, 62-94, 103-124, 128-132, 136-148, 152-154, 173-189, 193, 202-218, 225-231, 247-341, 355-367, 375-382, 385-403, 409-410, 414-419, 423-431, 435-493, 497-533, 536, 541-543, 547
src/skills/rag/skill.py                                80     63    21%   20-21, 25-36, 47-82, 86-109, 113-115, 125-126, 131-147, 151
src/skills/text_to_sql/__init__.py                      0      0   100%
src/skills/text_to_sql/sandbox.py                      74     74     0%   3-170
src/skills/text_to_sql/schema_extractor.py            144    144     0%   7-411
src/skills/text_to_sql/schema_sync_check.py           199    199     0%   7-390
src/skills/text_to_sql/skill.py                       555    555     0%   3-1138
src/skills/text_to_sql/sql_examples.py                 29     29     0%   13-340
src/skills/text_to_sql/sql_oracle.py                  152    152     0%   17-322
src/skills/text_to_sql/sqlite_sandbox.py               57     57     0%   3-128
src/skills/text_to_sql/sqlite_schema_extractor.py     120    120     0%   3-418
src/skills/text_to_sql/table_relationships.py          35     35     0%   7-633
src/skills/text_to_sql/validator.py                   136    136     0%   3-329
src/training/__init__.py                                5      5     0%   3-12
src/training/data_collector.py                        164    164     0%   7-375
src/training/data_formatter.py                        119    119     0%   9-248
src/training/export.py                                 78     78     0%   6-171
src/training/quality_filter.py                        103    103     0%   7-180
src/training/stratified_sampler.py                    152    152     0%   14-254
src/utils/__init__.py                                   0      0   100%
src/utils/helpers.py                                   32     32     0%   6-63
src/utils/logging_config.py                            40     40     0%   6-87
---------------------------------------------------------------------------------
TOTAL                                               11227  11101     1%
Coverage XML written to file coverage.xml
[32m============================== [32m[1m4 passed[0m[32m in 6.31s[0m[32m ===============================[0m
