============================================================
 AUDIT CHAIN REBUILD
============================================================

Step 1: Checking current chain status...
  Current chain valid: False
  Errors: 30

Step 2: Archiving corrupted chain...
  Archived to: .audit/chain_corrupted_backup_20260424T200238Z.jsonl

Step 3: Rebuilding chain...
  Events processed: 372,201
  Hashes corrected: 519
  Errors: 0

Step 4: Verifying rebuilt chain...
  Rebuilt chain is VALID

Step 5: Activating rebuilt chain...
  New chain activated: .audit/chain.jsonl
  Final chain hash: 72728d98e147b7c1c7c3...

Step 6: Logging rebuild event...
  Rebuild event logged with hash: ba6675b8c51a6b1e32bb...

============================================================
 REBUILD COMPLETE
============================================================
Events processed: 372,201
Hashes corrected: 519
Corrupted chain backed up to: .audit/chain_corrupted_backup_20260424T200238Z.jsonl
