
> nrg-frontend@1.0.0 build
> tsc && vite build --emptyOutDir

vite v4.5.14 building for production...
transforming...
✓ 2637 modules transformed.
rendering chunks...
computing gzip size...
../dist/frontend/index.html                                7.87 kB │ gzip:   2.52 kB
../dist/frontend/assets/index-f4e198e2.css                75.47 kB │ gzip:  14.14 kB
../dist/frontend/assets/trending-up-f5578b10.js            0.25 kB │ gzip:   0.21 kB │ map:     0.75 kB
../dist/frontend/assets/queryClient-6bff7a87.js            0.26 kB │ gzip:   0.22 kB │ map:     0.67 kB
../dist/frontend/assets/x-circle-965e870e.js               0.45 kB │ gzip:   0.31 kB │ map:     1.58 kB
../dist/frontend/assets/building-2-b84fc041.js             0.48 kB │ gzip:   0.28 kB │ map:     1.25 kB
../dist/frontend/assets/users-773e61c1.js                  0.89 kB │ gzip:   0.48 kB │ map:     3.05 kB
../dist/frontend/assets/app-29fbd227.js                    2.01 kB │ gzip:   0.97 kB │ map:     2.55 kB
../dist/frontend/assets/AuditEvent-f0e3ab3d.js             3.94 kB │ gzip:   1.51 kB │ map:     8.88 kB
../dist/frontend/assets/ThemeProvider-984d2c31.js          4.28 kB │ gzip:   1.70 kB │ map:    13.61 kB
../dist/frontend/assets/useQuery-bc5c65f4.js              11.35 kB │ gzip:   4.05 kB │ map:    44.46 kB
../dist/frontend/assets/queryClient-d7046b66.js           13.64 kB │ gzip:   4.23 kB │ map:    48.02 kB
../dist/frontend/assets/FounderDashboard-39946137.js      15.05 kB │ gzip:   3.91 kB │ map:    31.27 kB
../dist/frontend/assets/index-ab090b07.js                 15.15 kB │ gzip:   5.06 kB │ map:    57.55 kB
../dist/frontend/assets/GraphView-81a1c392.js             15.43 kB │ gzip:   4.64 kB │ map:    42.31 kB
../dist/frontend/assets/query-a1226f2d.js                 15.77 kB │ gzip:   5.31 kB │ map:    60.21 kB
../dist/frontend/assets/IndustryDashboard-16f50a57.js     23.90 kB │ gzip:   7.31 kB │ map:    56.39 kB
../dist/frontend/assets/ProductionWorkspace-e1ba22b9.js   24.21 kB │ gzip:   5.77 kB │ map:    60.32 kB
../dist/frontend/assets/GovernmentDashboard-b72e85dc.js   32.10 kB │ gzip:   8.90 kB │ map:    91.39 kB
../dist/frontend/assets/ResearcherDashboard-07d05f31.js   42.43 kB │ gzip:  11.81 kB │ map:   102.68 kB
../dist/frontend/assets/vendor-d3-4a9f30b6.js             64.63 kB │ gzip:  21.03 kB │ map:   267.54 kB
../dist/frontend/assets/emptyResults-f105b7cc.js          75.48 kB │ gzip:  20.46 kB │ map:   204.19 kB
../dist/frontend/assets/vendor-motion-0cec850f.js        114.50 kB │ gzip:  36.71 kB │ map:   634.83 kB
../dist/frontend/assets/vendor-react-601f19e2.js         141.18 kB │ gzip:  45.21 kB │ map:   351.03 kB
../dist/frontend/assets/App-b0b53e0b.js                  210.02 kB │ gzip:  61.82 kB │ map:   668.05 kB
../dist/frontend/assets/vendor-recharts-9f20f374.js      369.30 kB │ gzip: 102.89 kB │ map: 1,906.49 kB
✓ built in 59.23s
