
> nrg-frontend@1.0.0 test:contrast
> jest --runInBand tests/a11y/contrast.test.ts

PASS tests/a11y/contrast.test.ts
  WCAG token contrast
    ✓ light ink on surface meets AA normal text contrast (13 ms)
    ✓ light muted on surface meets AA normal text contrast
    ✓ light danger on surface meets AA normal text contrast (1 ms)
    ✓ light warning on surface meets AA normal text contrast (1 ms)
    ✓ light success on surface meets AA normal text contrast (1 ms)
    ✓ light tier 1 on surface meets AA normal text contrast (1 ms)
    ✓ light tier 2 on surface meets AA normal text contrast (1 ms)
    ✓ light tier 3 on surface meets AA normal text contrast (1 ms)
    ✓ dark ink on surface meets AA normal text contrast
    ✓ dark muted on surface meets AA normal text contrast
    ✓ dark danger on surface meets AA normal text contrast
    ✓ dark warning on surface meets AA normal text contrast
    ✓ dark success on surface meets AA normal text contrast (1 ms)
    ✓ dark tier 1 on surface meets AA normal text contrast (1 ms)
    ✓ dark tier 2 on surface meets AA normal text contrast
    ✓ dark tier 3 on surface meets AA normal text contrast
    ✓ light focus ring on surface meets non-text contrast
    ✓ dark focus ring on surface meets non-text contrast
    ✓ light border against surface meets non-text contrast
    ✓ dark border against surface meets non-text contrast

Test Suites: 1 passed, 1 total
Tests:       20 passed, 20 total
Snapshots:   0 total
Time:        9.587 s
Ran all test suites matching /tests\/a11y\/contrast.test.ts/i.
