
Running 15 tests using 1 worker

(node:90892) Warning: The 'NO_COLOR' env is ignored due to the 'FORCE_COLOR' env being set.
(Use `node --trace-warnings ...` to show where the warning was created)
(node:90892) Warning: The 'NO_COLOR' env is ignored due to the 'FORCE_COLOR' env being set.
(Use `node --trace-warnings ...` to show where the warning was created)
  ✘   1 [chromium] › tests/a11y/axe.test.ts:84:7 › login has no axe violations and five or fewer warnings (14.4s)
(node:90935) Warning: The 'NO_COLOR' env is ignored due to the 'FORCE_COLOR' env being set.
(Use `node --trace-warnings ...` to show where the warning was created)
(node:90935) Warning: The 'NO_COLOR' env is ignored due to the 'FORCE_COLOR' env being set.
(Use `node --trace-warnings ...` to show where the warning was created)
  ✓   2 [chromium] › tests/a11y/axe.test.ts:84:7 › hero has no axe violations and five or fewer warnings (23.8s)
  ✓   3 [chromium] › tests/a11y/axe.test.ts:84:7 › founder has no axe violations and five or fewer warnings (17.0s)
  ✘   4 [chromium] › tests/a11y/axe.test.ts:84:7 › researcher-dashboard has no axe violations and five or fewer warnings (6.9s)
(node:91099) Warning: The 'NO_COLOR' env is ignored due to the 'FORCE_COLOR' env being set.
(Use `node --trace-warnings ...` to show where the warning was created)
(node:91099) Warning: The 'NO_COLOR' env is ignored due to the 'FORCE_COLOR' env being set.
(Use `node --trace-warnings ...` to show where the warning was created)
  ✘   5 [chromium] › tests/a11y/axe.test.ts:84:7 › government-dashboard has no axe violations and five or fewer warnings (8.0s)
(node:91161) Warning: The 'NO_COLOR' env is ignored due to the 'FORCE_COLOR' env being set.
(Use `node --trace-warnings ...` to show where the warning was created)
(node:91161) Warning: The 'NO_COLOR' env is ignored due to the 'FORCE_COLOR' env being set.
(Use `node --trace-warnings ...` to show where the warning was created)
  ✘   6 [chromium] › tests/a11y/axe.test.ts:84:7 › industry-dashboard has no axe violations and five or fewer warnings (9.3s)
(node:91198) Warning: The 'NO_COLOR' env is ignored due to the 'FORCE_COLOR' env being set.
(Use `node --trace-warnings ...` to show where the warning was created)
(node:91198) Warning: The 'NO_COLOR' env is ignored due to the 'FORCE_COLOR' env being set.
(Use `node --trace-warnings ...` to show where the warning was created)
  ✘   7 [chromium] › tests/a11y/keyboard.test.ts:3:5 › skip link is the first focusable element and moves focus to main content (11.6s)
(node:91248) Warning: The 'NO_COLOR' env is ignored due to the 'FORCE_COLOR' env being set.
(Use `node --trace-warnings ...` to show where the warning was created)
(node:91248) Warning: The 'NO_COLOR' env is ignored due to the 'FORCE_COLOR' env being set.
(Use `node --trace-warnings ...` to show where the warning was created)
  ✘   8 [chromium] › tests/a11y/keyboard.test.ts:20:5 › hero query controls are keyboard operable (8.1s)
(node:91285) Warning: The 'NO_COLOR' env is ignored due to the 'FORCE_COLOR' env being set.
(Use `node --trace-warnings ...` to show where the warning was created)
(node:91285) Warning: The 'NO_COLOR' env is ignored due to the 'FORCE_COLOR' env being set.
(Use `node --trace-warnings ...` to show where the warning was created)
  ✘   9 [chromium] › tests/a11y/keyboard.test.ts:30:5 › reduced motion preference is reflected in the app shell (6.2s)
(node:91317) Warning: The 'NO_COLOR' env is ignored due to the 'FORCE_COLOR' env being set.
(Use `node --trace-warnings ...` to show where the warning was created)
(node:91317) Warning: The 'NO_COLOR' env is ignored due to the 'FORCE_COLOR' env being set.
(Use `node --trace-warnings ...` to show where the warning was created)
  ✘  10 [chromium] › tests/e2e/answer_engine_v1_walk.spec.ts:4:5 › Answer Engine v1 Ask -> Answer -> Proof path is visible (6.2s)
(node:91344) Warning: The 'NO_COLOR' env is ignored due to the 'FORCE_COLOR' env being set.
(Use `node --trace-warnings ...` to show where the warning was created)
(node:91344) Warning: The 'NO_COLOR' env is ignored due to the 'FORCE_COLOR' env being set.
(Use `node --trace-warnings ...` to show where the warning was created)
  ✓  11 [chromium] › tests/e2e/no_stack_trace.spec.ts:3:5 › error surfaces do not expose stack traces or raw exception markers (2.2s)
(node:91362) Warning: The 'NO_COLOR' env is ignored due to the 'FORCE_COLOR' env being set.
(Use `node --trace-warnings ...` to show where the warning was created)
(node:91362) Warning: The 'NO_COLOR' env is ignored due to the 'FORCE_COLOR' env being set.
(Use `node --trace-warnings ...` to show where the warning was created)
  ✘  12 [chromium] › tests/e2e/mobile_full_flow.spec.ts:153:5 › killer query and citation drawer work on iPhone without horizontal scroll (8.6s)
(node:91417) Warning: The 'NO_COLOR' env is ignored due to the 'FORCE_COLOR' env being set.
(Use `node --trace-warnings ...` to show where the warning was created)
(node:91417) Warning: The 'NO_COLOR' env is ignored due to the 'FORCE_COLOR' env being set.
(Use `node --trace-warnings ...` to show where the warning was created)
  ✓  13 [chromium] › tests/e2e/mobile_full_flow.spec.ts:172:5 › mobile dashboard uses persona switcher and fullscreen graph modal (21.8s)
  ✘  14 [chromium] › tests/e2e/ui_ux_walk.spec.ts:39:7 › captures answer-engine UI/UX walk at desktop (23.4s)
(node:91535) Warning: The 'NO_COLOR' env is ignored due to the 'FORCE_COLOR' env being set.
(Use `node --trace-warnings ...` to show where the warning was created)
(node:91535) Warning: The 'NO_COLOR' env is ignored due to the 'FORCE_COLOR' env being set.
(Use `node --trace-warnings ...` to show where the warning was created)
  ✘  15 [chromium] › tests/e2e/ui_ux_walk.spec.ts:39:7 › captures answer-engine UI/UX walk at mobile (21.1s)


  1) [chromium] › tests/a11y/axe.test.ts:84:7 › login has no axe violations and five or fewer warnings 

    Error: [
      {
        "id": "color-contrast",
        "impact": "serious",
        "tags": [
          "cat.color",
          "wcag2aa",
          "wcag143",
          "TTv5",
          "TT13.c",
          "EN-301-549",
          "EN-9.1.4.3",
          "ACT",
          "RGAAv4",
          "RGAA-3.2.1"
        ],
        "description": "Ensure the contrast between foreground and background colors meets WCAG 2 AA minimum contrast ratio thresholds",
        "help": "Elements must meet minimum color contrast ratio thresholds",
        "helpUrl": "https://dequeuniversity.com/rules/axe/4.11/color-contrast?application=playwright",
        "nodes": [
          {
            "any": [
              {
                "id": "color-contrast",
                "data": {
                  "fgColor": "#64748b",
                  "bgColor": "#f4efe3",
                  "contrastRatio": 4.14,
                  "fontSize": "9.0pt (12px)",
                  "fontWeight": "normal",
                  "messageKey": null,
                  "expectedContrastRatio": "4.5:1"
                },
                "relatedNodes": [
                  {
                    "html": "<div class=\"min-h-screen bg-[var(--nrg-bg)] text-slate-950\">",
                    "target": [
                      ".bg-\\[var\\(--nrg-bg\\)\\]"
                    ]
                  }
                ],
                "impact": "serious",
                "message": "Element has insufficient color contrast of 4.14 (foreground color: #64748b, background color: #f4efe3, font size: 9.0pt (12px), font weight: normal). Expected contrast ratio of 4.5:1"
              }
            ],
            "all": [],
            "none": [],
            "impact": "serious",
            "html": "<p class=\"text-xs font-semibold uppercase tracking-[0.18em] text-slate-500\">National Research Graph</p>",
            "target": [
              ".tracking-\\[0\\.18em\\]"
            ],
            "failureSummary": "Fix any of the following:\n  Element has insufficient color contrast of 4.14 (foreground color: #64748b, background color: #f4efe3, font size: 9.0pt (12px), font weight: normal). Expected contrast ratio of 4.5:1"
          },
          {
            "any": [
              {
                "id": "color-contrast",
                "data": {
                  "fgColor": "#64748b",
                  "bgColor": "#f1f5f9",
                  "contrastRatio": 4.34,
                  "fontSize": "8.3pt (11px)",
                  "fontWeight": "normal",
                  "messageKey": null,
                  "expectedContrastRatio": "4.5:1"
                },
                "relatedNodes": [
                  {
                    "html": "<span class=\"rounded-full bg-slate-100 px-2 py-1 font-mono text-[0.6875rem] text-slate-500\">Tier 1</span>",
                    "target": [
                      ".border-slate-950 > .justify-between.mb-3.gap-3 > .bg-slate-100.font-mono.text-\\[0\\.6875rem\\]"
                    ]
                  }
                ],
                "impact": "serious",
                "message": "Element has insufficient color contrast of 4.34 (foreground color: #64748b, background color: #f1f5f9, font size: 8.3pt (11px), font weight: normal). Expected contrast ratio of 4.5:1"
              }
            ],
            "all": [],
            "none": [],
            "impact": "serious",
            "html": "<span class=\"rounded-full bg-slate-100 px-2 py-1 font-mono text-[0.6875rem] text-slate-500\">Tier 1</span>",
            "target": [
              ".border-slate-950 > .justify-between.mb-3.gap-3 > .bg-slate-100.font-mono.text-\\[0\\.6875rem\\]"
            ],
            "failureSummary": "Fix any of the following:\n  Element has insufficient color contrast of 4.34 (foreground color: #64748b, background color: #f1f5f9, font size: 8.3pt (11px), font weight: normal). Expected contrast ratio of 4.5:1"
          },
          {
            "any": [
              {
                "id": "color-contrast",
                "data": {
                  "fgColor": "#64748b",
                  "bgColor": "#f1f5f9",
                  "contrastRatio": 4.34,
                  "fontSize": "8.3pt (11px)",
                  "fontWeight": "normal",
                  "messageKey": null,
                  "expectedContrastRatio": "4.5:1"
                },
                "relatedNodes": [
                  {
                    "html": "<span class=\"rounded-full bg-slate-100 px-2 py-1 font-mono text-[0.6875rem] text-slate-500\">Tier 2</span>",
                    "target": [
                      "button[aria-label=\"Select Government persona\"] > .justify-between.mb-3.gap-3 > .bg-slate-100.font-mono.text-\\[0\\.6875rem\\]"
                    ]
                  }
                ],
                "impact": "serious",
                "message": "Element has insufficient color contrast of 4.34 (foreground color: #64748b, background color: #f1f5f9, font size: 8.3pt (11px), font weight: normal). Expected contrast ratio of 4.5:1"
              }
            ],
            "all": [],
            "none": [],
            "impact": "serious",
            "html": "<span class=\"rounded-full bg-slate-100 px-2 py-1 font-mono text-[0.6875rem] text-slate-500\">Tier 2</span>",
            "target": [
              "button[aria-label=\"Select Government persona\"] > .justify-between.mb-3.gap-3 > .bg-slate-100.font-mono.text-\\[0\\.6875rem\\]"
            ],
            "failureSummary": "Fix any of the following:\n  Element has insufficient color contrast of 4.34 (foreground color: #64748b, background color: #f1f5f9, font size: 8.3pt (11px), font weight: normal). Expected contrast ratio of 4.5:1"
          },
          {
            "any": [
              {
                "id": "color-contrast",
                "data": {
                  "fgColor": "#64748b",
                  "bgColor": "#f1f5f9",
                  "contrastRatio": 4.34,
                  "fontSize": "8.3pt (11px)",
                  "fontWeight": "normal",
                  "messageKey": null,
                  "expectedContrastRatio": "4.5:1"
                },
                "relatedNodes": [
                  {
                    "html": "<span class=\"rounded-full bg-slate-100 px-2 py-1 font-mono text-[0.6875rem] text-slate-500\">Tier 3</span>",
                    "target": [
                      "button[aria-label=\"Select Industry persona\"] > .justify-between.mb-3.gap-3 > .bg-slate-100.font-mono.text-\\[0\\.6875rem\\]"
                    ]
                  }
                ],
                "impact": "serious",
                "message": "Element has insufficient color contrast of 4.34 (foreground color: #64748b, background color: #f1f5f9, font size: 8.3pt (11px), font weight: normal). Expected contrast ratio of 4.5:1"
              }
            ],
            "all": [],
            "none": [],
            "impact": "serious",
            "html": "<span class=\"rounded-full bg-slate-100 px-2 py-1 font-mono text-[0.6875rem] text-slate-500\">Tier 3</span>",
            "target": [
              "button[aria-label=\"Select Industry persona\"] > .justify-between.mb-3.gap-3 > .bg-slate-100.font-mono.text-\\[0\\.6875rem\\]"
            ],
            "failureSummary": "Fix any of the following:\n  Element has insufficient color contrast of 4.34 (foreground color: #64748b, background color: #f1f5f9, font size: 8.3pt (11px), font weight: normal). Expected contrast ratio of 4.5:1"
          },
          {
            "any": [
              {
                "id": "color-contrast",
                "data": {
                  "fgColor": "#64748b",
                  "bgColor": "#f4efe3",
                  "contrastRatio": 4.14,
                  "fontSize": "9.0pt (12px)",
                  "fontWeight": "normal",
                  "messageKey": null,
                  "expectedContrastRatio": "4.5:1"
                },
                "relatedNodes": [
                  {
                    "html": "<div class=\"min-h-screen bg-[var(--nrg-bg)] text-slate-950\">",
                    "target": [
                      ".bg-\\[var\\(--nrg-bg\\)\\]"
                    ]
                  }
                ],
                "impact": "serious",
                "message": "Element has insufficient color contrast of 4.14 (foreground color: #64748b, background color: #f4efe3, font size: 9.0pt (12px), font weight: normal). Expected contrast ratio of 4.5:1"
              }
            ],
            "all": [],
            "none": [],
            "impact": "serious",
            "html": "<span>Gov of India · DST · IIT Gandhinagar</span>",
            "target": [
              ".sm\\:flex-row.sm\\:items-center.sm\\:justify-between > span:nth-child(1)"
            ],
            "failureSummary": "Fix any of the following:\n  Element has insufficient color contrast of 4.14 (foreground color: #64748b, background color: #f4efe3, font size: 9.0pt (12px), font weight: normal). Expected contrast ratio of 4.5:1"
          },
          {
            "any": [
              {
                "id": "color-contrast",
                "data": {
                  "fgColor": "#64748b",
                  "bgColor": "#f4efe3",
                  "contrastRatio": 4.14,
                  "fontSize": "9.0pt (12px)",
                  "fontWeight": "normal",
                  "messageKey": null,
                  "expectedContrastRatio": "4.5:1"
                },
                "relatedNodes": [
                  {
                    "html": "<div class=\"min-h-screen bg-[var(--nrg-bg)] text-slate-950\">",
                    "target": [
                      ".bg-\\[var\\(--nrg-bg\\)\\]"
                    ]
                  }
                ],
                "impact": "serious",
                "message": "Element has insufficient color contrast of 4.14 (foreground color: #64748b, background color: #f4efe3, font size: 9.0pt (12px), font weight: normal). Expected contrast ratio of 4.5:1"
              }
            ],
            "all": [],
            "none": [],
            "impact": "serious",
            "html": "<span>Frontend local preview · API health checked separately</span>",
            "target": [
              ".sm\\:flex-row.sm\\:items-center.sm\\:justify-between > span:nth-child(2)"
            ],
            "failureSummary": "Fix any of the following:\n  Element has insufficient color contrast of 4.14 (foreground color: #64748b, background color: #f4efe3, font size: 9.0pt (12px), font weight: normal). Expected contrast ratio of 4.5:1"
          }
        ]
      }
    ]

    [2mexpect([22m[31mreceived[39m[2m).[22mtoHaveLength[2m([22m[32mexpected[39m[2m)[22m

    Expected length: [32m0[39m
    Received length: [31m1[39m
    Received array:  [31m[{"description": "Ensure the contrast between foreground and background colors meets WCAG 2 AA minimum contrast ratio thresholds", "help": "Elements must meet minimum color contrast ratio thresholds", "helpUrl": "https://dequeuniversity.com/rules/axe/4.11/color-contrast?application=playwright", "id": "color-contrast", "impact": "serious", "nodes": [{"all": [], "any": [{"data": {"bgColor": "#f4efe3", "contrastRatio": 4.14, "expectedContrastRatio": "4.5:1", "fgColor": "#64748b", "fontSize": "9.0pt (12px)", "fontWeight": "normal", "messageKey": null}, "id": "color-contrast", "impact": "serious", "message": "Element has insufficient color contrast of 4.14 (foreground color: #64748b, background color: #f4efe3, font size: 9.0pt (12px), font weight: normal). Expected contrast ratio of 4.5:1", "relatedNodes": [{"html": "<div class=\"min-h-screen bg-[var(--nrg-bg)] text-slate-950\">", "target": [".bg-\\[var\\(--nrg-bg\\)\\]"]}]}], "failureSummary": "Fix any of the following:[39m
    [31m  Element has insufficient color contrast of 4.14 (foreground color: #64748b, background color: #f4efe3, font size: 9.0pt (12px), font weight: normal). Expected contrast ratio of 4.5:1", "html": "<p class=\"text-xs font-semibold uppercase tracking-[0.18em] text-slate-500\">National Research Graph</p>", "impact": "serious", "none": [], "target": [".tracking-\\[0\\.18em\\]"]}, {"all": [], "any": [{"data": {"bgColor": "#f1f5f9", "contrastRatio": 4.34, "expectedContrastRatio": "4.5:1", "fgColor": "#64748b", "fontSize": "8.3pt (11px)", "fontWeight": "normal", "messageKey": null}, "id": "color-contrast", "impact": "serious", "message": "Element has insufficient color contrast of 4.34 (foreground color: #64748b, background color: #f1f5f9, font size: 8.3pt (11px), font weight: normal). Expected contrast ratio of 4.5:1", "relatedNodes": [{"html": "<span class=\"rounded-full bg-slate-100 px-2 py-1 font-mono text-[0.6875rem] text-slate-500\">Tier 1</span>", "target": [".border-slate-950 > .justify-between.mb-3.gap-3 > .bg-slate-100.font-mono.text-\\[0\\.6875rem\\]"]}]}], "failureSummary": "Fix any of the following:[39m
    [31m  Element has insufficient color contrast of 4.34 (foreground color: #64748b, background color: #f1f5f9, font size: 8.3pt (11px), font weight: normal). Expected contrast ratio of 4.5:1", "html": "<span class=\"rounded-full bg-slate-100 px-2 py-1 font-mono text-[0.6875rem] text-slate-500\">Tier 1</span>", "impact": "serious", "none": [], "target": [".border-slate-950 > .justify-between.mb-3.gap-3 > .bg-slate-100.font-mono.text-\\[0\\.6875rem\\]"]}, {"all": [], "any": [{"data": {"bgColor": "#f1f5f9", "contrastRatio": 4.34, "expectedContrastRatio": "4.5:1", "fgColor": "#64748b", "fontSize": "8.3pt (11px)", "fontWeight": "normal", "messageKey": null}, "id": "color-contrast", "impact": "serious", "message": "Element has insufficient color contrast of 4.34 (foreground color: #64748b, background color: #f1f5f9, font size: 8.3pt (11px), font weight: normal). Expected contrast ratio of 4.5:1", "relatedNodes": [{"html": "<span class=\"rounded-full bg-slate-100 px-2 py-1 font-mono text-[0.6875rem] text-slate-500\">Tier 2</span>", "target": ["button[aria-label=\"Select Government persona\"] > .justify-between.mb-3.gap-3 > .bg-slate-100.font-mono.text-\\[0\\.6875rem\\]"]}]}], "failureSummary": "Fix any of the following:[39m
    [31m  Element has insufficient color contrast of 4.34 (foreground color: #64748b, background color: #f1f5f9, font size: 8.3pt (11px), font weight: normal). Expected contrast ratio of 4.5:1", "html": "<span class=\"rounded-full bg-slate-100 px-2 py-1 font-mono text-[0.6875rem] text-slate-500\">Tier 2</span>", "impact": "serious", "none": [], "target": ["button[aria-label=\"Select Government persona\"] > .justify-between.mb-3.gap-3 > .bg-slate-100.font-mono.text-\\[0\\.6875rem\\]"]}, {"all": [], "any": [{"data": {"bgColor": "#f1f5f9", "contrastRatio": 4.34, "expectedContrastRatio": "4.5:1", "fgColor": "#64748b", "fontSize": "8.3pt (11px)", "fontWeight": "normal", "messageKey": null}, "id": "color-contrast", "impact": "serious", "message": "Element has insufficient color contrast of 4.34 (foreground color: #64748b, background color: #f1f5f9, font size: 8.3pt (11px), font weight: normal). Expected contrast ratio of 4.5:1", "relatedNodes": [{"html": "<span class=\"rounded-full bg-slate-100 px-2 py-1 font-mono text-[0.6875rem] text-slate-500\">Tier 3</span>", "target": ["button[aria-label=\"Select Industry persona\"] > .justify-between.mb-3.gap-3 > .bg-slate-100.font-mono.text-\\[0\\.6875rem\\]"]}]}], "failureSummary": "Fix any of the following:[39m
    [31m  Element has insufficient color contrast of 4.34 (foreground color: #64748b, background color: #f1f5f9, font size: 8.3pt (11px), font weight: normal). Expected contrast ratio of 4.5:1", "html": "<span class=\"rounded-full bg-slate-100 px-2 py-1 font-mono text-[0.6875rem] text-slate-500\">Tier 3</span>", "impact": "serious", "none": [], "target": ["button[aria-label=\"Select Industry persona\"] > .justify-between.mb-3.gap-3 > .bg-slate-100.font-mono.text-\\[0\\.6875rem\\]"]}, {"all": [], "any": [{"data": {"bgColor": "#f4efe3", "contrastRatio": 4.14, "expectedContrastRatio": "4.5:1", "fgColor": "#64748b", "fontSize": "9.0pt (12px)", "fontWeight": "normal", "messageKey": null}, "id": "color-contrast", "impact": "serious", "message": "Element has insufficient color contrast of 4.14 (foreground color: #64748b, background color: #f4efe3, font size: 9.0pt (12px), font weight: normal). Expected contrast ratio of 4.5:1", "relatedNodes": [{"html": "<div class=\"min-h-screen bg-[var(--nrg-bg)] text-slate-950\">", "target": [".bg-\\[var\\(--nrg-bg\\)\\]"]}]}], "failureSummary": "Fix any of the following:[39m
    [31m  Element has insufficient color contrast of 4.14 (foreground color: #64748b, background color: #f4efe3, font size: 9.0pt (12px), font weight: normal). Expected contrast ratio of 4.5:1", "html": "<span>Gov of India · DST · IIT Gandhinagar</span>", "impact": "serious", "none": [], "target": [".sm\\:flex-row.sm\\:items-center.sm\\:justify-between > span:nth-child(1)"]}, {"all": [], "any": [{"data": {"bgColor": "#f4efe3", "contrastRatio": 4.14, "expectedContrastRatio": "4.5:1", "fgColor": "#64748b", "fontSize": "9.0pt (12px)", "fontWeight": "normal", "messageKey": null}, "id": "color-contrast", "impact": "serious", "message": "Element has insufficient color contrast of 4.14 (foreground color: #64748b, background color: #f4efe3, font size: 9.0pt (12px), font weight: normal). Expected contrast ratio of 4.5:1", "relatedNodes": [{"html": "<div class=\"min-h-screen bg-[var(--nrg-bg)] text-slate-950\">", "target": [".bg-\\[var\\(--nrg-bg\\)\\]"]}]}], "failureSummary": "Fix any of the following:[39m
    [31m  Element has insufficient color contrast of 4.14 (foreground color: #64748b, background color: #f4efe3, font size: 9.0pt (12px), font weight: normal). Expected contrast ratio of 4.5:1", "html": "<span>Frontend local preview · API health checked separately</span>", "impact": "serious", "none": [], "target": [".sm\\:flex-row.sm\\:items-center.sm\\:justify-between > span:nth-child(2)"]}], "tags": ["cat.color", "wcag2aa", "wcag143", "TTv5", "TT13.c", "EN-301-549", "EN-9.1.4.3", "ACT", "RGAAv4", "RGAA-3.2.1"]}][39m

       96 |     writeAxeReport(routeCase.name, results)
       97 |
    >  98 |     expect(results.violations, JSON.stringify(results.violations, null, 2)).toHaveLength(0)
          |                                                                             ^
       99 |     expect(results.incomplete.length, JSON.stringify(results.incomplete, null, 2)).toBeLessThanOrEqual(5)
      100 |   })
      101 | }
        at /Users/srujansai/Desktop/NRG/frontend/tests/a11y/axe.test.ts:98:77

    attachment #1: screenshot (image/png) ──────────────────────────────────────────────────────────
    tests/test-results/a11y-axe-login-has-no-axe--e20c5--and-five-or-fewer-warnings-chromium/test-failed-1.png
    ────────────────────────────────────────────────────────────────────────────────────────────────

    Error Context: tests/test-results/a11y-axe-login-has-no-axe--e20c5--and-five-or-fewer-warnings-chromium/error-context.md

  2) [chromium] › tests/a11y/axe.test.ts:84:7 › researcher-dashboard has no axe violations and five or fewer warnings 

    Error: [
      {
        "id": "color-contrast",
        "impact": "serious",
        "tags": [
          "cat.color",
          "wcag2aa",
          "wcag143",
          "TTv5",
          "TT13.c",
          "EN-301-549",
          "EN-9.1.4.3",
          "ACT",
          "RGAAv4",
          "RGAA-3.2.1"
        ],
        "description": "Ensure the contrast between foreground and background colors meets WCAG 2 AA minimum contrast ratio thresholds",
        "help": "Elements must meet minimum color contrast ratio thresholds",
        "helpUrl": "https://dequeuniversity.com/rules/axe/4.11/color-contrast?application=playwright",
        "nodes": [
          {
            "any": [
              {
                "id": "color-contrast",
                "data": {
                  "fgColor": "#64748b",
                  "bgColor": "#f4efe3",
                  "contrastRatio": 4.14,
                  "fontSize": "9.0pt (12px)",
                  "fontWeight": "normal",
                  "messageKey": null,
                  "expectedContrastRatio": "4.5:1"
                },
                "relatedNodes": [
                  {
                    "html": "<div class=\"min-h-screen bg-[var(--nrg-bg)] text-slate-950\">",
                    "target": [
                      ".bg-\\[var\\(--nrg-bg\\)\\]"
                    ]
                  }
                ],
                "impact": "serious",
                "message": "Element has insufficient color contrast of 4.14 (foreground color: #64748b, background color: #f4efe3, font size: 9.0pt (12px), font weight: normal). Expected contrast ratio of 4.5:1"
              }
            ],
            "all": [],
            "none": [],
            "impact": "serious",
            "html": "<p class=\"text-xs font-semibold uppercase tracking-[0.18em] text-slate-500\">National Research Graph</p>",
            "target": [
              ".tracking-\\[0\\.18em\\]"
            ],
            "failureSummary": "Fix any of the following:\n  Element has insufficient color contrast of 4.14 (foreground color: #64748b, background color: #f4efe3, font size: 9.0pt (12px), font weight: normal). Expected contrast ratio of 4.5:1"
          },
          {
            "any": [
              {
                "id": "color-contrast",
                "data": {
                  "fgColor": "#64748b",
                  "bgColor": "#f1f5f9",
                  "contrastRatio": 4.34,
                  "fontSize": "8.3pt (11px)",
                  "fontWeight": "normal",
                  "messageKey": null,
                  "expectedContrastRatio": "4.5:1"
                },
                "relatedNodes": [
                  {
                    "html": "<span class=\"rounded-full bg-slate-100 px-2 py-1 font-mono text-[0.6875rem] text-slate-500\">Tier 1</span>",
                    "target": [
                      ".border-slate-950 > .justify-between.mb-3.gap-3 > .bg-slate-100.font-mono.text-\\[0\\.6875rem\\]"
                    ]
                  }
                ],
                "impact": "serious",
                "message": "Element has insufficient color contrast of 4.34 (foreground color: #64748b, background color: #f1f5f9, font size: 8.3pt (11px), font weight: normal). Expected contrast ratio of 4.5:1"
              }
            ],
            "all": [],
            "none": [],
            "impact": "serious",
            "html": "<span class=\"rounded-full bg-slate-100 px-2 py-1 font-mono text-[0.6875rem] text-slate-500\">Tier 1</span>",
            "target": [
              ".border-slate-950 > .justify-between.mb-3.gap-3 > .bg-slate-100.font-mono.text-\\[0\\.6875rem\\]"
            ],
            "failureSummary": "Fix any of the following:\n  Element has insufficient color contrast of 4.34 (foreground color: #64748b, background color: #f1f5f9, font size: 8.3pt (11px), font weight: normal). Expected contrast ratio of 4.5:1"
          },
          {
            "any": [
              {
                "id": "color-contrast",
                "data": {
                  "fgColor": "#64748b",
                  "bgColor": "#f1f5f9",
                  "contrastRatio": 4.34,
                  "fontSize": "8.3pt (11px)",
                  "fontWeight": "normal",
                  "messageKey": null,
                  "expectedContrastRatio": "4.5:1"
                },
                "relatedNodes": [
                  {
                    "html": "<span class=\"rounded-full bg-slate-100 px-2 py-1 font-mono text-[0.6875rem] text-slate-500\">Tier 2</span>",
                    "target": [
                      "button[aria-label=\"Select Government persona\"] > .justify-between.mb-3.gap-3 > .bg-slate-100.font-mono.text-\\[0\\.6875rem\\]"
                    ]
                  }
                ],
                "impact": "serious",
                "message": "Element has insufficient color contrast of 4.34 (foreground color: #64748b, background color: #f1f5f9, font size: 8.3pt (11px), font weight: normal). Expected contrast ratio of 4.5:1"
              }
            ],
            "all": [],
            "none": [],
            "impact": "serious",
            "html": "<span class=\"rounded-full bg-slate-100 px-2 py-1 font-mono text-[0.6875rem] text-slate-500\">Tier 2</span>",
            "target": [
              "button[aria-label=\"Select Government persona\"] > .justify-between.mb-3.gap-3 > .bg-slate-100.font-mono.text-\\[0\\.6875rem\\]"
            ],
            "failureSummary": "Fix any of the following:\n  Element has insufficient color contrast of 4.34 (foreground color: #64748b, background color: #f1f5f9, font size: 8.3pt (11px), font weight: normal). Expected contrast ratio of 4.5:1"
          },
          {
            "any": [
              {
                "id": "color-contrast",
                "data": {
                  "fgColor": "#64748b",
                  "bgColor": "#f1f5f9",
                  "contrastRatio": 4.34,
                  "fontSize": "8.3pt (11px)",
                  "fontWeight": "normal",
                  "messageKey": null,
                  "expectedContrastRatio": "4.5:1"
                },
                "relatedNodes": [
                  {
                    "html": "<span class=\"rounded-full bg-slate-100 px-2 py-1 font-mono text-[0.6875rem] text-slate-500\">Tier 3</span>",
                    "target": [
                      "button[aria-label=\"Select Industry persona\"] > .justify-between.mb-3.gap-3 > .bg-slate-100.font-mono.text-\\[0\\.6875rem\\]"
                    ]
                  }
                ],
                "impact": "serious",
                "message": "Element has insufficient color contrast of 4.34 (foreground color: #64748b, background color: #f1f5f9, font size: 8.3pt (11px), font weight: normal). Expected contrast ratio of 4.5:1"
              }
            ],
            "all": [],
            "none": [],
            "impact": "serious",
            "html": "<span class=\"rounded-full bg-slate-100 px-2 py-1 font-mono text-[0.6875rem] text-slate-500\">Tier 3</span>",
            "target": [
              "button[aria-label=\"Select Industry persona\"] > .justify-between.mb-3.gap-3 > .bg-slate-100.font-mono.text-\\[0\\.6875rem\\]"
            ],
            "failureSummary": "Fix any of the following:\n  Element has insufficient color contrast of 4.34 (foreground color: #64748b, background color: #f1f5f9, font size: 8.3pt (11px), font weight: normal). Expected contrast ratio of 4.5:1"
          },
          {
            "any": [
              {
                "id": "color-contrast",
                "data": {
                  "fgColor": "#64748b",
                  "bgColor": "#f4efe3",
                  "contrastRatio": 4.14,
                  "fontSize": "9.0pt (12px)",
                  "fontWeight": "normal",
                  "messageKey": null,
                  "expectedContrastRatio": "4.5:1"
                },
                "relatedNodes": [
                  {
                    "html": "<div class=\"min-h-screen bg-[var(--nrg-bg)] text-slate-950\">",
                    "target": [
                      ".bg-\\[var\\(--nrg-bg\\)\\]"
                    ]
                  }
                ],
                "impact": "serious",
                "message": "Element has insufficient color contrast of 4.14 (foreground color: #64748b, background color: #f4efe3, font size: 9.0pt (12px), font weight: normal). Expected contrast ratio of 4.5:1"
              }
            ],
            "all": [],
            "none": [],
            "impact": "serious",
            "html": "<span>Gov of India · DST · IIT Gandhinagar</span>",
            "target": [
              ".sm\\:flex-row.sm\\:items-center.sm\\:justify-between > span:nth-child(1)"
            ],
            "failureSummary": "Fix any of the following:\n  Element has insufficient color contrast of 4.14 (foreground color: #64748b, background color: #f4efe3, font size: 9.0pt (12px), font weight: normal). Expected contrast ratio of 4.5:1"
          },
          {
            "any": [
              {
                "id": "color-contrast",
                "data": {
                  "fgColor": "#64748b",
                  "bgColor": "#f4efe3",
                  "contrastRatio": 4.14,
                  "fontSize": "9.0pt (12px)",
                  "fontWeight": "normal",
                  "messageKey": null,
                  "expectedContrastRatio": "4.5:1"
                },
                "relatedNodes": [
                  {
                    "html": "<div class=\"min-h-screen bg-[var(--nrg-bg)] text-slate-950\">",
                    "target": [
                      ".bg-\\[var\\(--nrg-bg\\)\\]"
                    ]
                  }
                ],
                "impact": "serious",
                "message": "Element has insufficient color contrast of 4.14 (foreground color: #64748b, background color: #f4efe3, font size: 9.0pt (12px), font weight: normal). Expected contrast ratio of 4.5:1"
              }
            ],
            "all": [],
            "none": [],
            "impact": "serious",
            "html": "<span>Frontend local preview · API health checked separately</span>",
            "target": [
              ".sm\\:flex-row.sm\\:items-center.sm\\:justify-between > span:nth-child(2)"
            ],
            "failureSummary": "Fix any of the following:\n  Element has insufficient color contrast of 4.14 (foreground color: #64748b, background color: #f4efe3, font size: 9.0pt (12px), font weight: normal). Expected contrast ratio of 4.5:1"
          }
        ]
      }
    ]

    [2mexpect([22m[31mreceived[39m[2m).[22mtoHaveLength[2m([22m[32mexpected[39m[2m)[22m

    Expected length: [32m0[39m
    Received length: [31m1[39m
    Received array:  [31m[{"description": "Ensure the contrast between foreground and background colors meets WCAG 2 AA minimum contrast ratio thresholds", "help": "Elements must meet minimum color contrast ratio thresholds", "helpUrl": "https://dequeuniversity.com/rules/axe/4.11/color-contrast?application=playwright", "id": "color-contrast", "impact": "serious", "nodes": [{"all": [], "any": [{"data": {"bgColor": "#f4efe3", "contrastRatio": 4.14, "expectedContrastRatio": "4.5:1", "fgColor": "#64748b", "fontSize": "9.0pt (12px)", "fontWeight": "normal", "messageKey": null}, "id": "color-contrast", "impact": "serious", "message": "Element has insufficient color contrast of 4.14 (foreground color: #64748b, background color: #f4efe3, font size: 9.0pt (12px), font weight: normal). Expected contrast ratio of 4.5:1", "relatedNodes": [{"html": "<div class=\"min-h-screen bg-[var(--nrg-bg)] text-slate-950\">", "target": [".bg-\\[var\\(--nrg-bg\\)\\]"]}]}], "failureSummary": "Fix any of the following:[39m
    [31m  Element has insufficient color contrast of 4.14 (foreground color: #64748b, background color: #f4efe3, font size: 9.0pt (12px), font weight: normal). Expected contrast ratio of 4.5:1", "html": "<p class=\"text-xs font-semibold uppercase tracking-[0.18em] text-slate-500\">National Research Graph</p>", "impact": "serious", "none": [], "target": [".tracking-\\[0\\.18em\\]"]}, {"all": [], "any": [{"data": {"bgColor": "#f1f5f9", "contrastRatio": 4.34, "expectedContrastRatio": "4.5:1", "fgColor": "#64748b", "fontSize": "8.3pt (11px)", "fontWeight": "normal", "messageKey": null}, "id": "color-contrast", "impact": "serious", "message": "Element has insufficient color contrast of 4.34 (foreground color: #64748b, background color: #f1f5f9, font size: 8.3pt (11px), font weight: normal). Expected contrast ratio of 4.5:1", "relatedNodes": [{"html": "<span class=\"rounded-full bg-slate-100 px-2 py-1 font-mono text-[0.6875rem] text-slate-500\">Tier 1</span>", "target": [".border-slate-950 > .justify-between.mb-3.gap-3 > .bg-slate-100.font-mono.text-\\[0\\.6875rem\\]"]}]}], "failureSummary": "Fix any of the following:[39m
    [31m  Element has insufficient color contrast of 4.34 (foreground color: #64748b, background color: #f1f5f9, font size: 8.3pt (11px), font weight: normal). Expected contrast ratio of 4.5:1", "html": "<span class=\"rounded-full bg-slate-100 px-2 py-1 font-mono text-[0.6875rem] text-slate-500\">Tier 1</span>", "impact": "serious", "none": [], "target": [".border-slate-950 > .justify-between.mb-3.gap-3 > .bg-slate-100.font-mono.text-\\[0\\.6875rem\\]"]}, {"all": [], "any": [{"data": {"bgColor": "#f1f5f9", "contrastRatio": 4.34, "expectedContrastRatio": "4.5:1", "fgColor": "#64748b", "fontSize": "8.3pt (11px)", "fontWeight": "normal", "messageKey": null}, "id": "color-contrast", "impact": "serious", "message": "Element has insufficient color contrast of 4.34 (foreground color: #64748b, background color: #f1f5f9, font size: 8.3pt (11px), font weight: normal). Expected contrast ratio of 4.5:1", "relatedNodes": [{"html": "<span class=\"rounded-full bg-slate-100 px-2 py-1 font-mono text-[0.6875rem] text-slate-500\">Tier 2</span>", "target": ["button[aria-label=\"Select Government persona\"] > .justify-between.mb-3.gap-3 > .bg-slate-100.font-mono.text-\\[0\\.6875rem\\]"]}]}], "failureSummary": "Fix any of the following:[39m
    [31m  Element has insufficient color contrast of 4.34 (foreground color: #64748b, background color: #f1f5f9, font size: 8.3pt (11px), font weight: normal). Expected contrast ratio of 4.5:1", "html": "<span class=\"rounded-full bg-slate-100 px-2 py-1 font-mono text-[0.6875rem] text-slate-500\">Tier 2</span>", "impact": "serious", "none": [], "target": ["button[aria-label=\"Select Government persona\"] > .justify-between.mb-3.gap-3 > .bg-slate-100.font-mono.text-\\[0\\.6875rem\\]"]}, {"all": [], "any": [{"data": {"bgColor": "#f1f5f9", "contrastRatio": 4.34, "expectedContrastRatio": "4.5:1", "fgColor": "#64748b", "fontSize": "8.3pt (11px)", "fontWeight": "normal", "messageKey": null}, "id": "color-contrast", "impact": "serious", "message": "Element has insufficient color contrast of 4.34 (foreground color: #64748b, background color: #f1f5f9, font size: 8.3pt (11px), font weight: normal). Expected contrast ratio of 4.5:1", "relatedNodes": [{"html": "<span class=\"rounded-full bg-slate-100 px-2 py-1 font-mono text-[0.6875rem] text-slate-500\">Tier 3</span>", "target": ["button[aria-label=\"Select Industry persona\"] > .justify-between.mb-3.gap-3 > .bg-slate-100.font-mono.text-\\[0\\.6875rem\\]"]}]}], "failureSummary": "Fix any of the following:[39m
    [31m  Element has insufficient color contrast of 4.34 (foreground color: #64748b, background color: #f1f5f9, font size: 8.3pt (11px), font weight: normal). Expected contrast ratio of 4.5:1", "html": "<span class=\"rounded-full bg-slate-100 px-2 py-1 font-mono text-[0.6875rem] text-slate-500\">Tier 3</span>", "impact": "serious", "none": [], "target": ["button[aria-label=\"Select Industry persona\"] > .justify-between.mb-3.gap-3 > .bg-slate-100.font-mono.text-\\[0\\.6875rem\\]"]}, {"all": [], "any": [{"data": {"bgColor": "#f4efe3", "contrastRatio": 4.14, "expectedContrastRatio": "4.5:1", "fgColor": "#64748b", "fontSize": "9.0pt (12px)", "fontWeight": "normal", "messageKey": null}, "id": "color-contrast", "impact": "serious", "message": "Element has insufficient color contrast of 4.14 (foreground color: #64748b, background color: #f4efe3, font size: 9.0pt (12px), font weight: normal). Expected contrast ratio of 4.5:1", "relatedNodes": [{"html": "<div class=\"min-h-screen bg-[var(--nrg-bg)] text-slate-950\">", "target": [".bg-\\[var\\(--nrg-bg\\)\\]"]}]}], "failureSummary": "Fix any of the following:[39m
    [31m  Element has insufficient color contrast of 4.14 (foreground color: #64748b, background color: #f4efe3, font size: 9.0pt (12px), font weight: normal). Expected contrast ratio of 4.5:1", "html": "<span>Gov of India · DST · IIT Gandhinagar</span>", "impact": "serious", "none": [], "target": [".sm\\:flex-row.sm\\:items-center.sm\\:justify-between > span:nth-child(1)"]}, {"all": [], "any": [{"data": {"bgColor": "#f4efe3", "contrastRatio": 4.14, "expectedContrastRatio": "4.5:1", "fgColor": "#64748b", "fontSize": "9.0pt (12px)", "fontWeight": "normal", "messageKey": null}, "id": "color-contrast", "impact": "serious", "message": "Element has insufficient color contrast of 4.14 (foreground color: #64748b, background color: #f4efe3, font size: 9.0pt (12px), font weight: normal). Expected contrast ratio of 4.5:1", "relatedNodes": [{"html": "<div class=\"min-h-screen bg-[var(--nrg-bg)] text-slate-950\">", "target": [".bg-\\[var\\(--nrg-bg\\)\\]"]}]}], "failureSummary": "Fix any of the following:[39m
    [31m  Element has insufficient color contrast of 4.14 (foreground color: #64748b, background color: #f4efe3, font size: 9.0pt (12px), font weight: normal). Expected contrast ratio of 4.5:1", "html": "<span>Frontend local preview · API health checked separately</span>", "impact": "serious", "none": [], "target": [".sm\\:flex-row.sm\\:items-center.sm\\:justify-between > span:nth-child(2)"]}], "tags": ["cat.color", "wcag2aa", "wcag143", "TTv5", "TT13.c", "EN-301-549", "EN-9.1.4.3", "ACT", "RGAAv4", "RGAA-3.2.1"]}][39m

       96 |     writeAxeReport(routeCase.name, results)
       97 |
    >  98 |     expect(results.violations, JSON.stringify(results.violations, null, 2)).toHaveLength(0)
          |                                                                             ^
       99 |     expect(results.incomplete.length, JSON.stringify(results.incomplete, null, 2)).toBeLessThanOrEqual(5)
      100 |   })
      101 | }
        at /Users/srujansai/Desktop/NRG/frontend/tests/a11y/axe.test.ts:98:77

    attachment #1: screenshot (image/png) ──────────────────────────────────────────────────────────
    tests/test-results/a11y-axe-researcher-dashbo-7935e--and-five-or-fewer-warnings-chromium/test-failed-1.png
    ────────────────────────────────────────────────────────────────────────────────────────────────

    Error Context: tests/test-results/a11y-axe-researcher-dashbo-7935e--and-five-or-fewer-warnings-chromium/error-context.md

  3) [chromium] › tests/a11y/axe.test.ts:84:7 › government-dashboard has no axe violations and five or fewer warnings 

    Error: [
      {
        "id": "color-contrast",
        "impact": "serious",
        "tags": [
          "cat.color",
          "wcag2aa",
          "wcag143",
          "TTv5",
          "TT13.c",
          "EN-301-549",
          "EN-9.1.4.3",
          "ACT",
          "RGAAv4",
          "RGAA-3.2.1"
        ],
        "description": "Ensure the contrast between foreground and background colors meets WCAG 2 AA minimum contrast ratio thresholds",
        "help": "Elements must meet minimum color contrast ratio thresholds",
        "helpUrl": "https://dequeuniversity.com/rules/axe/4.11/color-contrast?application=playwright",
        "nodes": [
          {
            "any": [
              {
                "id": "color-contrast",
                "data": {
                  "fgColor": "#64748b",
                  "bgColor": "#f4efe3",
                  "contrastRatio": 4.14,
                  "fontSize": "9.0pt (12px)",
                  "fontWeight": "normal",
                  "messageKey": null,
                  "expectedContrastRatio": "4.5:1"
                },
                "relatedNodes": [
                  {
                    "html": "<div class=\"min-h-screen bg-[var(--nrg-bg)] text-slate-950\">",
                    "target": [
                      ".bg-\\[var\\(--nrg-bg\\)\\]"
                    ]
                  }
                ],
                "impact": "serious",
                "message": "Element has insufficient color contrast of 4.14 (foreground color: #64748b, background color: #f4efe3, font size: 9.0pt (12px), font weight: normal). Expected contrast ratio of 4.5:1"
              }
            ],
            "all": [],
            "none": [],
            "impact": "serious",
            "html": "<p class=\"text-xs font-semibold uppercase tracking-[0.18em] text-slate-500\">National Research Graph</p>",
            "target": [
              ".tracking-\\[0\\.18em\\]"
            ],
            "failureSummary": "Fix any of the following:\n  Element has insufficient color contrast of 4.14 (foreground color: #64748b, background color: #f4efe3, font size: 9.0pt (12px), font weight: normal). Expected contrast ratio of 4.5:1"
          },
          {
            "any": [
              {
                "id": "color-contrast",
                "data": {
                  "fgColor": "#64748b",
                  "bgColor": "#f1f5f9",
                  "contrastRatio": 4.34,
                  "fontSize": "8.3pt (11px)",
                  "fontWeight": "normal",
                  "messageKey": null,
                  "expectedContrastRatio": "4.5:1"
                },
                "relatedNodes": [
                  {
                    "html": "<span class=\"rounded-full bg-slate-100 px-2 py-1 font-mono text-[0.6875rem] text-slate-500\">Tier 1</span>",
                    "target": [
                      ".border-slate-950 > .justify-between.mb-3.gap-3 > .bg-slate-100.font-mono.text-\\[0\\.6875rem\\]"
                    ]
                  }
                ],
                "impact": "serious",
                "message": "Element has insufficient color contrast of 4.34 (foreground color: #64748b, background color: #f1f5f9, font size: 8.3pt (11px), font weight: normal). Expected contrast ratio of 4.5:1"
              }
            ],
            "all": [],
            "none": [],
            "impact": "serious",
            "html": "<span class=\"rounded-full bg-slate-100 px-2 py-1 font-mono text-[0.6875rem] text-slate-500\">Tier 1</span>",
            "target": [
              ".border-slate-950 > .justify-between.mb-3.gap-3 > .bg-slate-100.font-mono.text-\\[0\\.6875rem\\]"
            ],
            "failureSummary": "Fix any of the following:\n  Element has insufficient color contrast of 4.34 (foreground color: #64748b, background color: #f1f5f9, font size: 8.3pt (11px), font weight: normal). Expected contrast ratio of 4.5:1"
          },
          {
            "any": [
              {
                "id": "color-contrast",
                "data": {
                  "fgColor": "#64748b",
                  "bgColor": "#f1f5f9",
                  "contrastRatio": 4.34,
                  "fontSize": "8.3pt (11px)",
                  "fontWeight": "normal",
                  "messageKey": null,
                  "expectedContrastRatio": "4.5:1"
                },
                "relatedNodes": [
                  {
                    "html": "<span class=\"rounded-full bg-slate-100 px-2 py-1 font-mono text-[0.6875rem] text-slate-500\">Tier 2</span>",
                    "target": [
                      "button[aria-label=\"Select Government persona\"] > .justify-between.mb-3.gap-3 > .bg-slate-100.font-mono.text-\\[0\\.6875rem\\]"
                    ]
                  }
                ],
                "impact": "serious",
                "message": "Element has insufficient color contrast of 4.34 (foreground color: #64748b, background color: #f1f5f9, font size: 8.3pt (11px), font weight: normal). Expected contrast ratio of 4.5:1"
              }
            ],
            "all": [],
            "none": [],
            "impact": "serious",
            "html": "<span class=\"rounded-full bg-slate-100 px-2 py-1 font-mono text-[0.6875rem] text-slate-500\">Tier 2</span>",
            "target": [
              "button[aria-label=\"Select Government persona\"] > .justify-between.mb-3.gap-3 > .bg-slate-100.font-mono.text-\\[0\\.6875rem\\]"
            ],
            "failureSummary": "Fix any of the following:\n  Element has insufficient color contrast of 4.34 (foreground color: #64748b, background color: #f1f5f9, font size: 8.3pt (11px), font weight: normal). Expected contrast ratio of 4.5:1"
          },
          {
            "any": [
              {
                "id": "color-contrast",
                "data": {
                  "fgColor": "#64748b",
                  "bgColor": "#f1f5f9",
                  "contrastRatio": 4.34,
                  "fontSize": "8.3pt (11px)",
                  "fontWeight": "normal",
                  "messageKey": null,
                  "expectedContrastRatio": "4.5:1"
                },
                "relatedNodes": [
                  {
                    "html": "<span class=\"rounded-full bg-slate-100 px-2 py-1 font-mono text-[0.6875rem] text-slate-500\">Tier 3</span>",
                    "target": [
                      "button[aria-label=\"Select Industry persona\"] > .justify-between.mb-3.gap-3 > .bg-slate-100.font-mono.text-\\[0\\.6875rem\\]"
                    ]
                  }
                ],
                "impact": "serious",
                "message": "Element has insufficient color contrast of 4.34 (foreground color: #64748b, background color: #f1f5f9, font size: 8.3pt (11px), font weight: normal). Expected contrast ratio of 4.5:1"
              }
            ],
            "all": [],
            "none": [],
            "impact": "serious",
            "html": "<span class=\"rounded-full bg-slate-100 px-2 py-1 font-mono text-[0.6875rem] text-slate-500\">Tier 3</span>",
            "target": [
              "button[aria-label=\"Select Industry persona\"] > .justify-between.mb-3.gap-3 > .bg-slate-100.font-mono.text-\\[0\\.6875rem\\]"
            ],
            "failureSummary": "Fix any of the following:\n  Element has insufficient color contrast of 4.34 (foreground color: #64748b, background color: #f1f5f9, font size: 8.3pt (11px), font weight: normal). Expected contrast ratio of 4.5:1"
          },
          {
            "any": [
              {
                "id": "color-contrast",
                "data": {
                  "fgColor": "#64748b",
                  "bgColor": "#f4efe3",
                  "contrastRatio": 4.14,
                  "fontSize": "9.0pt (12px)",
                  "fontWeight": "normal",
                  "messageKey": null,
                  "expectedContrastRatio": "4.5:1"
                },
                "relatedNodes": [
                  {
                    "html": "<div class=\"min-h-screen bg-[var(--nrg-bg)] text-slate-950\">",
                    "target": [
                      ".bg-\\[var\\(--nrg-bg\\)\\]"
                    ]
                  }
                ],
                "impact": "serious",
                "message": "Element has insufficient color contrast of 4.14 (foreground color: #64748b, background color: #f4efe3, font size: 9.0pt (12px), font weight: normal). Expected contrast ratio of 4.5:1"
              }
            ],
            "all": [],
            "none": [],
            "impact": "serious",
            "html": "<span>Gov of India · DST · IIT Gandhinagar</span>",
            "target": [
              ".sm\\:flex-row.sm\\:items-center.sm\\:justify-between > span:nth-child(1)"
            ],
            "failureSummary": "Fix any of the following:\n  Element has insufficient color contrast of 4.14 (foreground color: #64748b, background color: #f4efe3, font size: 9.0pt (12px), font weight: normal). Expected contrast ratio of 4.5:1"
          },
          {
            "any": [
              {
                "id": "color-contrast",
                "data": {
                  "fgColor": "#64748b",
                  "bgColor": "#f4efe3",
                  "contrastRatio": 4.14,
                  "fontSize": "9.0pt (12px)",
                  "fontWeight": "normal",
                  "messageKey": null,
                  "expectedContrastRatio": "4.5:1"
                },
                "relatedNodes": [
                  {
                    "html": "<div class=\"min-h-screen bg-[var(--nrg-bg)] text-slate-950\">",
                    "target": [
                      ".bg-\\[var\\(--nrg-bg\\)\\]"
                    ]
                  }
                ],
                "impact": "serious",
                "message": "Element has insufficient color contrast of 4.14 (foreground color: #64748b, background color: #f4efe3, font size: 9.0pt (12px), font weight: normal). Expected contrast ratio of 4.5:1"
              }
            ],
            "all": [],
            "none": [],
            "impact": "serious",
            "html": "<span>Frontend local preview · API health checked separately</span>",
            "target": [
              ".sm\\:flex-row.sm\\:items-center.sm\\:justify-between > span:nth-child(2)"
            ],
            "failureSummary": "Fix any of the following:\n  Element has insufficient color contrast of 4.14 (foreground color: #64748b, background color: #f4efe3, font size: 9.0pt (12px), font weight: normal). Expected contrast ratio of 4.5:1"
          }
        ]
      }
    ]

    [2mexpect([22m[31mreceived[39m[2m).[22mtoHaveLength[2m([22m[32mexpected[39m[2m)[22m

    Expected length: [32m0[39m
    Received length: [31m1[39m
    Received array:  [31m[{"description": "Ensure the contrast between foreground and background colors meets WCAG 2 AA minimum contrast ratio thresholds", "help": "Elements must meet minimum color contrast ratio thresholds", "helpUrl": "https://dequeuniversity.com/rules/axe/4.11/color-contrast?application=playwright", "id": "color-contrast", "impact": "serious", "nodes": [{"all": [], "any": [{"data": {"bgColor": "#f4efe3", "contrastRatio": 4.14, "expectedContrastRatio": "4.5:1", "fgColor": "#64748b", "fontSize": "9.0pt (12px)", "fontWeight": "normal", "messageKey": null}, "id": "color-contrast", "impact": "serious", "message": "Element has insufficient color contrast of 4.14 (foreground color: #64748b, background color: #f4efe3, font size: 9.0pt (12px), font weight: normal). Expected contrast ratio of 4.5:1", "relatedNodes": [{"html": "<div class=\"min-h-screen bg-[var(--nrg-bg)] text-slate-950\">", "target": [".bg-\\[var\\(--nrg-bg\\)\\]"]}]}], "failureSummary": "Fix any of the following:[39m
    [31m  Element has insufficient color contrast of 4.14 (foreground color: #64748b, background color: #f4efe3, font size: 9.0pt (12px), font weight: normal). Expected contrast ratio of 4.5:1", "html": "<p class=\"text-xs font-semibold uppercase tracking-[0.18em] text-slate-500\">National Research Graph</p>", "impact": "serious", "none": [], "target": [".tracking-\\[0\\.18em\\]"]}, {"all": [], "any": [{"data": {"bgColor": "#f1f5f9", "contrastRatio": 4.34, "expectedContrastRatio": "4.5:1", "fgColor": "#64748b", "fontSize": "8.3pt (11px)", "fontWeight": "normal", "messageKey": null}, "id": "color-contrast", "impact": "serious", "message": "Element has insufficient color contrast of 4.34 (foreground color: #64748b, background color: #f1f5f9, font size: 8.3pt (11px), font weight: normal). Expected contrast ratio of 4.5:1", "relatedNodes": [{"html": "<span class=\"rounded-full bg-slate-100 px-2 py-1 font-mono text-[0.6875rem] text-slate-500\">Tier 1</span>", "target": [".border-slate-950 > .justify-between.mb-3.gap-3 > .bg-slate-100.font-mono.text-\\[0\\.6875rem\\]"]}]}], "failureSummary": "Fix any of the following:[39m
    [31m  Element has insufficient color contrast of 4.34 (foreground color: #64748b, background color: #f1f5f9, font size: 8.3pt (11px), font weight: normal). Expected contrast ratio of 4.5:1", "html": "<span class=\"rounded-full bg-slate-100 px-2 py-1 font-mono text-[0.6875rem] text-slate-500\">Tier 1</span>", "impact": "serious", "none": [], "target": [".border-slate-950 > .justify-between.mb-3.gap-3 > .bg-slate-100.font-mono.text-\\[0\\.6875rem\\]"]}, {"all": [], "any": [{"data": {"bgColor": "#f1f5f9", "contrastRatio": 4.34, "expectedContrastRatio": "4.5:1", "fgColor": "#64748b", "fontSize": "8.3pt (11px)", "fontWeight": "normal", "messageKey": null}, "id": "color-contrast", "impact": "serious", "message": "Element has insufficient color contrast of 4.34 (foreground color: #64748b, background color: #f1f5f9, font size: 8.3pt (11px), font weight: normal). Expected contrast ratio of 4.5:1", "relatedNodes": [{"html": "<span class=\"rounded-full bg-slate-100 px-2 py-1 font-mono text-[0.6875rem] text-slate-500\">Tier 2</span>", "target": ["button[aria-label=\"Select Government persona\"] > .justify-between.mb-3.gap-3 > .bg-slate-100.font-mono.text-\\[0\\.6875rem\\]"]}]}], "failureSummary": "Fix any of the following:[39m
    [31m  Element has insufficient color contrast of 4.34 (foreground color: #64748b, background color: #f1f5f9, font size: 8.3pt (11px), font weight: normal). Expected contrast ratio of 4.5:1", "html": "<span class=\"rounded-full bg-slate-100 px-2 py-1 font-mono text-[0.6875rem] text-slate-500\">Tier 2</span>", "impact": "serious", "none": [], "target": ["button[aria-label=\"Select Government persona\"] > .justify-between.mb-3.gap-3 > .bg-slate-100.font-mono.text-\\[0\\.6875rem\\]"]}, {"all": [], "any": [{"data": {"bgColor": "#f1f5f9", "contrastRatio": 4.34, "expectedContrastRatio": "4.5:1", "fgColor": "#64748b", "fontSize": "8.3pt (11px)", "fontWeight": "normal", "messageKey": null}, "id": "color-contrast", "impact": "serious", "message": "Element has insufficient color contrast of 4.34 (foreground color: #64748b, background color: #f1f5f9, font size: 8.3pt (11px), font weight: normal). Expected contrast ratio of 4.5:1", "relatedNodes": [{"html": "<span class=\"rounded-full bg-slate-100 px-2 py-1 font-mono text-[0.6875rem] text-slate-500\">Tier 3</span>", "target": ["button[aria-label=\"Select Industry persona\"] > .justify-between.mb-3.gap-3 > .bg-slate-100.font-mono.text-\\[0\\.6875rem\\]"]}]}], "failureSummary": "Fix any of the following:[39m
    [31m  Element has insufficient color contrast of 4.34 (foreground color: #64748b, background color: #f1f5f9, font size: 8.3pt (11px), font weight: normal). Expected contrast ratio of 4.5:1", "html": "<span class=\"rounded-full bg-slate-100 px-2 py-1 font-mono text-[0.6875rem] text-slate-500\">Tier 3</span>", "impact": "serious", "none": [], "target": ["button[aria-label=\"Select Industry persona\"] > .justify-between.mb-3.gap-3 > .bg-slate-100.font-mono.text-\\[0\\.6875rem\\]"]}, {"all": [], "any": [{"data": {"bgColor": "#f4efe3", "contrastRatio": 4.14, "expectedContrastRatio": "4.5:1", "fgColor": "#64748b", "fontSize": "9.0pt (12px)", "fontWeight": "normal", "messageKey": null}, "id": "color-contrast", "impact": "serious", "message": "Element has insufficient color contrast of 4.14 (foreground color: #64748b, background color: #f4efe3, font size: 9.0pt (12px), font weight: normal). Expected contrast ratio of 4.5:1", "relatedNodes": [{"html": "<div class=\"min-h-screen bg-[var(--nrg-bg)] text-slate-950\">", "target": [".bg-\\[var\\(--nrg-bg\\)\\]"]}]}], "failureSummary": "Fix any of the following:[39m
    [31m  Element has insufficient color contrast of 4.14 (foreground color: #64748b, background color: #f4efe3, font size: 9.0pt (12px), font weight: normal). Expected contrast ratio of 4.5:1", "html": "<span>Gov of India · DST · IIT Gandhinagar</span>", "impact": "serious", "none": [], "target": [".sm\\:flex-row.sm\\:items-center.sm\\:justify-between > span:nth-child(1)"]}, {"all": [], "any": [{"data": {"bgColor": "#f4efe3", "contrastRatio": 4.14, "expectedContrastRatio": "4.5:1", "fgColor": "#64748b", "fontSize": "9.0pt (12px)", "fontWeight": "normal", "messageKey": null}, "id": "color-contrast", "impact": "serious", "message": "Element has insufficient color contrast of 4.14 (foreground color: #64748b, background color: #f4efe3, font size: 9.0pt (12px), font weight: normal). Expected contrast ratio of 4.5:1", "relatedNodes": [{"html": "<div class=\"min-h-screen bg-[var(--nrg-bg)] text-slate-950\">", "target": [".bg-\\[var\\(--nrg-bg\\)\\]"]}]}], "failureSummary": "Fix any of the following:[39m
    [31m  Element has insufficient color contrast of 4.14 (foreground color: #64748b, background color: #f4efe3, font size: 9.0pt (12px), font weight: normal). Expected contrast ratio of 4.5:1", "html": "<span>Frontend local preview · API health checked separately</span>", "impact": "serious", "none": [], "target": [".sm\\:flex-row.sm\\:items-center.sm\\:justify-between > span:nth-child(2)"]}], "tags": ["cat.color", "wcag2aa", "wcag143", "TTv5", "TT13.c", "EN-301-549", "EN-9.1.4.3", "ACT", "RGAAv4", "RGAA-3.2.1"]}][39m

       96 |     writeAxeReport(routeCase.name, results)
       97 |
    >  98 |     expect(results.violations, JSON.stringify(results.violations, null, 2)).toHaveLength(0)
          |                                                                             ^
       99 |     expect(results.incomplete.length, JSON.stringify(results.incomplete, null, 2)).toBeLessThanOrEqual(5)
      100 |   })
      101 | }
        at /Users/srujansai/Desktop/NRG/frontend/tests/a11y/axe.test.ts:98:77

    attachment #1: screenshot (image/png) ──────────────────────────────────────────────────────────
    tests/test-results/a11y-axe-government-dashbo-fa9e6--and-five-or-fewer-warnings-chromium/test-failed-1.png
    ────────────────────────────────────────────────────────────────────────────────────────────────

    Error Context: tests/test-results/a11y-axe-government-dashbo-fa9e6--and-five-or-fewer-warnings-chromium/error-context.md

  4) [chromium] › tests/a11y/axe.test.ts:84:7 › industry-dashboard has no axe violations and five or fewer warnings 

    Error: [
      {
        "id": "color-contrast",
        "impact": "serious",
        "tags": [
          "cat.color",
          "wcag2aa",
          "wcag143",
          "TTv5",
          "TT13.c",
          "EN-301-549",
          "EN-9.1.4.3",
          "ACT",
          "RGAAv4",
          "RGAA-3.2.1"
        ],
        "description": "Ensure the contrast between foreground and background colors meets WCAG 2 AA minimum contrast ratio thresholds",
        "help": "Elements must meet minimum color contrast ratio thresholds",
        "helpUrl": "https://dequeuniversity.com/rules/axe/4.11/color-contrast?application=playwright",
        "nodes": [
          {
            "any": [
              {
                "id": "color-contrast",
                "data": {
                  "fgColor": "#64748b",
                  "bgColor": "#f4efe3",
                  "contrastRatio": 4.14,
                  "fontSize": "9.0pt (12px)",
                  "fontWeight": "normal",
                  "messageKey": null,
                  "expectedContrastRatio": "4.5:1"
                },
                "relatedNodes": [
                  {
                    "html": "<div class=\"min-h-screen bg-[var(--nrg-bg)] text-slate-950\">",
                    "target": [
                      ".bg-\\[var\\(--nrg-bg\\)\\]"
                    ]
                  }
                ],
                "impact": "serious",
                "message": "Element has insufficient color contrast of 4.14 (foreground color: #64748b, background color: #f4efe3, font size: 9.0pt (12px), font weight: normal). Expected contrast ratio of 4.5:1"
              }
            ],
            "all": [],
            "none": [],
            "impact": "serious",
            "html": "<p class=\"text-xs font-semibold uppercase tracking-[0.18em] text-slate-500\">National Research Graph</p>",
            "target": [
              ".tracking-\\[0\\.18em\\]"
            ],
            "failureSummary": "Fix any of the following:\n  Element has insufficient color contrast of 4.14 (foreground color: #64748b, background color: #f4efe3, font size: 9.0pt (12px), font weight: normal). Expected contrast ratio of 4.5:1"
          },
          {
            "any": [
              {
                "id": "color-contrast",
                "data": {
                  "fgColor": "#64748b",
                  "bgColor": "#f1f5f9",
                  "contrastRatio": 4.34,
                  "fontSize": "8.3pt (11px)",
                  "fontWeight": "normal",
                  "messageKey": null,
                  "expectedContrastRatio": "4.5:1"
                },
                "relatedNodes": [
                  {
                    "html": "<span class=\"rounded-full bg-slate-100 px-2 py-1 font-mono text-[0.6875rem] text-slate-500\">Tier 1</span>",
                    "target": [
                      ".border-slate-950 > .justify-between.mb-3.gap-3 > .bg-slate-100.font-mono.text-\\[0\\.6875rem\\]"
                    ]
                  }
                ],
                "impact": "serious",
                "message": "Element has insufficient color contrast of 4.34 (foreground color: #64748b, background color: #f1f5f9, font size: 8.3pt (11px), font weight: normal). Expected contrast ratio of 4.5:1"
              }
            ],
            "all": [],
            "none": [],
            "impact": "serious",
            "html": "<span class=\"rounded-full bg-slate-100 px-2 py-1 font-mono text-[0.6875rem] text-slate-500\">Tier 1</span>",
            "target": [
              ".border-slate-950 > .justify-between.mb-3.gap-3 > .bg-slate-100.font-mono.text-\\[0\\.6875rem\\]"
            ],
            "failureSummary": "Fix any of the following:\n  Element has insufficient color contrast of 4.34 (foreground color: #64748b, background color: #f1f5f9, font size: 8.3pt (11px), font weight: normal). Expected contrast ratio of 4.5:1"
          },
          {
            "any": [
              {
                "id": "color-contrast",
                "data": {
                  "fgColor": "#64748b",
                  "bgColor": "#f1f5f9",
                  "contrastRatio": 4.34,
                  "fontSize": "8.3pt (11px)",
                  "fontWeight": "normal",
                  "messageKey": null,
                  "expectedContrastRatio": "4.5:1"
                },
                "relatedNodes": [
                  {
                    "html": "<span class=\"rounded-full bg-slate-100 px-2 py-1 font-mono text-[0.6875rem] text-slate-500\">Tier 2</span>",
                    "target": [
                      "button[aria-label=\"Select Government persona\"] > .justify-between.mb-3.gap-3 > .bg-slate-100.font-mono.text-\\[0\\.6875rem\\]"
                    ]
                  }
                ],
                "impact": "serious",
                "message": "Element has insufficient color contrast of 4.34 (foreground color: #64748b, background color: #f1f5f9, font size: 8.3pt (11px), font weight: normal). Expected contrast ratio of 4.5:1"
              }
            ],
            "all": [],
            "none": [],
            "impact": "serious",
            "html": "<span class=\"rounded-full bg-slate-100 px-2 py-1 font-mono text-[0.6875rem] text-slate-500\">Tier 2</span>",
            "target": [
              "button[aria-label=\"Select Government persona\"] > .justify-between.mb-3.gap-3 > .bg-slate-100.font-mono.text-\\[0\\.6875rem\\]"
            ],
            "failureSummary": "Fix any of the following:\n  Element has insufficient color contrast of 4.34 (foreground color: #64748b, background color: #f1f5f9, font size: 8.3pt (11px), font weight: normal). Expected contrast ratio of 4.5:1"
          },
          {
            "any": [
              {
                "id": "color-contrast",
                "data": {
                  "fgColor": "#64748b",
                  "bgColor": "#f1f5f9",
                  "contrastRatio": 4.34,
                  "fontSize": "8.3pt (11px)",
                  "fontWeight": "normal",
                  "messageKey": null,
                  "expectedContrastRatio": "4.5:1"
                },
                "relatedNodes": [
                  {
                    "html": "<span class=\"rounded-full bg-slate-100 px-2 py-1 font-mono text-[0.6875rem] text-slate-500\">Tier 3</span>",
                    "target": [
                      "button[aria-label=\"Select Industry persona\"] > .justify-between.mb-3.gap-3 > .bg-slate-100.font-mono.text-\\[0\\.6875rem\\]"
                    ]
                  }
                ],
                "impact": "serious",
                "message": "Element has insufficient color contrast of 4.34 (foreground color: #64748b, background color: #f1f5f9, font size: 8.3pt (11px), font weight: normal). Expected contrast ratio of 4.5:1"
              }
            ],
            "all": [],
            "none": [],
            "impact": "serious",
            "html": "<span class=\"rounded-full bg-slate-100 px-2 py-1 font-mono text-[0.6875rem] text-slate-500\">Tier 3</span>",
            "target": [
              "button[aria-label=\"Select Industry persona\"] > .justify-between.mb-3.gap-3 > .bg-slate-100.font-mono.text-\\[0\\.6875rem\\]"
            ],
            "failureSummary": "Fix any of the following:\n  Element has insufficient color contrast of 4.34 (foreground color: #64748b, background color: #f1f5f9, font size: 8.3pt (11px), font weight: normal). Expected contrast ratio of 4.5:1"
          },
          {
            "any": [
              {
                "id": "color-contrast",
                "data": {
                  "fgColor": "#64748b",
                  "bgColor": "#f4efe3",
                  "contrastRatio": 4.14,
                  "fontSize": "9.0pt (12px)",
                  "fontWeight": "normal",
                  "messageKey": null,
                  "expectedContrastRatio": "4.5:1"
                },
                "relatedNodes": [
                  {
                    "html": "<div class=\"min-h-screen bg-[var(--nrg-bg)] text-slate-950\">",
                    "target": [
                      ".bg-\\[var\\(--nrg-bg\\)\\]"
                    ]
                  }
                ],
                "impact": "serious",
                "message": "Element has insufficient color contrast of 4.14 (foreground color: #64748b, background color: #f4efe3, font size: 9.0pt (12px), font weight: normal). Expected contrast ratio of 4.5:1"
              }
            ],
            "all": [],
            "none": [],
            "impact": "serious",
            "html": "<span>Gov of India · DST · IIT Gandhinagar</span>",
            "target": [
              ".sm\\:flex-row.sm\\:items-center.sm\\:justify-between > span:nth-child(1)"
            ],
            "failureSummary": "Fix any of the following:\n  Element has insufficient color contrast of 4.14 (foreground color: #64748b, background color: #f4efe3, font size: 9.0pt (12px), font weight: normal). Expected contrast ratio of 4.5:1"
          },
          {
            "any": [
              {
                "id": "color-contrast",
                "data": {
                  "fgColor": "#64748b",
                  "bgColor": "#f4efe3",
                  "contrastRatio": 4.14,
                  "fontSize": "9.0pt (12px)",
                  "fontWeight": "normal",
                  "messageKey": null,
                  "expectedContrastRatio": "4.5:1"
                },
                "relatedNodes": [
                  {
                    "html": "<div class=\"min-h-screen bg-[var(--nrg-bg)] text-slate-950\">",
                    "target": [
                      ".bg-\\[var\\(--nrg-bg\\)\\]"
                    ]
                  }
                ],
                "impact": "serious",
                "message": "Element has insufficient color contrast of 4.14 (foreground color: #64748b, background color: #f4efe3, font size: 9.0pt (12px), font weight: normal). Expected contrast ratio of 4.5:1"
              }
            ],
            "all": [],
            "none": [],
            "impact": "serious",
            "html": "<span>Frontend local preview · API health checked separately</span>",
            "target": [
              ".sm\\:flex-row.sm\\:items-center.sm\\:justify-between > span:nth-child(2)"
            ],
            "failureSummary": "Fix any of the following:\n  Element has insufficient color contrast of 4.14 (foreground color: #64748b, background color: #f4efe3, font size: 9.0pt (12px), font weight: normal). Expected contrast ratio of 4.5:1"
          }
        ]
      }
    ]

    [2mexpect([22m[31mreceived[39m[2m).[22mtoHaveLength[2m([22m[32mexpected[39m[2m)[22m

    Expected length: [32m0[39m
    Received length: [31m1[39m
    Received array:  [31m[{"description": "Ensure the contrast between foreground and background colors meets WCAG 2 AA minimum contrast ratio thresholds", "help": "Elements must meet minimum color contrast ratio thresholds", "helpUrl": "https://dequeuniversity.com/rules/axe/4.11/color-contrast?application=playwright", "id": "color-contrast", "impact": "serious", "nodes": [{"all": [], "any": [{"data": {"bgColor": "#f4efe3", "contrastRatio": 4.14, "expectedContrastRatio": "4.5:1", "fgColor": "#64748b", "fontSize": "9.0pt (12px)", "fontWeight": "normal", "messageKey": null}, "id": "color-contrast", "impact": "serious", "message": "Element has insufficient color contrast of 4.14 (foreground color: #64748b, background color: #f4efe3, font size: 9.0pt (12px), font weight: normal). Expected contrast ratio of 4.5:1", "relatedNodes": [{"html": "<div class=\"min-h-screen bg-[var(--nrg-bg)] text-slate-950\">", "target": [".bg-\\[var\\(--nrg-bg\\)\\]"]}]}], "failureSummary": "Fix any of the following:[39m
    [31m  Element has insufficient color contrast of 4.14 (foreground color: #64748b, background color: #f4efe3, font size: 9.0pt (12px), font weight: normal). Expected contrast ratio of 4.5:1", "html": "<p class=\"text-xs font-semibold uppercase tracking-[0.18em] text-slate-500\">National Research Graph</p>", "impact": "serious", "none": [], "target": [".tracking-\\[0\\.18em\\]"]}, {"all": [], "any": [{"data": {"bgColor": "#f1f5f9", "contrastRatio": 4.34, "expectedContrastRatio": "4.5:1", "fgColor": "#64748b", "fontSize": "8.3pt (11px)", "fontWeight": "normal", "messageKey": null}, "id": "color-contrast", "impact": "serious", "message": "Element has insufficient color contrast of 4.34 (foreground color: #64748b, background color: #f1f5f9, font size: 8.3pt (11px), font weight: normal). Expected contrast ratio of 4.5:1", "relatedNodes": [{"html": "<span class=\"rounded-full bg-slate-100 px-2 py-1 font-mono text-[0.6875rem] text-slate-500\">Tier 1</span>", "target": [".border-slate-950 > .justify-between.mb-3.gap-3 > .bg-slate-100.font-mono.text-\\[0\\.6875rem\\]"]}]}], "failureSummary": "Fix any of the following:[39m
    [31m  Element has insufficient color contrast of 4.34 (foreground color: #64748b, background color: #f1f5f9, font size: 8.3pt (11px), font weight: normal). Expected contrast ratio of 4.5:1", "html": "<span class=\"rounded-full bg-slate-100 px-2 py-1 font-mono text-[0.6875rem] text-slate-500\">Tier 1</span>", "impact": "serious", "none": [], "target": [".border-slate-950 > .justify-between.mb-3.gap-3 > .bg-slate-100.font-mono.text-\\[0\\.6875rem\\]"]}, {"all": [], "any": [{"data": {"bgColor": "#f1f5f9", "contrastRatio": 4.34, "expectedContrastRatio": "4.5:1", "fgColor": "#64748b", "fontSize": "8.3pt (11px)", "fontWeight": "normal", "messageKey": null}, "id": "color-contrast", "impact": "serious", "message": "Element has insufficient color contrast of 4.34 (foreground color: #64748b, background color: #f1f5f9, font size: 8.3pt (11px), font weight: normal). Expected contrast ratio of 4.5:1", "relatedNodes": [{"html": "<span class=\"rounded-full bg-slate-100 px-2 py-1 font-mono text-[0.6875rem] text-slate-500\">Tier 2</span>", "target": ["button[aria-label=\"Select Government persona\"] > .justify-between.mb-3.gap-3 > .bg-slate-100.font-mono.text-\\[0\\.6875rem\\]"]}]}], "failureSummary": "Fix any of the following:[39m
    [31m  Element has insufficient color contrast of 4.34 (foreground color: #64748b, background color: #f1f5f9, font size: 8.3pt (11px), font weight: normal). Expected contrast ratio of 4.5:1", "html": "<span class=\"rounded-full bg-slate-100 px-2 py-1 font-mono text-[0.6875rem] text-slate-500\">Tier 2</span>", "impact": "serious", "none": [], "target": ["button[aria-label=\"Select Government persona\"] > .justify-between.mb-3.gap-3 > .bg-slate-100.font-mono.text-\\[0\\.6875rem\\]"]}, {"all": [], "any": [{"data": {"bgColor": "#f1f5f9", "contrastRatio": 4.34, "expectedContrastRatio": "4.5:1", "fgColor": "#64748b", "fontSize": "8.3pt (11px)", "fontWeight": "normal", "messageKey": null}, "id": "color-contrast", "impact": "serious", "message": "Element has insufficient color contrast of 4.34 (foreground color: #64748b, background color: #f1f5f9, font size: 8.3pt (11px), font weight: normal). Expected contrast ratio of 4.5:1", "relatedNodes": [{"html": "<span class=\"rounded-full bg-slate-100 px-2 py-1 font-mono text-[0.6875rem] text-slate-500\">Tier 3</span>", "target": ["button[aria-label=\"Select Industry persona\"] > .justify-between.mb-3.gap-3 > .bg-slate-100.font-mono.text-\\[0\\.6875rem\\]"]}]}], "failureSummary": "Fix any of the following:[39m
    [31m  Element has insufficient color contrast of 4.34 (foreground color: #64748b, background color: #f1f5f9, font size: 8.3pt (11px), font weight: normal). Expected contrast ratio of 4.5:1", "html": "<span class=\"rounded-full bg-slate-100 px-2 py-1 font-mono text-[0.6875rem] text-slate-500\">Tier 3</span>", "impact": "serious", "none": [], "target": ["button[aria-label=\"Select Industry persona\"] > .justify-between.mb-3.gap-3 > .bg-slate-100.font-mono.text-\\[0\\.6875rem\\]"]}, {"all": [], "any": [{"data": {"bgColor": "#f4efe3", "contrastRatio": 4.14, "expectedContrastRatio": "4.5:1", "fgColor": "#64748b", "fontSize": "9.0pt (12px)", "fontWeight": "normal", "messageKey": null}, "id": "color-contrast", "impact": "serious", "message": "Element has insufficient color contrast of 4.14 (foreground color: #64748b, background color: #f4efe3, font size: 9.0pt (12px), font weight: normal). Expected contrast ratio of 4.5:1", "relatedNodes": [{"html": "<div class=\"min-h-screen bg-[var(--nrg-bg)] text-slate-950\">", "target": [".bg-\\[var\\(--nrg-bg\\)\\]"]}]}], "failureSummary": "Fix any of the following:[39m
    [31m  Element has insufficient color contrast of 4.14 (foreground color: #64748b, background color: #f4efe3, font size: 9.0pt (12px), font weight: normal). Expected contrast ratio of 4.5:1", "html": "<span>Gov of India · DST · IIT Gandhinagar</span>", "impact": "serious", "none": [], "target": [".sm\\:flex-row.sm\\:items-center.sm\\:justify-between > span:nth-child(1)"]}, {"all": [], "any": [{"data": {"bgColor": "#f4efe3", "contrastRatio": 4.14, "expectedContrastRatio": "4.5:1", "fgColor": "#64748b", "fontSize": "9.0pt (12px)", "fontWeight": "normal", "messageKey": null}, "id": "color-contrast", "impact": "serious", "message": "Element has insufficient color contrast of 4.14 (foreground color: #64748b, background color: #f4efe3, font size: 9.0pt (12px), font weight: normal). Expected contrast ratio of 4.5:1", "relatedNodes": [{"html": "<div class=\"min-h-screen bg-[var(--nrg-bg)] text-slate-950\">", "target": [".bg-\\[var\\(--nrg-bg\\)\\]"]}]}], "failureSummary": "Fix any of the following:[39m
    [31m  Element has insufficient color contrast of 4.14 (foreground color: #64748b, background color: #f4efe3, font size: 9.0pt (12px), font weight: normal). Expected contrast ratio of 4.5:1", "html": "<span>Frontend local preview · API health checked separately</span>", "impact": "serious", "none": [], "target": [".sm\\:flex-row.sm\\:items-center.sm\\:justify-between > span:nth-child(2)"]}], "tags": ["cat.color", "wcag2aa", "wcag143", "TTv5", "TT13.c", "EN-301-549", "EN-9.1.4.3", "ACT", "RGAAv4", "RGAA-3.2.1"]}][39m

       96 |     writeAxeReport(routeCase.name, results)
       97 |
    >  98 |     expect(results.violations, JSON.stringify(results.violations, null, 2)).toHaveLength(0)
          |                                                                             ^
       99 |     expect(results.incomplete.length, JSON.stringify(results.incomplete, null, 2)).toBeLessThanOrEqual(5)
      100 |   })
      101 | }
        at /Users/srujansai/Desktop/NRG/frontend/tests/a11y/axe.test.ts:98:77

    attachment #1: screenshot (image/png) ──────────────────────────────────────────────────────────
    tests/test-results/a11y-axe-industry-dashboar-d37d7--and-five-or-fewer-warnings-chromium/test-failed-1.png
    ────────────────────────────────────────────────────────────────────────────────────────────────

    Error Context: tests/test-results/a11y-axe-industry-dashboar-d37d7--and-five-or-fewer-warnings-chromium/error-context.md

  5) [chromium] › tests/a11y/keyboard.test.ts:3:5 › skip link is the first focusable element and moves focus to main content 

    Error: [2mexpect([22m[31mlocator[39m[2m).[22mtoBeFocused[2m([22m[2m)[22m failed

    Locator: getByTestId('hero-search-input')
    Expected: focused
    Timeout: 5000ms
    Error: element(s) not found

    Call log:
    [2m  - Expect "toBeFocused" with timeout 5000ms[22m
    [2m  - waiting for getByTestId('hero-search-input')[22m


      15 |
      16 |   await page.keyboard.press('Tab')
    > 17 |   await expect(page.getByTestId('hero-search-input')).toBeFocused()
         |                                                       ^
      18 | })
      19 |
      20 | test('hero query controls are keyboard operable', async ({ page }) => {
        at /Users/srujansai/Desktop/NRG/frontend/tests/a11y/keyboard.test.ts:17:55

    attachment #1: screenshot (image/png) ──────────────────────────────────────────────────────────
    tests/test-results/a11y-keyboard-skip-link-is-4a5bc-moves-focus-to-main-content-chromium/test-failed-1.png
    ────────────────────────────────────────────────────────────────────────────────────────────────

    Error Context: tests/test-results/a11y-keyboard-skip-link-is-4a5bc-moves-focus-to-main-content-chromium/error-context.md

  6) [chromium] › tests/a11y/keyboard.test.ts:20:5 › hero query controls are keyboard operable ─────

    Error: [2mexpect([22m[31mlocator[39m[2m).[22mtoBeVisible[2m([22m[2m)[22m failed

    Locator: getByText(/Live query stream/i)
    Expected: visible
    Timeout: 5000ms
    Error: element(s) not found

    Call log:
    [2m  - Expect "toBeVisible" with timeout 5000ms[22m
    [2m  - waiting for getByText(/Live query stream/i)[22m


      25 |
      26 |   await expect(page.getByTestId('hero-search-input')).toHaveValue('Which institutes lead hydrogen fuel cell research?')
    > 27 |   await expect(page.getByText(/Live query stream/i)).toBeVisible()
         |                                                      ^
      28 | })
      29 |
      30 | test('reduced motion preference is reflected in the app shell', async ({ page }, testInfo) => {
        at /Users/srujansai/Desktop/NRG/frontend/tests/a11y/keyboard.test.ts:27:54

    attachment #1: screenshot (image/png) ──────────────────────────────────────────────────────────
    tests/test-results/a11y-keyboard-hero-query-controls-are-keyboard-operable-chromium/test-failed-1.png
    ────────────────────────────────────────────────────────────────────────────────────────────────

    Error Context: tests/test-results/a11y-keyboard-hero-query-controls-are-keyboard-operable-chromium/error-context.md

  7) [chromium] › tests/a11y/keyboard.test.ts:30:5 › reduced motion preference is reflected in the app shell 

    Error: [2mexpect([22m[31mlocator[39m[2m).[22mtoBeAttached[2m([22m[2m)[22m failed

    Locator: locator('html[data-reduced-motion="true"]')
    Expected: attached
    Timeout: 5000ms
    Error: element(s) not found

    Call log:
    [2m  - Expect "toBeAttached" with timeout 5000ms[22m
    [2m  - waiting for locator('html[data-reduced-motion="true"]')[22m


      32 |   await page.goto('/app')
      33 |
    > 34 |   await expect(page.locator('html[data-reduced-motion="true"]')).toBeAttached()
         |                                                                  ^
      35 |   await expect(page.locator('div[data-reduced-motion="true"]')).toBeVisible()
      36 |   await page.screenshot({ path: testInfo.outputPath('reduced-motion-app.png'), fullPage: true })
      37 | })
        at /Users/srujansai/Desktop/NRG/frontend/tests/a11y/keyboard.test.ts:34:66

    attachment #1: screenshot (image/png) ──────────────────────────────────────────────────────────
    tests/test-results/a11y-keyboard-reduced-moti-41b3c--reflected-in-the-app-shell-chromium/test-failed-1.png
    ────────────────────────────────────────────────────────────────────────────────────────────────

    Error Context: tests/test-results/a11y-keyboard-reduced-moti-41b3c--reflected-in-the-app-shell-chromium/error-context.md

  8) [chromium] › tests/e2e/answer_engine_v1_walk.spec.ts:4:5 › Answer Engine v1 Ask -> Answer -> Proof path is visible 

    Error: [2mexpect([22m[31mlocator[39m[2m).[22mtoBeVisible[2m([22m[2m)[22m failed

    Locator: getByTestId('answer-engine-query')
    Expected: visible
    Timeout: 5000ms
    Error: element(s) not found

    Call log:
    [2m  - Expect "toBeVisible" with timeout 5000ms[22m
    [2m  - waiting for getByTestId('answer-engine-query')[22m


      12 |   }
      13 |
    > 14 |   await expect(page.getByTestId('answer-engine-query')).toBeVisible()
         |                                                         ^
      15 |   await page.getByTestId('answer-engine-query').fill('Which institutes produce the most granted patents per INR 10 Cr government funding?')
      16 |   await page.getByTestId('answer-engine-query').press('Enter')
      17 |
        at /Users/srujansai/Desktop/NRG/frontend/tests/e2e/answer_engine_v1_walk.spec.ts:14:57

    attachment #1: screenshot (image/png) ──────────────────────────────────────────────────────────
    tests/test-results/e2e-answer_engine_v1_walk--d18bb-wer---Proof-path-is-visible-chromium/test-failed-1.png
    ────────────────────────────────────────────────────────────────────────────────────────────────

    Error Context: tests/test-results/e2e-answer_engine_v1_walk--d18bb-wer---Proof-path-is-visible-chromium/error-context.md

  9) [chromium] › tests/e2e/mobile_full_flow.spec.ts:153:5 › killer query and citation drawer work on iPhone without horizontal scroll 

    Error: [2mexpect([22m[31mlocator[39m[2m).[22mtoBeVisible[2m([22m[2m)[22m failed

    Locator: getByTestId('answer-engine-query')
    Expected: visible
    Timeout: 5000ms
    Error: element(s) not found

    Call log:
    [2m  - Expect "toBeVisible" with timeout 5000ms[22m
    [2m  - waiting for getByTestId('answer-engine-query')[22m


      155 |   await page.goto('/app')
      156 |
    > 157 |   await expect(page.getByTestId('answer-engine-query')).toBeVisible()
          |                                                         ^
      158 |   await expectNoPageHorizontalScroll(page)
      159 |
      160 |   await page.getByTestId('answer-engine-query').fill('Which institutes in India have the highest grant amount in renewable energy?')
        at /Users/srujansai/Desktop/NRG/frontend/tests/e2e/mobile_full_flow.spec.ts:157:57

    attachment #1: screenshot (image/png) ──────────────────────────────────────────────────────────
    tests/test-results/e2e-mobile_full_flow-kille-e1f40-e-without-horizontal-scroll-chromium/test-failed-1.png
    ────────────────────────────────────────────────────────────────────────────────────────────────

    attachment #2: mobile_e2e (video/mp4) ──────────────────────────────────────────────────────────
    tests/test-results/e2e-mobile_full_flow-kille-e1f40-e-without-horizontal-scroll-chromium/attachments/mobile-e2e-caa33a4fcc0fd967f9a8a933357c53b2cc4211f7.mp4
    ────────────────────────────────────────────────────────────────────────────────────────────────

    attachment #3: video (video/webm) ──────────────────────────────────────────────────────────────
    tests/test-results/e2e-mobile_full_flow-kille-e1f40-e-without-horizontal-scroll-chromium/video.webm
    ────────────────────────────────────────────────────────────────────────────────────────────────

    Error Context: tests/test-results/e2e-mobile_full_flow-kille-e1f40-e-without-horizontal-scroll-chromium/error-context.md

  10) [chromium] › tests/e2e/ui_ux_walk.spec.ts:39:7 › captures answer-engine UI/UX walk at desktop 

    TimeoutError: page.waitForURL: Timeout 15000ms exceeded.
    =========================== logs ===========================
    waiting for navigation until "load"
    ============================================================

      30 |   await page.getByTestId('login-password').fill(credentials.password)
      31 |   await page.getByTestId('login-submit').click()
    > 32 |   await page.waitForURL(/\/app\/researcher/, { timeout: 15000 })
         |              ^
      33 | }
      34 |
      35 | for (const viewport of [
        at login (/Users/srujansai/Desktop/NRG/frontend/tests/e2e/ui_ux_walk.spec.ts:32:14)
        at /Users/srujansai/Desktop/NRG/frontend/tests/e2e/ui_ux_walk.spec.ts:47:5

    attachment #1: screenshot (image/png) ──────────────────────────────────────────────────────────
    tests/test-results/e2e-ui_ux_walk-captures-answer-engine-UI-UX-walk-at-desktop-chromium/test-failed-1.png
    ────────────────────────────────────────────────────────────────────────────────────────────────

    attachment #2: video (video/webm) ──────────────────────────────────────────────────────────────
    tests/test-results/e2e-ui_ux_walk-captures-answer-engine-UI-UX-walk-at-desktop-chromium/video.webm
    ────────────────────────────────────────────────────────────────────────────────────────────────

    Error Context: tests/test-results/e2e-ui_ux_walk-captures-answer-engine-UI-UX-walk-at-desktop-chromium/error-context.md

  11) [chromium] › tests/e2e/ui_ux_walk.spec.ts:39:7 › captures answer-engine UI/UX walk at mobile ─

    TimeoutError: page.waitForURL: Timeout 15000ms exceeded.
    =========================== logs ===========================
    waiting for navigation until "load"
    ============================================================

      30 |   await page.getByTestId('login-password').fill(credentials.password)
      31 |   await page.getByTestId('login-submit').click()
    > 32 |   await page.waitForURL(/\/app\/researcher/, { timeout: 15000 })
         |              ^
      33 | }
      34 |
      35 | for (const viewport of [
        at login (/Users/srujansai/Desktop/NRG/frontend/tests/e2e/ui_ux_walk.spec.ts:32:14)
        at /Users/srujansai/Desktop/NRG/frontend/tests/e2e/ui_ux_walk.spec.ts:47:5

    attachment #1: screenshot (image/png) ──────────────────────────────────────────────────────────
    tests/test-results/e2e-ui_ux_walk-captures-answer-engine-UI-UX-walk-at-mobile-chromium/test-failed-1.png
    ────────────────────────────────────────────────────────────────────────────────────────────────

    attachment #2: video (video/webm) ──────────────────────────────────────────────────────────────
    tests/test-results/e2e-ui_ux_walk-captures-answer-engine-UI-UX-walk-at-mobile-chromium/video.webm
    ────────────────────────────────────────────────────────────────────────────────────────────────

    Error Context: tests/test-results/e2e-ui_ux_walk-captures-answer-engine-UI-UX-walk-at-mobile-chromium/error-context.md

  11 failed
    [chromium] › tests/a11y/axe.test.ts:84:7 › login has no axe violations and five or fewer warnings 
    [chromium] › tests/a11y/axe.test.ts:84:7 › researcher-dashboard has no axe violations and five or fewer warnings 
    [chromium] › tests/a11y/axe.test.ts:84:7 › government-dashboard has no axe violations and five or fewer warnings 
    [chromium] › tests/a11y/axe.test.ts:84:7 › industry-dashboard has no axe violations and five or fewer warnings 
    [chromium] › tests/a11y/keyboard.test.ts:3:5 › skip link is the first focusable element and moves focus to main content 
    [chromium] › tests/a11y/keyboard.test.ts:20:5 › hero query controls are keyboard operable ──────
    [chromium] › tests/a11y/keyboard.test.ts:30:5 › reduced motion preference is reflected in the app shell 
    [chromium] › tests/e2e/answer_engine_v1_walk.spec.ts:4:5 › Answer Engine v1 Ask -> Answer -> Proof path is visible 
    [chromium] › tests/e2e/mobile_full_flow.spec.ts:153:5 › killer query and citation drawer work on iPhone without horizontal scroll 
    [chromium] › tests/e2e/ui_ux_walk.spec.ts:39:7 › captures answer-engine UI/UX walk at desktop ──
    [chromium] › tests/e2e/ui_ux_walk.spec.ts:39:7 › captures answer-engine UI/UX walk at mobile ───
  4 passed (4.3m)
