
Running 15 tests using 1 worker

  ✓   1 [chromium] › tests/a11y/axe.test.ts:67:7 › login has no axe violations and five or fewer warnings (11.8s)
  ✓   2 [chromium] › tests/a11y/axe.test.ts:67:7 › hero has no axe violations and five or fewer warnings (9.3s)
  ✓   3 [chromium] › tests/a11y/axe.test.ts:67:7 › founder has no axe violations and five or fewer warnings (4.4s)
  ✓   4 [chromium] › tests/a11y/axe.test.ts:67:7 › researcher-dashboard has no axe violations and five or fewer warnings (3.5s)
  ✓   5 [chromium] › tests/a11y/axe.test.ts:67:7 › government-dashboard has no axe violations and five or fewer warnings (3.5s)
  ✓   6 [chromium] › tests/a11y/axe.test.ts:67:7 › industry-dashboard has no axe violations and five or fewer warnings (4.7s)
  ✓   7 [chromium] › tests/a11y/keyboard.test.ts:4:5 › skip link is the first focusable element and moves focus to main content (6.2s)
  ✓   8 [chromium] › tests/a11y/keyboard.test.ts:22:5 › hero query controls are keyboard operable (8.5s)
  ✓   9 [chromium] › tests/a11y/keyboard.test.ts:34:5 › reduced motion preference is reflected in the app shell (6.4s)
  ✓  10 [chromium] › tests/e2e/answer_engine_v1_walk.spec.ts:4:5 › Answer Engine v1 Ask -> Answer -> Proof path is visible (6.9s)
  ✓  11 [chromium] › tests/e2e/no_stack_trace.spec.ts:3:5 › error surfaces do not expose stack traces or raw exception markers (1.9s)
  ✘  12 [chromium] › tests/e2e/mobile_full_flow.spec.ts:156:5 › killer query and citation drawer work on iPhone without horizontal scroll (7.3s)
  ✓  13 [chromium] › tests/e2e/mobile_full_flow.spec.ts:175:5 › mobile dashboard uses persona switcher and fullscreen graph modal (6.2s)
  ✓  14 [chromium] › tests/e2e/ui_ux_walk.spec.ts:62:7 › captures answer-engine UI/UX walk at desktop (21.2s)
  ✓  15 [chromium] › tests/e2e/ui_ux_walk.spec.ts:62:7 › captures answer-engine UI/UX walk at mobile (25.4s)


  1) [chromium] › tests/e2e/mobile_full_flow.spec.ts:156:5 › killer query and citation drawer work on iPhone without horizontal scroll 

    Error: [2mexpect([22m[31mlocator[39m[2m).[22mtoBeVisible[2m([22m[2m)[22m failed

    Locator: getByTestId('answer-engine-query')
    Expected: visible
    Timeout: 5000ms
    Error: element(s) not found

    Call log:
    [2m  - Expect "toBeVisible" with timeout 5000ms[22m
    [2m  - waiting for getByTestId('answer-engine-query')[22m


      158 |   await page.goto('/app')
      159 |
    > 160 |   await expect(page.getByTestId('answer-engine-query')).toBeVisible()
          |                                                         ^
      161 |   await expectNoPageHorizontalScroll(page)
      162 |
      163 |   await page.getByTestId('answer-engine-query').fill('Which institutes in India have the highest grant amount in renewable energy?')
        at /Users/srujansai/Desktop/NRG/frontend/tests/e2e/mobile_full_flow.spec.ts:160:57

    attachment #1: screenshot (image/png) ──────────────────────────────────────────────────────────
    tests/test-results/e2e-mobile_full_flow-kille-e1f40-e-without-horizontal-scroll-chromium/test-failed-1.png
    ────────────────────────────────────────────────────────────────────────────────────────────────

    attachment #2: mobile_e2e (video/mp4) ──────────────────────────────────────────────────────────
    tests/test-results/e2e-mobile_full_flow-kille-e1f40-e-without-horizontal-scroll-chromium/attachments/mobile-e2e-93cffb2d548a492e4e24b5512cdc1f8c6836c000.mp4
    ────────────────────────────────────────────────────────────────────────────────────────────────

    attachment #3: video (video/webm) ──────────────────────────────────────────────────────────────
    tests/test-results/e2e-mobile_full_flow-kille-e1f40-e-without-horizontal-scroll-chromium/video.webm
    ────────────────────────────────────────────────────────────────────────────────────────────────

    Error Context: tests/test-results/e2e-mobile_full_flow-kille-e1f40-e-without-horizontal-scroll-chromium/error-context.md

  1 failed
    [chromium] › tests/e2e/mobile_full_flow.spec.ts:156:5 › killer query and citation drawer work on iPhone without horizontal scroll 
  14 passed (2.3m)
