
Running 15 tests using 1 worker

  ✓   1 [chromium] › tests/a11y/axe.test.ts:67:7 › login has no axe violations and five or fewer warnings (10.5s)
  ✓   2 [chromium] › tests/a11y/axe.test.ts:67:7 › hero has no axe violations and five or fewer warnings (13.5s)
  ✓   3 [chromium] › tests/a11y/axe.test.ts:67:7 › founder has no axe violations and five or fewer warnings (11.3s)
  ✓   4 [chromium] › tests/a11y/axe.test.ts:67:7 › researcher-dashboard has no axe violations and five or fewer warnings (6.0s)
  ✓   5 [chromium] › tests/a11y/axe.test.ts:67:7 › government-dashboard has no axe violations and five or fewer warnings (12.2s)
  ✓   6 [chromium] › tests/a11y/axe.test.ts:67:7 › industry-dashboard has no axe violations and five or fewer warnings (5.9s)
  ✓   7 [chromium] › tests/a11y/keyboard.test.ts:4:5 › skip link is the first focusable element and moves focus to main content (6.9s)
  ✓   8 [chromium] › tests/a11y/keyboard.test.ts:22:5 › hero query controls are keyboard operable (8.9s)
  ✓   9 [chromium] › tests/a11y/keyboard.test.ts:34:5 › reduced motion preference is reflected in the app shell (7.1s)
  ✓  10 [chromium] › tests/e2e/answer_engine_v1_walk.spec.ts:4:5 › Answer Engine v1 Ask -> Answer -> Proof path is visible (9.3s)
  ✓  11 [chromium] › tests/e2e/no_stack_trace.spec.ts:3:5 › error surfaces do not expose stack traces or raw exception markers (2.1s)
  ✓  12 [chromium] › tests/e2e/mobile_full_flow.spec.ts:156:5 › killer query and citation drawer work on iPhone without horizontal scroll (11.2s)
  ✓  13 [chromium] › tests/e2e/mobile_full_flow.spec.ts:175:5 › mobile dashboard uses persona switcher and fullscreen graph modal (10.3s)
  ✘  14 [chromium] › tests/e2e/ui_ux_walk.spec.ts:62:7 › captures answer-engine UI/UX walk at desktop (33.7s)
  ✓  15 [chromium] › tests/e2e/ui_ux_walk.spec.ts:62:7 › captures answer-engine UI/UX walk at mobile (26.1s)


  1) [chromium] › tests/e2e/ui_ux_walk.spec.ts:62:7 › captures answer-engine UI/UX walk at desktop ─

    [31mTest timeout of 30000ms exceeded.[39m

    attachment #1: screenshot (image/png) ──────────────────────────────────────────────────────────
    tests/test-results/e2e-ui_ux_walk-captures-answer-engine-UI-UX-walk-at-desktop-chromium/test-failed-1.png
    ────────────────────────────────────────────────────────────────────────────────────────────────

    attachment #2: video (video/webm) ──────────────────────────────────────────────────────────────
    tests/test-results/e2e-ui_ux_walk-captures-answer-engine-UI-UX-walk-at-desktop-chromium/video.webm
    ────────────────────────────────────────────────────────────────────────────────────────────────

    Error Context: tests/test-results/e2e-ui_ux_walk-captures-answer-engine-UI-UX-walk-at-desktop-chromium/error-context.md

  1 failed
    [chromium] › tests/e2e/ui_ux_walk.spec.ts:62:7 › captures answer-engine UI/UX walk at desktop ──
  14 passed (3.4m)
