
> nrg-frontend@1.0.0 build
> tsc && vite build --emptyOutDir

vite v4.5.14 building for production...
transforming...
✓ 2638 modules transformed.
rendering chunks...
computing gzip size...
../dist/frontend/index.html                                 7.87 kB │ gzip:   2.52 kB
../dist/frontend/assets/index-1cedac6b.css                 70.83 kB │ gzip:  13.32 kB
../dist/frontend/assets/shield-check-bb537edf.js            0.25 kB │ gzip:   0.22 kB │ map:     0.75 kB
../dist/frontend/assets/trending-up-270c40b0.js             0.25 kB │ gzip:   0.21 kB │ map:     0.75 kB
../dist/frontend/assets/queryClient-6bff7a87.js             0.26 kB │ gzip:   0.22 kB │ map:     0.67 kB
../dist/frontend/assets/check-circle-2-c4b2d35b.js          0.28 kB │ gzip:   0.23 kB │ map:     0.82 kB
../dist/frontend/assets/database-e57b9c8e.js                0.28 kB │ gzip:   0.23 kB │ map:     0.89 kB
../dist/frontend/assets/git-commit-fe3caaaa.js              0.29 kB │ gzip:   0.22 kB │ map:     0.98 kB
../dist/frontend/assets/x-circle-960051ec.js                0.45 kB │ gzip:   0.31 kB │ map:     1.58 kB
../dist/frontend/assets/building-2-bde06db0.js              0.48 kB │ gzip:   0.28 kB │ map:     1.25 kB
../dist/frontend/assets/users-b8850508.js                   0.89 kB │ gzip:   0.48 kB │ map:     3.05 kB
../dist/frontend/assets/ChainIntegrityFooter-59acfea6.js    1.83 kB │ gzip:   0.90 kB │ map:     3.75 kB
../dist/frontend/assets/app-8b4f24fc.js                     2.01 kB │ gzip:   0.96 kB │ map:     2.55 kB
../dist/frontend/assets/AuditEvent-d1965784.js              2.61 kB │ gzip:   1.12 kB │ map:     5.37 kB
../dist/frontend/assets/SideBySidePanel-a3afa6c9.js         2.99 kB │ gzip:   1.19 kB │ map:     5.58 kB
../dist/frontend/assets/QueryPhaseProgress-3f9ef361.js      3.21 kB │ gzip:   1.52 kB │ map:     7.50 kB
../dist/frontend/assets/HmacProof-55681f73.js               4.13 kB │ gzip:   1.45 kB │ map:     9.47 kB
../dist/frontend/assets/ThemeProvider-984d2c31.js           4.28 kB │ gzip:   1.70 kB │ map:    13.61 kB
../dist/frontend/assets/queryStore-6d1f459e.js              6.81 kB │ gzip:   2.78 kB │ map:    35.98 kB
../dist/frontend/assets/queryService-f06c5a4c.js            7.90 kB │ gzip:   2.67 kB │ map:    25.43 kB
../dist/frontend/assets/Hero-daedf9b3.js                    8.68 kB │ gzip:   3.29 kB │ map:    22.97 kB
../dist/frontend/assets/useQuery-bc5c65f4.js               11.35 kB │ gzip:   4.05 kB │ map:    44.46 kB
../dist/frontend/assets/CitationDrawer-f2cf33a5.js         12.04 kB │ gzip:   3.70 kB │ map:    38.93 kB
../dist/frontend/assets/DPDP-Audit-9fdc472d.js             13.01 kB │ gzip:   4.89 kB │ map:    42.63 kB
../dist/frontend/assets/queryClient-d7046b66.js            13.64 kB │ gzip:   4.23 kB │ map:    48.02 kB
../dist/frontend/assets/StreamingAnswerPanel-e094f21d.js   14.19 kB │ gzip:   4.47 kB │ map:    41.07 kB
../dist/frontend/assets/index-ab090b07.js                  15.15 kB │ gzip:   5.06 kB │ map:    57.55 kB
../dist/frontend/assets/FounderDashboard-f05638bd.js       15.32 kB │ gzip:   4.04 kB │ map:    31.92 kB
../dist/frontend/assets/GraphView-f171bdb7.js              15.53 kB │ gzip:   4.69 kB │ map:    42.79 kB
../dist/frontend/assets/query-a1226f2d.js                  15.77 kB │ gzip:   5.31 kB │ map:    60.21 kB
../dist/frontend/assets/ProductionWorkspace-7f1b15c4.js    19.14 kB │ gzip:   4.58 kB │ map:    46.61 kB
../dist/frontend/assets/IndustryDashboard-23552181.js      24.09 kB │ gzip:   7.42 kB │ map:    55.95 kB
../dist/frontend/assets/GovernmentDashboard-6d5250f1.js    32.11 kB │ gzip:   8.99 kB │ map:    90.47 kB
../dist/frontend/assets/ResearcherDashboard-088c745f.js    41.01 kB │ gzip:  11.25 kB │ map:    98.42 kB
../dist/frontend/assets/emptyResults-39866fc2.js           59.79 kB │ gzip:  16.52 kB │ map:   155.56 kB
../dist/frontend/assets/vendor-d3-4a9f30b6.js              64.63 kB │ gzip:  21.03 kB │ map:   267.54 kB
../dist/frontend/assets/vendor-motion-0cec850f.js         114.50 kB │ gzip:  36.71 kB │ map:   634.83 kB
../dist/frontend/assets/App-f986d409.js                   114.68 kB │ gzip:  35.54 kB │ map:   331.25 kB
../dist/frontend/assets/vendor-react-601f19e2.js          141.18 kB │ gzip:  45.21 kB │ map:   351.03 kB
../dist/frontend/assets/vendor-recharts-9f20f374.js       369.30 kB │ gzip: 102.89 kB │ map: 1,906.49 kB
✓ built in 7.09s
