
> nrg-frontend@1.0.0 build
> tsc && vite build --emptyOutDir

vite v4.5.14 building for production...
transforming...
✓ 2637 modules transformed.
rendering chunks...
computing gzip size...
../dist/frontend/index.html                                7.87 kB │ gzip:   2.52 kB
../dist/frontend/assets/index-f6209264.css                75.56 kB │ gzip:  14.16 kB
../dist/frontend/assets/x-circle-a96ab31c.js               0.24 kB │ gzip:   0.20 kB │ map:     0.83 kB
../dist/frontend/assets/trending-up-ea750010.js            0.25 kB │ gzip:   0.21 kB │ map:     0.75 kB
../dist/frontend/assets/queryClient-6bff7a87.js            0.26 kB │ gzip:   0.22 kB │ map:     0.67 kB
../dist/frontend/assets/building-2-8c62ad39.js             0.48 kB │ gzip:   0.28 kB │ map:     1.25 kB
../dist/frontend/assets/users-a806bc90.js                  0.89 kB │ gzip:   0.48 kB │ map:     3.05 kB
../dist/frontend/assets/app-48d307bb.js                    2.01 kB │ gzip:   0.96 kB │ map:     2.55 kB
../dist/frontend/assets/AuditEvent-0a8bec69.js             3.94 kB │ gzip:   1.50 kB │ map:     8.88 kB
../dist/frontend/assets/ThemeProvider-984d2c31.js          4.28 kB │ gzip:   1.70 kB │ map:    13.61 kB
../dist/frontend/assets/useQuery-bc5c65f4.js              11.35 kB │ gzip:   4.03 kB │ map:    44.46 kB
../dist/frontend/assets/queryClient-d7046b66.js           13.64 kB │ gzip:   4.21 kB │ map:    48.02 kB
../dist/frontend/assets/FounderDashboard-e20f0183.js      15.06 kB │ gzip:   3.93 kB │ map:    31.27 kB
../dist/frontend/assets/index-ab090b07.js                 15.15 kB │ gzip:   5.04 kB │ map:    57.55 kB
../dist/frontend/assets/GraphView-67826074.js             15.43 kB │ gzip:   4.63 kB │ map:    42.31 kB
../dist/frontend/assets/query-a1226f2d.js                 15.77 kB │ gzip:   5.31 kB │ map:    60.21 kB
../dist/frontend/assets/IndustryDashboard-915d6f5d.js     23.90 kB │ gzip:   7.35 kB │ map:    56.39 kB
../dist/frontend/assets/ProductionWorkspace-c044fb7f.js   24.21 kB │ gzip:   5.76 kB │ map:    60.32 kB
../dist/frontend/assets/GovernmentDashboard-b5dca85c.js   32.10 kB │ gzip:   8.94 kB │ map:    91.39 kB
../dist/frontend/assets/ResearcherDashboard-228c6287.js   42.43 kB │ gzip:  11.82 kB │ map:   102.68 kB
../dist/frontend/assets/vendor-d3-4a9f30b6.js             64.63 kB │ gzip:  21.13 kB │ map:   267.54 kB
../dist/frontend/assets/emptyResults-ced9ea23.js          75.48 kB │ gzip:  20.49 kB │ map:   204.19 kB
../dist/frontend/assets/vendor-motion-0cec850f.js        114.50 kB │ gzip:  36.73 kB │ map:   634.83 kB
../dist/frontend/assets/vendor-react-601f19e2.js         141.18 kB │ gzip:  45.21 kB │ map:   351.03 kB
../dist/frontend/assets/App-2a6eaee6.js                  212.23 kB │ gzip:  62.27 kB │ map:   673.14 kB
../dist/frontend/assets/vendor-recharts-9f20f374.js      369.30 kB │ gzip: 103.09 kB │ map: 1,906.49 kB
✓ built in 8.17s
