
Running 1 test using 1 worker

(node:97751) Warning: The 'NO_COLOR' env is ignored due to the 'FORCE_COLOR' env being set.
(Use `node --trace-warnings ...` to show where the warning was created)
(node:97751) Warning: The 'NO_COLOR' env is ignored due to the 'FORCE_COLOR' env being set.
(Use `node --trace-warnings ...` to show where the warning was created)
  ✘  1 [chromium] › tests/e2e/glm_visible_query_a11y.spec.ts:52:5 › GLM visible query answer path has no axe violations in answer, source, audit, and mobile states (8.3s)


  1) [chromium] › tests/e2e/glm_visible_query_a11y.spec.ts:52:5 › GLM visible query answer path has no axe violations in answer, source, audit, and mobile states

    Error: [
      {
        "id": "definition-list",
        "impact": "serious",
        "tags": [
          "cat.structure",
          "wcag2a",
          "wcag131",
          "EN-301-549",
          "EN-9.1.3.1",
          "RGAAv4",
          "RGAA-9.3.3"
        ],
        "description": "Ensure <dl> elements are structured correctly",
        "help": "<dl> elements must only directly contain properly-ordered <dt> and <dd> groups, <script>, <template> or <div> elements",
        "helpUrl": "https://dequeuniversity.com/rules/axe/4.11/definition-list?application=playwright",
        "nodes": [
          {
            "any": [],
            "all": [],
            "none": [
              {
                "id": "only-dlitems",
                "data": {
                  "values": "div > button"
                },
                "relatedNodes": [
                  {
                    "html": "<button class=\"inline-flex items-ce...\">",
                    "target": [
                      ".pt-2 > .hover\\:border-accent.hover\\:text-accent.bg-surface"
                    ]
                  }
                ],
                "impact": "serious",
                "message": "dl element has direct children that are not allowed: div > button"
              }
            ],
            "impact": "serious",
            "html": "<dl data-testid=\"audit-event-panel\" class=\"grid gap-3 text-sm\">",
            "target": [
              "dl[data-testid=\"audit-event-panel\"]"
            ],
            "failureSummary": "Fix all of the following:\n  dl element has direct children that are not allowed: div > button"
          }
        ]
      }
    ]

    [2mexpect([22m[31mreceived[39m[2m).[22mtoHaveLength[2m([22m[32mexpected[39m[2m)[22m

    Expected length: [32m0[39m
    Received length: [31m1[39m
    Received array:  [31m[{"description": "Ensure <dl> elements are structured correctly", "help": "<dl> elements must only directly contain properly-ordered <dt> and <dd> groups, <script>, <template> or <div> elements", "helpUrl": "https://dequeuniversity.com/rules/axe/4.11/definition-list?application=playwright", "id": "definition-list", "impact": "serious", "nodes": [{"all": [], "any": [], "failureSummary": "Fix all of the following:[39m
    [31m  dl element has direct children that are not allowed: div > button", "html": "<dl data-testid=\"audit-event-panel\" class=\"grid gap-3 text-sm\">", "impact": "serious", "none": [{"data": {"values": "div > button"}, "id": "only-dlitems", "impact": "serious", "message": "dl element has direct children that are not allowed: div > button", "relatedNodes": [{"html": "<button class=\"inline-flex items-ce...\">", "target": [".pt-2 > .hover\\:border-accent.hover\\:text-accent.bg-surface"]}]}], "target": ["dl[data-testid=\"audit-event-panel\"]"]}], "tags": ["cat.structure", "wcag2a", "wcag131", "EN-301-549", "EN-9.1.3.1", "RGAAv4", "RGAA-9.3.3"]}][39m

      42 |   )
      43 |
    > 44 |   expect(results.violations, JSON.stringify(results.violations, null, 2)).toHaveLength(0)
         |                                                                           ^
      45 |   expect(results.incomplete.length, JSON.stringify(results.incomplete, null, 2)).toBeLessThanOrEqual(5)
      46 | }
      47 |
        at captureAxe (/Users/srujansai/Desktop/NRG/frontend/tests/e2e/glm_visible_query_a11y.spec.ts:44:75)
        at /Users/srujansai/Desktop/NRG/frontend/tests/e2e/glm_visible_query_a11y.spec.ts:82:3

    attachment #1: screenshot (image/png) ──────────────────────────────────────────────────────────
    tests/test-results/e2e-glm_visible_query_a11y-244aa-rce-audit-and-mobile-states-chromium/test-failed-1.png
    ────────────────────────────────────────────────────────────────────────────────────────────────

    Error Context: tests/test-results/e2e-glm_visible_query_a11y-244aa-rce-audit-and-mobile-states-chromium/error-context.md

  1 failed
    [chromium] › tests/e2e/glm_visible_query_a11y.spec.ts:52:5 › GLM visible query answer path has no axe violations in answer, source, audit, and mobile states
