[2m[WebServer] [22mnode:events:486
[2m[WebServer] [22m      throw er; // Unhandled 'error' event
[2m[WebServer] [22m      ^
[2m[WebServer] [22m
[2m[WebServer] [22mError: listen EADDRINUSE: address already in use :::3022
[2m[WebServer] [22m[90m    at Server.setupListenHandle [as _listen2] (node:net:2008:16)[39m
[2m[WebServer] [22m[90m    at listenInCluster (node:net:2065:12)[39m
[2m[WebServer] [22m[90m    at Server.listen (node:net:2170:7)[39m
[2m[WebServer] [22m    at Object.<anonymous> (/Users/srujansai/Desktop/NRG/frontend/e2e-server.js:189:8)
[2m[WebServer] [22m[90m    at Module._compile (node:internal/modules/cjs/loader:1829:14)[39m
[2m[WebServer] [22m[90m    at Module._extensions..js (node:internal/modules/cjs/loader:1969:10)[39m
[2m[WebServer] [22m[90m    at Module.load (node:internal/modules/cjs/loader:1552:32)[39m
[2m[WebServer] [22m[90m    at Module._load (node:internal/modules/cjs/loader:1354:12)[39m
[2m[WebServer] [22m[90m    at wrapModuleLoad (node:internal/modules/cjs/loader:255:19)[39m
[2m[WebServer] [22m[90m    at Module.executeUserEntryPoint [as runMain] (node:internal/modules/run_main:154:5)[39m
[2m[WebServer] [22mEmitted 'error' event on Server instance at:
[2m[WebServer] [22m[90m    at emitErrorNT (node:net:2044:8)[39m
[2m[WebServer] [22m[90m    at process.processTicksAndRejections (node:internal/process/task_queues:90:21)[39m {
[2m[WebServer] [22m  code: [32m'EADDRINUSE'[39m,
[2m[WebServer] [22m  errno: [33m-48[39m,
[2m[WebServer] [22m  syscall: [32m'listen'[39m,
[2m[WebServer] [22m  address: [32m'::'[39m,
[2m[WebServer] [22m  port: [33m3022[39m
[2m[WebServer] [22m}
[2m[WebServer] [22m
[2m[WebServer] [22mNode.js v25.8.2

Running 1 test using 1 worker

(node:195) Warning: The 'NO_COLOR' env is ignored due to the 'FORCE_COLOR' env being set.
(Use `node --trace-warnings ...` to show where the warning was created)
(node:195) Warning: The 'NO_COLOR' env is ignored due to the 'FORCE_COLOR' env being set.
(Use `node --trace-warnings ...` to show where the warning was created)
  ✓  1 [chromium] › tests/e2e/glm_visible_query_flow.spec.ts:44:5 › GLM-derived visible query path renders answer, citations, source rows, audit proof, and mobile view (9.7s)

  1 passed (10.9s)
