
Running 1 test using 1 worker

(node:196) Warning: The 'NO_COLOR' env is ignored due to the 'FORCE_COLOR' env being set.
(Use `node --trace-warnings ...` to show where the warning was created)
(node:196) Warning: The 'NO_COLOR' env is ignored due to the 'FORCE_COLOR' env being set.
(Use `node --trace-warnings ...` to show where the warning was created)
  ✓  1 [chromium] › tests/e2e/glm_visible_query_a11y.spec.ts:52:5 › GLM visible query answer path has no axe violations in answer, source, audit, and mobile states (9.6s)

  1 passed (10.9s)
Error in reporter Error: ENOENT: no such file or directory, open '/Users/srujansai/Desktop/NRG/frontend/tests/playwright-report/index.html'
    at open (node:internal/fs/promises:639:25)
    at Object.writeFile (node:internal/fs/promises:1257:14)
    at HtmlBuilder._writeStaticAssets (/Users/srujansai/Desktop/NRG/frontend/node_modules/playwright/lib/reporters/html.js:330:7)
    at HtmlBuilder.build (/Users/srujansai/Desktop/NRG/frontend/node_modules/playwright/lib/reporters/html.js:292:29)
    at HtmlReporter.onEnd (/Users/srujansai/Desktop/NRG/frontend/node_modules/playwright/lib/reporters/html.js:128:25)
    at wrapAsync (/Users/srujansai/Desktop/NRG/frontend/node_modules/playwright/lib/reporters/multiplexer.js:101:12)
    at Multiplexer.onEnd (/Users/srujansai/Desktop/NRG/frontend/node_modules/playwright/lib/reporters/multiplexer.js:69:25)
    at InternalReporter.onEnd (/Users/srujansai/Desktop/NRG/frontend/node_modules/playwright/lib/reporters/internalReporter.js:81:12)
    at finishTaskRun (/Users/srujansai/Desktop/NRG/frontend/node_modules/playwright/lib/runner/tasks.js:94:26)
    at runTasks (/Users/srujansai/Desktop/NRG/frontend/node_modules/playwright/lib/runner/tasks.js:81:10)
    at runAllTestsWithConfig (/Users/srujansai/Desktop/NRG/frontend/node_modules/playwright/lib/runner/testRunner.js:388:18)
    at runTests (/Users/srujansai/Desktop/NRG/frontend/node_modules/playwright/lib/testActions.js:96:18)
    at i.<anonymous> (/Users/srujansai/Desktop/NRG/frontend/node_modules/playwright/lib/program.js:56:7) {
  errno: -2,
  code: 'ENOENT',
  syscall: 'open',
  path: '/Users/srujansai/Desktop/NRG/frontend/tests/playwright-report/index.html'
}
