
Running 1 test using 1 worker

(node:97087) Warning: The 'NO_COLOR' env is ignored due to the 'FORCE_COLOR' env being set.
(Use `node --trace-warnings ...` to show where the warning was created)
(node:97087) Warning: The 'NO_COLOR' env is ignored due to the 'FORCE_COLOR' env being set.
(Use `node --trace-warnings ...` to show where the warning was created)
  ✘  1 [chromium] › tests/e2e/glm_visible_query_a11y.spec.ts:52:5 › GLM visible query answer path has no axe violations in answer, source, audit, and mobile states (9.3s)


  1) [chromium] › tests/e2e/glm_visible_query_a11y.spec.ts:52:5 › GLM visible query answer path has no axe violations in answer, source, audit, and mobile states

    Error: [
      {
        "id": "color-contrast",
        "impact": "serious",
        "tags": [
          "cat.color",
          "wcag2aa",
          "wcag143",
          "TTv5",
          "TT13.c",
          "EN-301-549",
          "EN-9.1.4.3",
          "ACT",
          "RGAAv4",
          "RGAA-3.2.1"
        ],
        "description": "Ensure the contrast between foreground and background colors meets WCAG 2 AA minimum contrast ratio thresholds",
        "help": "Elements must meet minimum color contrast ratio thresholds",
        "helpUrl": "https://dequeuniversity.com/rules/axe/4.11/color-contrast?application=playwright",
        "nodes": [
          {
            "any": [
              {
                "id": "color-contrast",
                "data": {
                  "fgColor": "#047857",
                  "bgColor": "#dfebe5",
                  "contrastRatio": 4.47,
                  "fontSize": "9.0pt (12px)",
                  "fontWeight": "normal",
                  "messageKey": null,
                  "expectedContrastRatio": "4.5:1"
                },
                "relatedNodes": [
                  {
                    "html": "<span class=\"inline-flex items-center gap-1 rounded-pill border px-2.5 py-1 text-xs font-semibold border-success bg-success/10 text-success\">confidence: high</span>",
                    "target": [
                      ".border-success"
                    ]
                  },
                  {
                    "html": "<div class=\"min-h-screen bg-bg text-fg\">",
                    "target": [
                      ".min-h-screen"
                    ]
                  }
                ],
                "impact": "serious",
                "message": "Element has insufficient color contrast of 4.47 (foreground color: #047857, background color: #dfebe5, font size: 9.0pt (12px), font weight: normal). Expected contrast ratio of 4.5:1"
              }
            ],
            "all": [],
            "none": [],
            "impact": "serious",
            "html": "<span class=\"inline-flex items-center gap-1 rounded-pill border px-2.5 py-1 text-xs font-semibold border-success bg-success/10 text-success\">confidence: high</span>",
            "target": [
              ".border-success"
            ],
            "failureSummary": "Fix any of the following:\n  Element has insufficient color contrast of 4.47 (foreground color: #047857, background color: #dfebe5, font size: 9.0pt (12px), font weight: normal). Expected contrast ratio of 4.5:1"
          }
        ]
      },
      {
        "id": "scrollable-region-focusable",
        "impact": "serious",
        "tags": [
          "cat.keyboard",
          "wcag2a",
          "wcag211",
          "wcag213",
          "TTv5",
          "TT4.a",
          "EN-301-549",
          "EN-9.2.1.1",
          "EN-9.2.1.3",
          "RGAAv4",
          "RGAA-7.3.2"
        ],
        "description": "Ensure elements that have scrollable content are accessible by keyboard in Safari",
        "help": "Scrollable region must have keyboard access",
        "helpUrl": "https://dequeuniversity.com/rules/axe/4.11/scrollable-region-focusable?application=playwright",
        "nodes": [
          {
            "any": [
              {
                "id": "focusable-content",
                "data": null,
                "relatedNodes": [],
                "impact": "serious",
                "message": "Element should have focusable content"
              },
              {
                "id": "focusable-element",
                "data": null,
                "relatedNodes": [],
                "impact": "serious",
                "message": "Element should be focusable"
              }
            ],
            "all": [],
            "none": [],
            "impact": "serious",
            "html": "<pre class=\"overflow-x-auto p-4 text-sm leading-6 text-nrg-text\">",
            "target": [
              "pre"
            ],
            "failureSummary": "Fix any of the following:\n  Element should have focusable content\n  Element should be focusable"
          }
        ]
      }
    ]

    [2mexpect([22m[31mreceived[39m[2m).[22mtoHaveLength[2m([22m[32mexpected[39m[2m)[22m

    Expected length: [32m0[39m
    Received length: [31m2[39m
    Received array:  [31m[{"description": "Ensure the contrast between foreground and background colors meets WCAG 2 AA minimum contrast ratio thresholds", "help": "Elements must meet minimum color contrast ratio thresholds", "helpUrl": "https://dequeuniversity.com/rules/axe/4.11/color-contrast?application=playwright", "id": "color-contrast", "impact": "serious", "nodes": [{"all": [], "any": [{"data": {"bgColor": "#dfebe5", "contrastRatio": 4.47, "expectedContrastRatio": "4.5:1", "fgColor": "#047857", "fontSize": "9.0pt (12px)", "fontWeight": "normal", "messageKey": null}, "id": "color-contrast", "impact": "serious", "message": "Element has insufficient color contrast of 4.47 (foreground color: #047857, background color: #dfebe5, font size: 9.0pt (12px), font weight: normal). Expected contrast ratio of 4.5:1", "relatedNodes": [{"html": "<span class=\"inline-flex items-center gap-1 rounded-pill border px-2.5 py-1 text-xs font-semibold border-success bg-success/10 text-success\">confidence: high</span>", "target": [".border-success"]}, {"html": "<div class=\"min-h-screen bg-bg text-fg\">", "target": [".min-h-screen"]}]}], "failureSummary": "Fix any of the following:[39m
    [31m  Element has insufficient color contrast of 4.47 (foreground color: #047857, background color: #dfebe5, font size: 9.0pt (12px), font weight: normal). Expected contrast ratio of 4.5:1", "html": "<span class=\"inline-flex items-center gap-1 rounded-pill border px-2.5 py-1 text-xs font-semibold border-success bg-success/10 text-success\">confidence: high</span>", "impact": "serious", "none": [], "target": [".border-success"]}], "tags": ["cat.color", "wcag2aa", "wcag143", "TTv5", "TT13.c", "EN-301-549", "EN-9.1.4.3", "ACT", "RGAAv4", "RGAA-3.2.1"]}, {"description": "Ensure elements that have scrollable content are accessible by keyboard in Safari", "help": "Scrollable region must have keyboard access", "helpUrl": "https://dequeuniversity.com/rules/axe/4.11/scrollable-region-focusable?application=playwright", "id": "scrollable-region-focusable", "impact": "serious", "nodes": [{"all": [], "any": [{"data": null, "id": "focusable-content", "impact": "serious", "message": "Element should have focusable content", "relatedNodes": []}, {"data": null, "id": "focusable-element", "impact": "serious", "message": "Element should be focusable", "relatedNodes": []}], "failureSummary": "Fix any of the following:[39m
    [31m  Element should have focusable content[39m
    [31m  Element should be focusable", "html": "<pre class=\"overflow-x-auto p-4 text-sm leading-6 text-nrg-text\">", "impact": "serious", "none": [], "target": ["pre"]}], "tags": ["cat.keyboard", "wcag2a", "wcag211", "wcag213", "TTv5", "TT4.a", "EN-301-549", "EN-9.2.1.1", "EN-9.2.1.3", "RGAAv4", …]}][39m

      42 |   )
      43 |
    > 44 |   expect(results.violations, JSON.stringify(results.violations, null, 2)).toHaveLength(0)
         |                                                                           ^
      45 |   expect(results.incomplete.length, JSON.stringify(results.incomplete, null, 2)).toBeLessThanOrEqual(5)
      46 | }
      47 |
        at captureAxe (/Users/srujansai/Desktop/NRG/frontend/tests/e2e/glm_visible_query_a11y.spec.ts:44:75)
        at /Users/srujansai/Desktop/NRG/frontend/tests/e2e/glm_visible_query_a11y.spec.ts:72:3

    attachment #1: screenshot (image/png) ──────────────────────────────────────────────────────────
    tests/test-results/e2e-glm_visible_query_a11y-244aa-rce-audit-and-mobile-states-chromium/test-failed-1.png
    ────────────────────────────────────────────────────────────────────────────────────────────────

    Error Context: tests/test-results/e2e-glm_visible_query_a11y-244aa-rce-audit-and-mobile-states-chromium/error-context.md

  1 failed
    [chromium] › tests/e2e/glm_visible_query_a11y.spec.ts:52:5 › GLM visible query answer path has no axe violations in answer, source, audit, and mobile states
