[1m============================= test session starts ==============================[0m
platform darwin -- Python 3.11.7, pytest-8.2.2, pluggy-1.6.0
rootdir: /Users/srujansai/Desktop/NRG
configfile: pytest.ini
plugins: hypothesis-6.100.1, cov-7.1.0, Faker-22.6.0, xdist-3.8.0, rerunfailures-14.0, langsmith-0.7.32, asyncio-1.3.0, anyio-4.13.0
asyncio: mode=Mode.AUTO, debug=False, asyncio_default_fixture_loop_scope=None, asyncio_default_test_loop_scope=function
collected 632 items

tests/security/test_admin_rbac_routes.py [32m.[0m[33m                               [  0%][0m
tests/security/test_adversarial_inputs.py [32m.[0m[32m.[0m[32m.[0m[32m.[0m[32m.[0m[32m.[0m[32m.[0m[32m.[0m[32m.[0m[32m.[0m[32m.[0m[32m.[0m[32m.[0m[32m.[0m[32m.[0m[32m.[0m[32m.[0m[32m.[0m[32m.[0m[32m.[0m[32m.[0m[32m.[0m[32m.[0m[32m.[0m[32m.[0m[32m.[0m[32m.[0m[32m.[0m[32m.[0m[32m.[0m[33m [  4%]
[0m[32m.[0m[32m.[0m[32m.[0m[32m.[0m[32m.[0m[32m.[0m[32m.[0m[32m.[0m[33m                                                                 [  6%][0m
tests/security/test_audit_chain.py [32m.[0m[32m.[0m[32m.[0m[32m.[0m[32m.[0m[32m.[0m[32m.[0m[32m.[0m[32m.[0m[32m.[0m[32m.[0m[32m.[0m[32m.[0m[32m.[0m[32m.[0m[32m.[0m[33m                      [  8%][0m
tests/security/test_data_boundary.py [32m.[0m[33ms[0m[32m.[0m[32m.[0m[32m.[0m[32m.[0m[33m                              [  9%][0m
tests/security/test_egress_allowlist.py [32m.[0m[32m.[0m[32m.[0m[32m.[0m[32m.[0m[32m.[0m[32m.[0m[32m.[0m[32m.[0m[32m.[0m[32m.[0m[32m.[0m[32m.[0m[32m.[0m[32m.[0m[32m.[0m[32m.[0m[32m.[0m[32m.[0m[32m.[0m[32m.[0m[32m.[0m[32m.[0m[32m.[0m[32m.[0m[32m.[0m[32m.[0m[32m.[0m[32m.[0m[32m.[0m[32m.[0m[32m.[0m[33m [ 14%]
[0m[32m.[0m[32m.[0m[32m.[0m[33m                                                                      [ 15%][0m
tests/security/test_egress_guard.py [32m.[0m[32m.[0m[32m.[0m[32m.[0m[32m.[0m[32m.[0m[32m.[0m[32m.[0m[32m.[0m[32m.[0m[32m.[0m[32m.[0m[32m.[0m[33m                        [ 17%][0m
tests/security/test_gateway.py [32m.[0m[32m.[0m[32m.[0m[32m.[0m[32m.[0m[33ms[0m[33ms[0m[33ms[0m[32m.[0m[33m                                 [ 18%][0m
tests/security/test_hmac_validation.py [32m.[0m[32m.[0m[32m.[0m[32m.[0m[32m.[0m[32m.[0m[32m.[0m[33m                           [ 19%][0m
tests/security/test_kong_dlp_runtime.py [33ms[0m[33ms[0m[33ms[0m[33ms[0m[33ms[0m[33m                            [ 20%][0m
tests/security/test_p0_security_regressions.py [32m.[0m[32m.[0m[32m.[0m[32m.[0m[32m.[0m[32m.[0m[33m                    [ 21%][0m
tests/security/test_per_user_audit_binding.py [32m.[0m[32m.[0m[32m.[0m[32m.[0m[32m.[0m[32m.[0m[32m.[0m[32m.[0m[32m.[0m[32m.[0m[32m.[0m[32m.[0m[32m.[0m[32m.[0m[32m.[0m[32m.[0m[32m.[0m[32m.[0m[32m.[0m[32m.[0m[32m.[0m[32m.[0m[32m.[0m[32m.[0m[32m.[0m[32m.[0m[33m [ 25%]
[0m[32m.[0m[32m.[0m[32m.[0m[32m.[0m[33m                                                                     [ 26%][0m
tests/security/test_pii_compliance.py [32m.[0m[32m.[0m[32m.[0m[32m.[0m[32m.[0m[32m.[0m[32m.[0m[32m.[0m[32m.[0m[32m.[0m[33m                         [ 27%][0m
tests/security/test_pii_indian.py [32m.[0m[32m.[0m[32m.[0m[32m.[0m[32m.[0m[32m.[0m[32m.[0m[32m.[0m[32m.[0m[32m.[0m[32m.[0m[32m.[0m[32m.[0m[33m                          [ 29%][0m
tests/security/test_pii_scan.py [32m.[0m[32m.[0m[33m                                       [ 30%][0m
tests/security/test_postgresql_rbac.py [32m.[0m[32m.[0m[32m.[0m[32m.[0m[33m                              [ 30%][0m
tests/security/test_prompt_injection.py [32m.[0m[32m.[0m[32m.[0m[33m                              [ 31%][0m
tests/security/test_prompt_sanitiser_middleware.py [32m.[0m[32m.[0m[33m                    [ 31%][0m
tests/security/test_qdrant_rbac.py [32m.[0m[32m.[0m[32m.[0m[32m.[0m[32m.[0m[32m.[0m[32m.[0m[32m.[0m[32m.[0m[32m.[0m[33m                            [ 33%][0m
tests/security/test_rate_limit_enforced.py [33ms[0m[32m.[0m[32m.[0m[32m.[0m[32m.[0m[32m.[0m[33m                        [ 34%][0m
tests/security/test_rbac.py [32m.[0m[33ms[0m[32m.[0m[33ms[0m[33m                                         [ 34%][0m
tests/security/test_rbac_isolation.py [32m.[0m[32m.[0m[32m.[0m[32m.[0m[32m.[0m[33m                              [ 35%][0m
tests/security/test_rbac_middleware.py [32m.[0m[32m.[0m[32m.[0m[32m.[0m[32m.[0m[32m.[0m[32m.[0m[32m.[0m[32m.[0m[32m.[0m[32m.[0m[32m.[0m[33m                      [ 37%][0m
tests/security/test_rbac_policies.py [32m.[0m[32m.[0m[32m.[0m[32m.[0m[32m.[0m[32m.[0m[32m.[0m[32m.[0m[32m.[0m[32m.[0m[32m.[0m[32m.[0m[32m.[0m[32m.[0m[32m.[0m[32m.[0m[32m.[0m[32m.[0m[32m.[0m[32m.[0m[32m.[0m[32m.[0m[32m.[0m[32m.[0m[32m.[0m[32m.[0m[33m          [ 41%][0m
tests/security/test_red_team_v41.py [32m.[0m[32m.[0m[32m.[0m[32m.[0m[32m.[0m[32m.[0m[32m.[0m[32m.[0m[32m.[0m[32m.[0m[32m.[0m[32m.[0m[32m.[0m[32m.[0m[32m.[0m[32m.[0m[32m.[0m[32m.[0m[32m.[0m[32m.[0m[32m.[0m[32m.[0m[32m.[0m[32m.[0m[32m.[0m[32m.[0m[32m.[0m[32m.[0m[32m.[0m[32m.[0m[33m       [ 46%][0m
tests/security/test_request_signer_constant_time.py [32m.[0m[33m                    [ 46%][0m
tests/security/test_sanitiser.py [32m.[0m[32m.[0m[32m.[0m[32m.[0m[32m.[0m[32m.[0m[32m.[0m[32m.[0m[32m.[0m[32m.[0m[32m.[0m[32m.[0m[32m.[0m[32m.[0m[32m.[0m[32m.[0m[32m.[0m[32m.[0m[32m.[0m[32m.[0m[32m.[0m[32m.[0m[32m.[0m[32m.[0m[32m.[0m[32m.[0m[32m.[0m[32m.[0m[32m.[0m[32m.[0m[32m.[0m[32m.[0m[32m.[0m[32m.[0m[32m.[0m[32m.[0m[32m.[0m[32m.[0m[32m.[0m[33m [ 52%]
[0m[32m.[0m[32m.[0m[32m.[0m[32m.[0m[32m.[0m[32m.[0m[32m.[0m[32m.[0m[33m                                                                 [ 53%][0m
tests/security/test_sanitiser_extended.py [32m.[0m[32m.[0m[32m.[0m[32m.[0m[32m.[0m[32m.[0m[32m.[0m[32m.[0m[32m.[0m[32m.[0m[32m.[0m[32m.[0m[32m.[0m[32m.[0m[32m.[0m[32m.[0m[32m.[0m[32m.[0m[32m.[0m[32m.[0m[32m.[0m[32m.[0m[32m.[0m[32m.[0m[32m.[0m[32m.[0m[32m.[0m[32m.[0m[32m.[0m[32m.[0m[33m [ 58%]
[0m[32m.[0m[32m.[0m[32m.[0m[32m.[0m[33m                                                                     [ 59%][0m
tests/security/test_security_hardening.py [32m.[0m[32m.[0m[32m.[0m[32m.[0m[32m.[0m[32m.[0m[32m.[0m[32m.[0m[32m.[0m[32m.[0m[32m.[0m[32m.[0m[32m.[0m[32m.[0m[32m.[0m[33m                [ 61%][0m
tests/security/test_security_regression.py [32m.[0m[32m.[0m[32m.[0m[32m.[0m[32m.[0m[32m.[0m[32m.[0m[32m.[0m[32m.[0m[32m.[0m[32m.[0m[32m.[0m[32m.[0m[32m.[0m[32m.[0m[32m.[0m[32m.[0m[32m.[0m[32m.[0m[32m.[0m[32m.[0m[32m.[0m[32m.[0m[32m.[0m[32m.[0m[32m.[0m[32m.[0m[32m.[0m[32m.[0m[33m [ 66%]
[0m[32m.[0m[32m.[0m[32m.[0m[32m.[0m[32m.[0m[32m.[0m[32m.[0m[32m.[0m[32m.[0m[32m.[0m[32m.[0m[32m.[0m[32m.[0m[32m.[0m[32m.[0m[32m.[0m[32m.[0m[32m.[0m[32m.[0m[32m.[0m[32m.[0m[32m.[0m[32m.[0m[32m.[0m[32m.[0m[32m.[0m[32m.[0m[32m.[0m[32m.[0m[32m.[0m[32m.[0m[32m.[0m[32m.[0m[32m.[0m[32m.[0m[32m.[0m[32m.[0m[32m.[0m[32m.[0m[32m.[0m[32m.[0m[32m.[0m[32m.[0m[32m.[0m[32m.[0m[32m.[0m[32m.[0m[32m.[0m[32m.[0m[32m.[0m[32m.[0m[32m.[0m[32m.[0m[32m.[0m[32m.[0m[32m.[0m[32m.[0m[32m.[0m[32m.[0m[32m.[0m[32m.[0m[32m.[0m[32m.[0m[32m.[0m[32m.[0m[32m.[0m[32m.[0m[32m.[0m[32m.[0m[32m.[0m[32m.[0m[32m.[0m[33m [ 77%]
[0m[32m.[0m[32m.[0m[32m.[0m[32m.[0m[32m.[0m[32m.[0m[32m.[0m[32m.[0m[32m.[0m[32m.[0m[32m.[0m[32m.[0m[32m.[0m[32m.[0m[32m.[0m[32m.[0m[32m.[0m[32m.[0m[32m.[0m[32m.[0m[32m.[0m[32m.[0m[32m.[0m[32m.[0m[32m.[0m[32m.[0m[32m.[0m[32m.[0m[32m.[0m[32m.[0m[32m.[0m[32m.[0m[32m.[0m[32m.[0m[32m.[0m[32m.[0m[32m.[0m[32m.[0m[32m.[0m[32m.[0m[32m.[0m[32m.[0m[32m.[0m[32m.[0m[32m.[0m[32m.[0m[32m.[0m[32m.[0m[32m.[0m[32m.[0m[33m                       [ 85%][0m
tests/security/test_sql_injection.py [32m.[0m[32m.[0m[32m.[0m[32m.[0m[32m.[0m[32m.[0m[32m.[0m[32m.[0m[32m.[0m[32m.[0m[32m.[0m[32m.[0m[32m.[0m[32m.[0m[33m                      [ 87%][0m
tests/security/test_sql_injection_blocked.py [32m.[0m[32m.[0m[32m.[0m[32m.[0m[32m.[0m[32m.[0m[32m.[0m[32m.[0m[32m.[0m[32m.[0m[32m.[0m[32m.[0m[32m.[0m[32m.[0m[32m.[0m[32m.[0m[32m.[0m[33m           [ 90%][0m
tests/security/test_temporal_rbac.py [32m.[0m[32m.[0m[32m.[0m[32m.[0m[32m.[0m[32m.[0m[32m.[0m[32m.[0m[32m.[0m[32m.[0m[32m.[0m[33m                         [ 92%][0m
tests/security/test_tier_filtering_properties.py [32m.[0m[32m.[0m[32m.[0m[32m.[0m[32m.[0m[32m.[0m[32m.[0m[32m.[0m[32m.[0m[32m.[0m[32m.[0m[32m.[0m[32m.[0m[32m.[0m[33m          [ 94%][0m
tests/security/test_tier_generalization.py [32m.[0m[32m.[0m[32m.[0m[32m.[0m[32m.[0m[32m.[0m[32m.[0m[32m.[0m[32m.[0m[32m.[0m[32m.[0m[32m.[0m[32m.[0m[32m.[0m[32m.[0m[32m.[0m[32m.[0m[32m.[0m[32m.[0m[32m.[0m[32m.[0m[32m.[0m[32m.[0m[33m       [ 98%][0m
tests/security/test_xss_sanitiser.py [32m.[0m[32m.[0m[32m.[0m[32m.[0m[33m                                [ 98%][0m
tests/security/test_zero_leakage.py [32m.[0m[32m.[0m[32m.[0m[32m.[0m[32m.[0m[33ms[0m[32m.[0m[32m.[0m[33m                             [100%][0m

[33m=============================== warnings summary ===============================[0m
tests/security/test_admin_rbac_routes.py: 1 warning
tests/security/test_adversarial_inputs.py: 36 warnings
tests/security/test_hmac_validation.py: 7 warnings
tests/security/test_rate_limit_enforced.py: 5 warnings
tests/security/test_security_hardening.py: 13 warnings
tests/security/test_sql_injection.py: 14 warnings
tests/security/test_sql_injection_blocked.py: 17 warnings
tests/security/test_tier_filtering_properties.py: 13 warnings
  /Users/srujansai/Desktop/NRG/.venv/lib/python3.11/site-packages/fastapi/routing.py:120: FastAPIDeprecationWarning: ORJSONResponse is deprecated, FastAPI now serializes data directly to JSON bytes via Pydantic when a return type or response model is set, which is faster and doesn't need a custom response class. Read more in the FastAPI docs: https://fastapi.tiangolo.com/advanced/custom-response/#orjson-or-response-model and https://fastapi.tiangolo.com/tutorial/response-model/
    response = await f(request)

tests/security/test_red_team_v41.py::test_rt07_jwt_key_confusion
  /Users/srujansai/Desktop/NRG/.venv/lib/python3.11/site-packages/jwt/api_jwt.py:147: InsecureKeyLengthWarning: The HMAC key is 15 bytes long, which is below the minimum recommended length of 32 bytes for SHA256. See RFC 7518 Section 3.2.
    return self._jws.encode(

tests/security/test_security_regression.py::TestTokenReplayDetection::test_same_ip_allows_same_token
tests/security/test_security_regression.py::TestTokenReplayDetection::test_different_ip_triggers_replay_detection
tests/security/test_security_regression.py::TestTokenReplayDetection::test_revoked_token_rejected
  /Users/srujansai/Desktop/NRG/.venv/lib/python3.11/site-packages/jwt/api_jwt.py:147: InsecureKeyLengthWarning: The HMAC key is 18 bytes long, which is below the minimum recommended length of 32 bytes for SHA256. See RFC 7518 Section 3.2.
    return self._jws.encode(

tests/security/test_security_regression.py::TestTokenReplayDetection::test_same_ip_allows_same_token
tests/security/test_security_regression.py::TestTokenReplayDetection::test_different_ip_triggers_replay_detection
tests/security/test_security_regression.py::TestTokenReplayDetection::test_revoked_token_rejected
  /Users/srujansai/Desktop/NRG/.venv/lib/python3.11/site-packages/jwt/api_jwt.py:365: InsecureKeyLengthWarning: The HMAC key is 18 bytes long, which is below the minimum recommended length of 32 bytes for SHA256. See RFC 7518 Section 3.2.
    decoded = self.decode_complete(

tests/security/test_security_regression.py::TestJWTHardening::test_token_has_kid_claim
tests/security/test_security_regression.py::TestJWTHardening::test_token_has_aud_claim
tests/security/test_security_regression.py::TestJWTHardening::test_token_has_jti_claim
tests/security/test_security_regression.py::TestJWTHardening::test_token_has_nbf_claim
tests/security/test_security_regression.py::TestJWTHardening::test_token_has_tier_claim
tests/security/test_security_regression.py::TestJWTHardening::test_refresh_token_has_kid
  /Users/srujansai/Desktop/NRG/.venv/lib/python3.11/site-packages/jwt/api_jwt.py:147: InsecureKeyLengthWarning: The HMAC key is 25 bytes long, which is below the minimum recommended length of 32 bytes for SHA256. See RFC 7518 Section 3.2.
    return self._jws.encode(

tests/security/test_security_regression.py::TestJWTHardening::test_token_has_kid_claim
tests/security/test_security_regression.py::TestJWTHardening::test_token_has_aud_claim
tests/security/test_security_regression.py::TestJWTHardening::test_token_has_jti_claim
tests/security/test_security_regression.py::TestJWTHardening::test_token_has_nbf_claim
tests/security/test_security_regression.py::TestJWTHardening::test_token_has_tier_claim
tests/security/test_security_regression.py::TestJWTHardening::test_refresh_token_has_kid
  /Users/srujansai/Desktop/NRG/.venv/lib/python3.11/site-packages/jwt/api_jwt.py:365: InsecureKeyLengthWarning: The HMAC key is 25 bytes long, which is below the minimum recommended length of 32 bytes for SHA256. See RFC 7518 Section 3.2.
    decoded = self.decode_complete(

tests/security/test_security_regression.py::TestJWTRefreshRotation::test_refresh_token_issued
tests/security/test_security_regression.py::TestJWTRefreshRotation::test_second_refresh_revokes_first
tests/security/test_security_regression.py::TestJWTRefreshRotation::test_revoked_refresh_rejected
  /Users/srujansai/Desktop/NRG/.venv/lib/python3.11/site-packages/jwt/api_jwt.py:147: InsecureKeyLengthWarning: The HMAC key is 21 bytes long, which is below the minimum recommended length of 32 bytes for SHA256. See RFC 7518 Section 3.2.
    return self._jws.encode(

tests/security/test_security_regression.py::TestJWTRefreshRotation::test_refresh_token_issued
tests/security/test_security_regression.py::TestJWTRefreshRotation::test_second_refresh_revokes_first
tests/security/test_security_regression.py::TestJWTRefreshRotation::test_revoked_refresh_rejected
  /Users/srujansai/Desktop/NRG/.venv/lib/python3.11/site-packages/jwt/api_jwt.py:365: InsecureKeyLengthWarning: The HMAC key is 21 bytes long, which is below the minimum recommended length of 32 bytes for SHA256. See RFC 7518 Section 3.2.
    decoded = self.decode_complete(

-- Docs: https://docs.pytest.org/en/stable/how-to/capture-warnings.html
[33m================ [32m619 passed[0m, [33m[1m13 skipped[0m, [33m[1m131 warnings[0m[33m in 34.88s[0m[33m ================[0m
