/Users/srujansai/Desktop/NRG/.venv/lib/python3.11/site-packages/pytest_asyncio/plugin.py:247: PytestDeprecationWarning: The configuration option "asyncio_default_fixture_loop_scope" is unset.
The event loop scope for asynchronous fixtures will default to the fixture caching scope. Future versions of pytest-asyncio will default the loop scope for asynchronous fixtures to function scope. Set the default fixture loop scope explicitly in order to avoid unexpected behavior in the future. Valid fixture loop scopes are: "function", "class", "module", "package", "session"

  warnings.warn(PytestDeprecationWarning(_DEFAULT_FIXTURE_LOOP_SCOPE_UNSET))
[1m============================= test session starts ==============================[0m
platform darwin -- Python 3.11.7, pytest-8.2.2, pluggy-1.6.0
rootdir: /Users/srujansai/Desktop/NRG
configfile: pytest.ini
plugins: hypothesis-6.100.1, cov-7.1.0, Faker-22.6.0, xdist-3.8.0, rerunfailures-14.0, langsmith-0.7.32, asyncio-1.3.0, anyio-4.13.0
asyncio: mode=Mode.AUTO, debug=False, asyncio_default_fixture_loop_scope=None, asyncio_default_test_loop_scope=function
collected 51 items / 10 deselected / 41 selected

tests/api/test_audit_event_endpoint.py [32m.[0m[32m.[0m[32m.[0m[32m                               [  7%][0m
tests/api/test_langgraph_api.py [32m.[0m[32m.[0m[32m.[0m[32m.[0m[32m.[0m[32m.[0m[32m.[0m[32m.[0m[32m.[0m[32m.[0m[32m.[0m[31mF[0m[32m.[0m[32m.[0m[32m.[0m[32m.[0m[32m.[0m[32m.[0m[32m.[0m[32m.[0m[32m.[0m[32m.[0m[32m.[0m[32m.[0m[32m.[0m[32m.[0m[32m.[0m[32m.[0m[32m.[0m[32m.[0m[31m           [ 80%][0m
tests/api/test_query_security_validation.py [32m.[0m[32m.[0m[32m.[0m[32m.[0m[32m.[0m[32m.[0m[32m.[0m[31mF[0m[31m                     [100%][0m

=================================== FAILURES ===================================
[31m[1m__________ test_query_endpoint_contract_contains_stable_answer_fields __________[0m
[1m[31mtests/api/test_langgraph_api.py[0m:336: in test_query_endpoint_contract_contains_stable_answer_fields
    [0m[94massert[39;49;00m response.status_code == [94m200[39;49;00m, response.text[90m[39;49;00m
[1m[31mE   AssertionError: {"detail":"StructuredLogger.debug() takes 2 positional arguments but 3 were given"}[0m
[1m[31mE   assert 500 == 200[0m
[1m[31mE    +  where 500 = <Response [500 Internal Server Error]>.status_code[0m
----------------------------- Captured stdout call -----------------------------
{"timestamp": "2026-05-01T21:34:24.966208+00:00", "level": "INFO", "logger": "httpx", "message": "HTTP Request: POST http://testserver/login \"HTTP/1.1 200 OK\"", "module": "_client", "function": "_send_single_request", "line": 1025, "process_id": 10576, "thread_id": 8413098240, "extra": {}}
{"timestamp": "2026-05-01T21:34:24.968825+00:00", "level": "ERROR", "logger": "src.api.main", "message": "Workflow execution error: StructuredLogger.debug() takes 2 positional arguments but 3 were given", "module": "logging_config", "function": "_log", "line": 68, "process_id": 10576, "thread_id": 6203748352, "extra": {}}
{"timestamp": "2026-05-01T21:34:24.968981+00:00", "level": "INFO", "logger": "src.api.main", "message": "request completed", "module": "logging_config", "function": "_log", "line": 68, "process_id": 10576, "thread_id": 6203748352, "extra": {}}
{"timestamp": "2026-05-01T21:34:24.969854+00:00", "level": "INFO", "logger": "httpx", "message": "HTTP Request: POST http://testserver/query \"HTTP/1.1 500 Internal Server Error\"", "module": "_client", "function": "_send_single_request", "line": 1025, "process_id": 10576, "thread_id": 8413098240, "extra": {}}
------------------------------ Captured log call -------------------------------
[32mINFO    [0m httpx:_client.py:1025 HTTP Request: POST http://testserver/login "HTTP/1.1 200 OK"
[1m[31mERROR   [0m src.api.main:logging_config.py:68 Workflow execution error: StructuredLogger.debug() takes 2 positional arguments but 3 were given
[32mINFO    [0m src.api.main:logging_config.py:68 request completed
[32mINFO    [0m httpx:_client.py:1025 HTTP Request: POST http://testserver/query "HTTP/1.1 500 Internal Server Error"
[31m[1m_____________ test_pii_redaction_covers_response_and_final_answer ______________[0m
[1m[31mtests/api/test_query_security_validation.py[0m:197: in test_pii_redaction_covers_response_and_final_answer
    [0mredacted, redacted_types = redactor(payload)[90m[39;49;00m
[1m[31msrc/api/query_response_utils.py[0m:74: in redact_pii_from_response
    [0mlogger.debug([33m"[39;49;00m[33mPII redaction applied to response: [39;49;00m[33m%s[39;49;00m[33m"[39;49;00m, redacted_types)[90m[39;49;00m
[1m[31mE   TypeError: StructuredLogger.debug() takes 2 positional arguments but 3 were given[0m
[36m[1m=========================== short test summary info ============================[0m
[31mFAILED[0m tests/api/test_langgraph_api.py::[1mtest_query_endpoint_contract_contains_stable_answer_fields[0m - AssertionError: {"detail":"StructuredLogger.debug() takes 2 positional argu...
[31mFAILED[0m tests/api/test_query_security_validation.py::[1mtest_pii_redaction_covers_response_and_final_answer[0m - TypeError: StructuredLogger.debug() takes 2 positional arguments but 3 were...
[31m================= [31m[1m2 failed[0m, [32m39 passed[0m, [33m10 deselected[0m[31m in 3.13s[0m[31m ==================[0m
