npm warn ERESOLVE overriding peer dependency
npm warn While resolving: react-reconciler@0.26.2
npm warn Found: react@18.3.1
npm warn node_modules/react
npm warn   react@"^18.2.0" from the root project
npm warn   90 more (@emotion/use-insertion-effect-with-fallbacks, ...)
npm warn
npm warn Could not resolve dependency:
npm warn peer react@"^17.0.2" from react-reconciler@0.26.2
npm warn node_modules/react-reconciler
npm warn   react-reconciler@"^0.26.2" from ink@3.2.0
npm warn   node_modules/ink
npm warn
npm warn Conflicting peer dependency: react@17.0.2
npm warn node_modules/react
npm warn   peer react@"^17.0.2" from react-reconciler@0.26.2
npm warn   node_modules/react-reconciler
npm warn     react-reconciler@"^0.26.2" from ink@3.2.0
npm warn     node_modules/ink
npm warn deprecated tar@6.2.1: Old versions of tar are not supported, and contain widely publicized security vulnerabilities, which have been fixed in the current version. Please update. Support for old versions may be purchased (at exorbitant rates) by contacting i@izs.me
npm warn deprecated querystring@0.2.0: The querystring API is considered Legacy. new code should use the URLSearchParams API instead.
npm warn deprecated gm@1.25.1: The gm module has been sunset. Please migrate to an alternative. https://github.com/aheckmann/gm?tab=readme-ov-file#2025-02-24-this-project-is-not-maintained
npm warn deprecated eslint@8.57.1: This version is no longer supported. Please see https://eslint.org/version-support for other options.
npm warn deprecated aws-sdk@2.1693.0: The AWS SDK for JavaScript (v2) has reached end-of-support, and no longer receives updates. Please migrate your code to use AWS SDK for JavaScript (v3). More info https://a.co/cUPnyil
npm warn deprecated @babel/plugin-proposal-object-rest-spread@7.20.7: This proposal has been merged to the ECMAScript standard and thus this plugin is no longer maintained. Please use @babel/plugin-transform-object-rest-spread instead.
npm warn deprecated rimraf@2.6.3: Rimraf versions prior to v4 are no longer supported
npm warn deprecated uuid@3.4.0: Please upgrade  to version 7 or higher.  Older versions may use Math.random() in certain circumstances, which is known to be problematic.  See https://v8.dev/blog/math-random for details.
npm warn deprecated rimraf@2.7.1: Rimraf versions prior to v4 are no longer supported
npm warn deprecated glob@10.5.0: Old versions of glob are not supported, and contain widely publicized security vulnerabilities, which have been fixed in the current version. Please update. Support for old versions may be purchased (at exorbitant rates) by contacting i@izs.me

added 1347 packages, and audited 1348 packages in 8m

217 packages are looking for funding
  run `npm fund` for details

39 vulnerabilities (6 low, 23 moderate, 10 high)

To address issues that do not require attention, run:
  npm audit fix

To address all issues (including breaking changes), run:
  npm audit fix --force

Run `npm audit` for details.
npm notice
npm notice New minor version of npm available! 11.11.1 -> 11.13.0
npm notice Changelog: https://github.com/npm/cli/releases/tag/v11.13.0
npm notice To update run: npm install -g npm@11.13.0
npm notice
