[2026-05-07 01:28:20,236] MacBook-Air/INFO/locust.main: Starting Locust 2.39.1
[2026-05-07 01:28:20,237] MacBook-Air/INFO/locust.main: Run time limit set to 5 seconds
Type     Name                                                                          # reqs      # fails |    Avg     Min     Max    Med |   req/s  failures/s
--------|----------------------------------------------------------------------------|-------|-------------|-------|-------|-------|-------|--------|-----------
--------|----------------------------------------------------------------------------|-------|-------------|-------|-------|-------|-------|--------|-----------
         Aggregated                                                                         0     0(0.00%) |      0       0       0      0 |    0.00        0.00

[2026-05-07 01:28:20,239] MacBook-Air/DEBUG/root: Terminal was not a tty. Keyboard input disabled
[2026-05-07 01:28:20,239] MacBook-Air/INFO/locust.runners: Ramping to 1 users at a rate of 1.00 per second
[2026-05-07 01:28:20,240] MacBook-Air/DEBUG/locust.runners: Ramping to {"C4AdversarialUser": 0, "C4FastPathUser": 1, "C4FullPathUser": 0} (1 total users)
[2026-05-07 01:28:20,240] MacBook-Air/DEBUG/locust.runners: Spawning additional {"C4FastPathUser": 1} ({"C4FastPathUser": 0, "C4FullPathUser": 0, "C4AdversarialUser": 0} already running)...
[2026-05-07 01:28:20,240] MacBook-Air/DEBUG/locust.runners: 1 users spawned
[2026-05-07 01:28:20,240] MacBook-Air/DEBUG/locust.runners: All users of class C4FastPathUser spawned
[2026-05-07 01:28:20,240] MacBook-Air/DEBUG/locust.runners: 0 users have been stopped, 1 still running
[2026-05-07 01:28:20,240] MacBook-Air/INFO/locust.runners: All users spawned: {"C4AdversarialUser": 0, "C4FastPathUser": 1, "C4FullPathUser": 0} (1 total users)
Type     Name                                                                          # reqs      # fails |    Avg     Min     Max    Med |   req/s  failures/s
--------|----------------------------------------------------------------------------|-------|-------------|-------|-------|-------|-------|--------|-----------
POST     /query::researcher                                                                 4     0(0.00%) |      8       2      20      4 |    0.00        0.00
--------|----------------------------------------------------------------------------|-------|-------------|-------|-------|-------|-------|--------|-----------
         Aggregated                                                                         4     0(0.00%) |      8       2      20      4 |    0.00        0.00

Type     Name                                                                          # reqs      # fails |    Avg     Min     Max    Med |   req/s  failures/s
--------|----------------------------------------------------------------------------|-------|-------------|-------|-------|-------|-------|--------|-----------
POST     /query::researcher                                                                 7     0(0.00%) |      8       2      20      5 |    1.50        0.00
--------|----------------------------------------------------------------------------|-------|-------------|-------|-------|-------|-------|--------|-----------
         Aggregated                                                                         7     0(0.00%) |      8       2      20      5 |    1.50        0.00

[2026-05-07 01:28:24,725] MacBook-Air/INFO/locust.main: --run-time limit reached, shutting down
[2026-05-07 01:28:24,773] MacBook-Air/DEBUG/locust.runners: Stopping all users (called from /Users/srujansai/Desktop/NRG/.venv/lib/python3.11/site-packages/locust/runners.py:551)
[2026-05-07 01:28:24,773] MacBook-Air/DEBUG/locust.runners: Stopping Greenlet-0
[2026-05-07 01:28:24,774] MacBook-Air/DEBUG/locust.runners: 1 users have been stopped, 0 still running
[2026-05-07 01:28:24,775] MacBook-Air/DEBUG/locust.main: Running teardowns...
[2026-05-07 01:28:24,775] MacBook-Air/INFO/locust.main: Shutting down (exit code 0)
[2026-05-07 01:28:24,775] MacBook-Air/DEBUG/locust.main: Cleaning up runner...
Type     Name                                                                          # reqs      # fails |    Avg     Min     Max    Med |   req/s  failures/s
--------|----------------------------------------------------------------------------|-------|-------------|-------|-------|-------|-------|--------|-----------
POST     /query::researcher                                                                 8     0(0.00%) |      7       2      20      5 |    1.88        0.00
--------|----------------------------------------------------------------------------|-------|-------------|-------|-------|-------|-------|--------|-----------
         Aggregated                                                                         8     0(0.00%) |      7       2      20      5 |    1.88        0.00

Response time percentiles (approximated)
Type     Name                                                                                  50%    66%    75%    80%    90%    95%    98%    99%  99.9% 99.99%   100% # reqs
--------|--------------------------------------------------------------------------------|--------|------|------|------|------|------|------|------|------|------|------|------
POST     /query::researcher                                                                      6      7     15     15     21     21     21     21     21     21     21      8
--------|--------------------------------------------------------------------------------|--------|------|------|------|------|------|------|------|------|------|------|------
         Aggregated                                                                              6      7     15     15     21     21     21     21     21     21     21      8


============================================================
C4 LOAD TEST — RESPONSE TIME DISTRIBUTION
============================================================
  Total samples :          8
  Mean          :        7.9 ms
  Median (P50)  :        5.6 ms
  P90           :       20.9 ms
  P95           :       20.9 ms
  P99           :       20.9 ms  ← C4 SLO target < 500 ms
  P99.9         :       20.9 ms
  Max           :       20.9 ms
============================================================
✅ C4 PASS — P99 20.9ms < 500ms SLO
============================================================
