1: hash=46e3323a74eb9eb7... signer=NONE type=chain_genesis
2: hash=84b1de1de030d6a8... signer=NONE type=query
3: hash=40a6e20e9a37a10c... signer=NONE type=query
4: hash=522fd3d201caf670... signer=NONE type=query
5: hash=3c449f215c0adc8f... signer=NONE type=query
6: hash=65b86c780c46a827... signer=NONE type=query
7: hash=956cb00c316b66ad... signer=NONE type=query
8: hash=21ce8b6425e16156... signer=NONE type=query
9: hash=7eaf8b6277e870ff... signer=NONE type=query
10: hash=54c66c61c89bb503... signer=NONE type=query
11: hash=45c5b11d515c7a8f... signer=NONE type=query
12: hash=e7e0fd6d6bc9fafe... signer=NONE type=egress_block
13: hash=02871212d829db76... signer=NONE type=query
14: hash=2a6b1a35f8c2a627... signer=NONE type=query
15: hash=f615e0a472d7a311... signer=NONE type=query
16: hash=b3fa7b8f2e46b8a4... signer=NONE type=query
17: hash=65217933244d1a08... signer=NONE type=query
18: hash=7aa2e5eac5e04d61... signer=NONE type=query
19: hash=d9186e46efcdf3d8... signer=NONE type=query
20: hash=570ccb812a8ca1d3... signer=NONE type=query
21: hash=d285576d5e2d22f2... signer=NONE type=query
22: hash=2ae3fcdeb8b19f7a... signer=NONE type=query
23: hash=e949506c46e9b0a0... signer=NONE type=query
24: hash=998f05a4fe309de7... signer=NONE type=query
25: hash=6c47ad82c7d55b0f... signer=NONE type=query
26: hash=9dc4122368416a8f... signer=NONE type=query
27: hash=cfd74dad94c765a7... signer=NONE type=query
28: hash=fc78f46ea4b33733... signer=NONE type=query
29: hash=a8cceb09f06c31b7... signer=NONE type=query
30: hash=2358819db4b87141... signer=NONE type=query
31: hash=77b7515168e54ccd... signer=NONE type=query
32: hash=aa00968f627f6c30... signer=NONE type=query
33: hash=aaf72849062c789b... signer=NONE type=query
34: hash=623e26d1235bddc4... signer=NONE type=query
35: hash=828f39495f70372f... signer=NONE type=query
36: hash=ee8e4e6a4d4b1258... signer=NONE type=query
37: hash=857dac31a9d20b2f... signer=NONE type=query
38: hash=802c80bcb251941a... signer=NONE type=query
39: hash=13c50fe63bf908e1... signer=NONE type=query
40: hash=caea85872f8ca7ac... signer=NONE type=query
... truncated: middle entries omitted from evidence log ...
609803: hash=9171a5cf79f07a66... signer=NONE type=anomaly_detected
609804: hash=944622deefaf4995... signer=NONE type=anomaly_detected
609805: hash=d6b53216344b45d0... signer=NONE type=anomaly_detected
609806: hash=9c96b712182248ad... signer=NONE type=pii_strip:tier3:debug_trace
609807: hash=539708fb5d90455c... signer=NONE type=pii_strip:tier3:debug_trace
609808: hash=f2c5ae5e85760879... signer=NONE type=pii_strip:tier3:debug_trace
609809: hash=314f955dcba06070... signer=NONE type=pii_strip:tier3:debug_trace
609810: hash=75bd43b9e586f728... signer=NONE type=anomaly_detected
