
> nrg-frontend@1.0.0 build
> tsc && vite build --emptyOutDir

vite v6.4.2 building for production...
transforming...
✓ 2581 modules transformed.
rendering chunks...
computing gzip size...
../dist/frontend/index.html                                7.87 kB │ gzip:  2.52 kB
../dist/frontend/assets/index-Ddd5376G.css                75.84 kB │ gzip: 14.24 kB
../dist/frontend/assets/queryClient-BjeHxy5e.js            0.28 kB │ gzip:  0.23 kB │ map:     0.67 kB
../dist/frontend/assets/vendor-clsx-BeLtu-UY.js            0.42 kB │ gzip:  0.28 kB │ map:     1.15 kB
../dist/frontend/assets/vendor-victory-DhT4J5Rs.js         0.87 kB │ gzip:  0.48 kB │ map:     0.11 kB
../dist/frontend/assets/app-DkFVUreU.js                    2.30 kB │ gzip:  1.13 kB │ map:     1.76 kB
../dist/frontend/assets/vendor-zustand-fm80RHr8.js         2.75 kB │ gzip:  1.33 kB │ map:    23.62 kB
../dist/frontend/assets/ThemeProvider-hqTY15vb.js          3.82 kB │ gzip:  1.54 kB │ map:    13.16 kB
../dist/frontend/assets/AuditEvent-BIsY0xRE.js             4.09 kB │ gzip:  1.57 kB │ map:     8.84 kB
../dist/frontend/assets/FounderDashboard-CH18Yc7H.js      14.22 kB │ gzip:  3.55 kB │ map:    27.27 kB
../dist/frontend/assets/GraphView-Bd7-gC5k.js             14.32 kB │ gzip:  4.29 kB │ map:    38.20 kB
../dist/frontend/assets/vendor-lucide-_Xi-3bPy.js         14.98 kB │ gzip:  5.12 kB │ map:    55.86 kB
../dist/frontend/assets/vendor-twmerge-BipO4l-O.js        20.45 kB │ gzip:  6.59 kB │ map:   101.35 kB
../dist/frontend/assets/ProductionWorkspace-C1Q0nwD6.js   23.65 kB │ gzip:  5.57 kB │ map:    57.85 kB
../dist/frontend/assets/IndustryDashboard-B73-pzE1.js     24.02 kB │ gzip:  7.00 kB │ map:    54.99 kB
../dist/frontend/assets/GovernmentDashboard-SSD-n1IL.js   33.05 kB │ gzip:  8.95 kB │ map:    92.40 kB
../dist/frontend/assets/ResearcherDashboard-Bj4rAsGS.js   40.86 kB │ gzip: 11.11 kB │ map:    95.34 kB
../dist/frontend/assets/vendor-axios-D_ORNewt.js          41.64 kB │ gzip: 15.86 kB │ map:   205.33 kB
../dist/frontend/assets/vendor-tanstack-vqK3bN5H.js       53.37 kB │ gzip: 15.29 kB │ map:   204.44 kB
../dist/frontend/assets/emptyResults-CGfLKY3M.js          73.10 kB │ gzip: 19.46 kB │ map:   195.84 kB
../dist/frontend/assets/vendor-motion-rrFnO_qW.js        114.41 kB │ gzip: 36.68 kB │ map:   635.04 kB
../dist/frontend/assets/vendor-d3-D78Ivw5d.js            117.31 kB │ gzip: 36.72 kB │ map:   496.69 kB
../dist/frontend/assets/vendor-react-B6-lm7xQ.js         140.98 kB │ gzip: 45.56 kB │ map:   351.27 kB
../dist/frontend/assets/App-DMeOoxC8.js                  148.23 kB │ gzip: 38.49 kB │ map:   353.80 kB
../dist/frontend/assets/vendor-recharts-Cq3bBcMe.js      318.71 kB │ gzip: 87.67 kB │ map: 1,677.52 kB
✓ built in 3m 57s
