[1m============================= test session starts ==============================[0m
platform darwin -- Python 3.14.3, pytest-9.0.3, pluggy-1.6.0
rootdir: /Users/srujansai/Desktop/NRG
configfile: pytest.ini (WARNING: ignoring pytest config in pyproject.toml!)
plugins: Faker-40.15.0, cov-7.1.0, locust-2.43.4, xdist-3.8.0, langsmith-0.7.32, asyncio-1.3.0, hypothesis-6.152.2, anyio-4.13.0
asyncio: mode=Mode.AUTO, debug=False, asyncio_default_fixture_loop_scope=None, asyncio_default_test_loop_scope=function
collected 1 item

tests/api/test_langgraph_api.py [31mF[0m[31m                                        [100%][0m

=================================== FAILURES ===================================
[31m[1m______ test_fast_query_messy_acceptance_set_has_relevant_distinct_routes _______[0m
[1m[31mtests/api/test_langgraph_api.py[0m:377: in test_fast_query_messy_acceptance_set_has_relevant_distinct_routes
    [0m[94massert[39;49;00m payload[[33m"[39;49;00m[33mintent[39;49;00m[33m"[39;49;00m] == expected_intent, query[90m[39;49;00m
[1m[31mE   AssertionError: how many IIT papers published in 2023??[0m
[1m[31mE   assert 'research_output_by_year' == 'publication_count'[0m
[1m[31mE     [0m
[1m[31mE     [0m[91m- publication_count[39;49;00m[90m[39;49;00m[0m
[1m[31mE     [92m+ research_output_by_year[39;49;00m[90m[39;49;00m[0m
[33m=============================== warnings summary ===============================[0m
../../../../Library/Frameworks/Python.framework/Versions/3.14/lib/python3.14/site-packages/langchain_core/_api/deprecation.py:25
  /Library/Frameworks/Python.framework/Versions/3.14/lib/python3.14/site-packages/langchain_core/_api/deprecation.py:25: UserWarning: Core Pydantic V1 functionality isn't compatible with Python 3.14 or greater.
    from pydantic.v1.fields import FieldInfo as FieldInfoV1

-- Docs: https://docs.pytest.org/en/stable/how-to/capture-warnings.html
[36m[1m=========================== short test summary info ============================[0m
[31mFAILED[0m tests/api/test_langgraph_api.py::[1mtest_fast_query_messy_acceptance_set_has_relevant_distinct_routes[0m - AssertionError: how many IIT papers published in 2023??
[31m========================= [31m[1m1 failed[0m, [33m1 warning[0m[31m in 1.45s[0m[31m =========================[0m
