[1m============================= test session starts ==============================[0m
platform darwin -- Python 3.14.3, pytest-9.0.3, pluggy-1.6.0
rootdir: /Users/srujansai/Desktop/NRG
configfile: pytest.ini (WARNING: ignoring pytest config in pyproject.toml!)
plugins: Faker-40.15.0, cov-7.1.0, locust-2.43.4, xdist-3.8.0, langsmith-0.7.32, asyncio-1.3.0, hypothesis-6.152.2, anyio-4.13.0
asyncio: mode=Mode.AUTO, debug=False, asyncio_default_fixture_loop_scope=None, asyncio_default_test_loop_scope=function
collected 1 item

tests/integration/test_pipeline_e2e.py [31mF[0m[31m                                 [100%][0m

=================================== FAILURES ===================================
[31m[1m_________________ test_pipeline_sql_path_number_with_citation __________________[0m
[1m[31mtests/integration/test_pipeline_e2e.py[0m:68: in test_pipeline_sql_path_number_with_citation
    [0m_assert_has_citation(response)[90m[39;49;00m
[1m[31mtests/integration/test_pipeline_e2e.py[0m:49: in _assert_has_citation
    [0m[94massert[39;49;00m [33m"[39;49;00m[33m[cite:[39;49;00m[33m"[39;49;00m [95min[39;49;00m response[90m[39;49;00m
[1m[31mE   assert '[cite:' in "No data found for your query: 'How many researchers are in Maharashtra?'.\n\n**Search suggestions:**\n• Try broader terms: how or many or researchers\n• Use partial matches: 'how*'\n• Search by author name or institution"[0m
------------------------------ Captured log call -------------------------------
[33mWARNING [0m src.skills.text_to_sql.skill:skill.py:1865 Text-to-SQL attempt 1 failed: Safe SQL builder must not emit SELECT *
[33mWARNING [0m src.skills.text_to_sql.skill:skill.py:1865 Text-to-SQL attempt 2 failed: Safe SQL builder must not emit SELECT *
[33m=============================== warnings summary ===============================[0m
../../../../Library/Frameworks/Python.framework/Versions/3.14/lib/python3.14/site-packages/langchain_core/_api/deprecation.py:25
  /Library/Frameworks/Python.framework/Versions/3.14/lib/python3.14/site-packages/langchain_core/_api/deprecation.py:25: UserWarning: Core Pydantic V1 functionality isn't compatible with Python 3.14 or greater.
    from pydantic.v1.fields import FieldInfo as FieldInfoV1

-- Docs: https://docs.pytest.org/en/stable/how-to/capture-warnings.html
[36m[1m=========================== short test summary info ============================[0m
[31mFAILED[0m tests/integration/test_pipeline_e2e.py::[1mtest_pipeline_sql_path_number_with_citation[0m - assert '[cite:' in "No data found for your query: 'How many researchers are...
[31m========================= [31m[1m1 failed[0m, [33m1 warning[0m[31m in 1.10s[0m[31m =========================[0m
