[1m============================= test session starts ==============================[0m
platform darwin -- Python 3.14.3, pytest-9.0.3, pluggy-1.6.0
rootdir: /Users/srujansai/Desktop/NRG
configfile: pytest.ini (WARNING: ignoring pytest config in pyproject.toml!)
plugins: Faker-40.15.0, cov-7.1.0, locust-2.43.4, xdist-3.8.0, langsmith-0.7.32, asyncio-1.3.0, hypothesis-6.152.2, anyio-4.13.0
asyncio: mode=Mode.AUTO, debug=False, asyncio_default_fixture_loop_scope=None, asyncio_default_test_loop_scope=function
collected 30 items

tests/security/test_red_team_v41.py [31mF[0m[32m.[0m[32m.[0m[32m.[0m[32m.[0m[32m.[0m[32m.[0m[32m.[0m[32m.[0m[32m.[0m[32m.[0m[32m.[0m[32m.[0m[32m.[0m[32m.[0m[32m.[0m[32m.[0m[32m.[0m[32m.[0m[32m.[0m[32m.[0m[32m.[0m[32m.[0m[32m.[0m[32m.[0m[32m.[0m[32m.[0m[32m.[0m[32m.[0m[32m.[0m[31m       [100%][0m

=================================== FAILURES ===================================
[31m[1m________________________ test_rt01_sql_injection_gensql ________________________[0m
[1m[31mtests/security/test_red_team_v41.py[0m:56: in test_rt01_sql_injection_gensql
    [0m[94massert[39;49;00m resp.status_code [95min[39;49;00m ([94m200[39;49;00m, [94m400[39;49;00m, [94m422[39;49;00m), [33mf[39;49;00m[33m"[39;49;00m[33mExpected rejection, got [39;49;00m[33m{[39;49;00mresp.status_code[33m}[39;49;00m[33m"[39;49;00m[90m[39;49;00m
[1m[31mE   AssertionError: Expected rejection, got 429[0m
[1m[31mE   assert 429 in (200, 400, 422)[0m
[1m[31mE    +  where 429 = <Response [429]>.status_code[0m
[33m=============================== warnings summary ===============================[0m
tests/security/test_red_team_v41.py::test_rt07_jwt_key_confusion
  /Library/Frameworks/Python.framework/Versions/3.14/lib/python3.14/site-packages/jwt/api_jwt.py:147: InsecureKeyLengthWarning: The HMAC key is 15 bytes long, which is below the minimum recommended length of 32 bytes for SHA256. See RFC 7518 Section 3.2.
    return self._jws.encode(

-- Docs: https://docs.pytest.org/en/stable/how-to/capture-warnings.html
[36m[1m=========================== short test summary info ============================[0m
[31mFAILED[0m tests/security/test_red_team_v41.py::[1mtest_rt01_sql_injection_gensql[0m - AssertionError: Expected rejection, got 429
[31m=================== [31m[1m1 failed[0m, [32m29 passed[0m, [33m1 warning[0m[31m in 0.76s[0m[31m ====================[0m
