Database URL: postgresql://nrg:nrg_default_password@localhost:5432/nrg

Parsing authoritative schema from db_struct.sql...
  Found 58 tables in db_struct.sql
  7 tables required for Dhairya benchmark

Checking live database schema...
SCHEMA SYNC REPORT
============================================================

✅ No blocking schema drift detected — live DB covers db_struct.sql

ℹ️ EXTRA TABLES in live DB (application-owned, OK) (22):
   + alembic_version
   + audit_event_ids
   + audit_events
   + audit_events_2026
   + audit_events_after_2026
   + audit_events_before_2026
   + audit_events_unpartitioned_d4_backup
   + collaborations
   + funding
   + funding_records
   + institutions
   + keywords
   + labs
   + llm_cost_log
   + patents
   + projects
   + publication_keywords
   + publications
   + research_documents
   + researcher_labs
   + researcher_publications
   + researchers

============================================================
SCHEMA IN SYNC
============================================================
