/Users/srujansai/Desktop/NRG/.venv/lib/python3.11/site-packages/pytest_asyncio/plugin.py:247: PytestDeprecationWarning: The configuration option "asyncio_default_fixture_loop_scope" is unset.
The event loop scope for asynchronous fixtures will default to the fixture caching scope. Future versions of pytest-asyncio will default the loop scope for asynchronous fixtures to function scope. Set the default fixture loop scope explicitly in order to avoid unexpected behavior in the future. Valid fixture loop scopes are: "function", "class", "module", "package", "session"

  warnings.warn(PytestDeprecationWarning(_DEFAULT_FIXTURE_LOOP_SCOPE_UNSET))
[1m============================= test session starts ==============================[0m
platform darwin -- Python 3.11.7, pytest-8.2.2, pluggy-1.6.0 -- /Users/srujansai/Desktop/NRG/.venv/bin/python
cachedir: .pytest_cache
hypothesis profile 'default' -> database=DirectoryBasedExampleDatabase(PosixPath('/Users/srujansai/Desktop/NRG/.hypothesis/examples'))
rootdir: /Users/srujansai/Desktop/NRG
configfile: pytest.ini
plugins: hypothesis-6.100.1, cov-7.1.0, Faker-22.6.0, xdist-3.8.0, rerunfailures-14.0, langsmith-0.7.32, asyncio-1.3.0, anyio-4.13.0
asyncio: mode=Mode.AUTO, debug=False, asyncio_default_fixture_loop_scope=None, asyncio_default_test_loop_scope=function
[1mcollecting ... [0mcollected 41 items / 31 deselected / 10 selected

tests/benchmarks/test_dhairya_adversarial.py::TestDhairyaFailurePatternContracts::test_report_patterns_are_mirrored_in_hall_of_shame [32mPASSED[0m[32m [ 10%][0m
tests/benchmarks/test_dhairya_adversarial.py::TestDhairyaFailurePatternContracts::test_hall_of_shame_documents_required_fields_for_each_pattern [32mPASSED[0m[32m [ 20%][0m
tests/benchmarks/test_dhairya_adversarial.py::TestDhairyaFailurePatternContracts::test_validator_exports_rule_for_each_dhairya_pattern [32mPASSED[0m[32m [ 30%][0m
tests/benchmarks/test_dhairya_adversarial.py::TestDhairyaFailurePatternContracts::test_validator_rejects_each_documented_wrong_sql[P1] [32mPASSED[0m[32m [ 40%][0m
tests/benchmarks/test_dhairya_adversarial.py::TestDhairyaFailurePatternContracts::test_validator_rejects_each_documented_wrong_sql[P2] [32mPASSED[0m[32m [ 50%][0m
tests/benchmarks/test_dhairya_adversarial.py::TestDhairyaFailurePatternContracts::test_validator_rejects_each_documented_wrong_sql[P3] [32mPASSED[0m[32m [ 60%][0m
tests/benchmarks/test_dhairya_adversarial.py::TestDhairyaFailurePatternContracts::test_validator_rejects_each_documented_wrong_sql[P4] [32mPASSED[0m[32m [ 70%][0m
tests/benchmarks/test_dhairya_adversarial.py::TestDhairyaFailurePatternContracts::test_validator_rejects_each_documented_wrong_sql[P5] [32mPASSED[0m[32m [ 80%][0m
tests/benchmarks/test_dhairya_adversarial.py::TestDhairyaFailurePatternContracts::test_validator_rejects_each_documented_wrong_sql[P6] [32mPASSED[0m[32m [ 90%][0m
tests/benchmarks/test_dhairya_adversarial.py::TestDhairyaFailurePatternContracts::test_validator_rejects_each_documented_wrong_sql[P7] [32mPASSED[0m[32m [100%][0m

[32m====================== [32m[1m10 passed[0m, [33m31 deselected[0m[32m in 2.19s[0m[32m =======================[0m
